Archive member included to satisfy reference by file (symbol)

/usr/lib/gcc/arm-none-eabi/12.2.1/thumb/v6-m/nofp/libgcc.a(_dvmd_tls.o)
                              CMakeFiles/blink_led.dir/home/user/pico-sdk/src/rp2_common/pico_divider/divider.S.obj (__aeabi_idiv0)
/usr/lib/gcc/arm-none-eabi/12.2.1/../../../arm-none-eabi/lib/thumb/v6-m/nofp/libc.a(lib_a-atexit.o)
                              /usr/lib/gcc/arm-none-eabi/12.2.1/../../../arm-none-eabi/lib/thumb/v6-m/nofp/crt0.o (atexit)
/usr/lib/gcc/arm-none-eabi/12.2.1/../../../arm-none-eabi/lib/thumb/v6-m/nofp/libc.a(lib_a-calloc.o)
                              CMakeFiles/blink_led.dir/home/user/pico-sdk/src/rp2_common/pico_malloc/pico_malloc.c.obj (calloc)
/usr/lib/gcc/arm-none-eabi/12.2.1/../../../arm-none-eabi/lib/thumb/v6-m/nofp/libc.a(lib_a-callocr.o)
                              /usr/lib/gcc/arm-none-eabi/12.2.1/../../../arm-none-eabi/lib/thumb/v6-m/nofp/libc.a(lib_a-calloc.o) (_calloc_r)
/usr/lib/gcc/arm-none-eabi/12.2.1/../../../arm-none-eabi/lib/thumb/v6-m/nofp/libc.a(lib_a-fini.o)
                              /usr/lib/gcc/arm-none-eabi/12.2.1/../../../arm-none-eabi/lib/thumb/v6-m/nofp/crt0.o (__libc_fini_array)
/usr/lib/gcc/arm-none-eabi/12.2.1/../../../arm-none-eabi/lib/thumb/v6-m/nofp/libc.a(lib_a-impure.o)
                              /usr/lib/gcc/arm-none-eabi/12.2.1/../../../arm-none-eabi/lib/thumb/v6-m/nofp/libc.a(lib_a-calloc.o) (_impure_ptr)
/usr/lib/gcc/arm-none-eabi/12.2.1/../../../arm-none-eabi/lib/thumb/v6-m/nofp/libc.a(lib_a-init.o)
                              /usr/lib/gcc/arm-none-eabi/12.2.1/../../../arm-none-eabi/lib/thumb/v6-m/nofp/crt0.o (__libc_init_array)
/usr/lib/gcc/arm-none-eabi/12.2.1/../../../arm-none-eabi/lib/thumb/v6-m/nofp/libc.a(lib_a-malloc.o)
                              CMakeFiles/blink_led.dir/home/user/pico-sdk/src/rp2_common/pico_malloc/pico_malloc.c.obj (malloc)
/usr/lib/gcc/arm-none-eabi/12.2.1/../../../arm-none-eabi/lib/thumb/v6-m/nofp/libc.a(lib_a-mallocr.o)
                              /usr/lib/gcc/arm-none-eabi/12.2.1/../../../arm-none-eabi/lib/thumb/v6-m/nofp/libc.a(lib_a-callocr.o) (_malloc_r)
/usr/lib/gcc/arm-none-eabi/12.2.1/../../../arm-none-eabi/lib/thumb/v6-m/nofp/libc.a(lib_a-mlock.o)
                              /usr/lib/gcc/arm-none-eabi/12.2.1/../../../arm-none-eabi/lib/thumb/v6-m/nofp/libc.a(lib_a-mallocr.o) (__malloc_lock)
/usr/lib/gcc/arm-none-eabi/12.2.1/../../../arm-none-eabi/lib/thumb/v6-m/nofp/libc.a(lib_a-realloc.o)
                              CMakeFiles/blink_led.dir/home/user/pico-sdk/src/rp2_common/pico_malloc/pico_malloc.c.obj (realloc)
/usr/lib/gcc/arm-none-eabi/12.2.1/../../../arm-none-eabi/lib/thumb/v6-m/nofp/libc.a(lib_a-reallocr.o)
                              /usr/lib/gcc/arm-none-eabi/12.2.1/../../../arm-none-eabi/lib/thumb/v6-m/nofp/libc.a(lib_a-realloc.o) (_realloc_r)
/usr/lib/gcc/arm-none-eabi/12.2.1/../../../arm-none-eabi/lib/thumb/v6-m/nofp/libc.a(lib_a-sbrkr.o)
                              /usr/lib/gcc/arm-none-eabi/12.2.1/../../../arm-none-eabi/lib/thumb/v6-m/nofp/libc.a(lib_a-mallocr.o) (_sbrk_r)
/usr/lib/gcc/arm-none-eabi/12.2.1/../../../arm-none-eabi/lib/thumb/v6-m/nofp/libc.a(lib_a-strlen-stub.o)
                              CMakeFiles/blink_led.dir/home/user/pico-sdk/src/rp2_common/pico_stdio/stdio.c.obj (strlen)
/usr/lib/gcc/arm-none-eabi/12.2.1/../../../arm-none-eabi/lib/thumb/v6-m/nofp/libc.a(lib_a-__atexit.o)
                              /usr/lib/gcc/arm-none-eabi/12.2.1/../../../arm-none-eabi/lib/thumb/v6-m/nofp/libc.a(lib_a-atexit.o) (__register_exitproc)
/usr/lib/gcc/arm-none-eabi/12.2.1/../../../arm-none-eabi/lib/thumb/v6-m/nofp/libc.a(lib_a-freer.o)
                              /usr/lib/gcc/arm-none-eabi/12.2.1/../../../arm-none-eabi/lib/thumb/v6-m/nofp/libc.a(lib_a-malloc.o) (_free_r)
/usr/lib/gcc/arm-none-eabi/12.2.1/../../../arm-none-eabi/lib/thumb/v6-m/nofp/libc.a(lib_a-memmove.o)
                              /usr/lib/gcc/arm-none-eabi/12.2.1/../../../arm-none-eabi/lib/thumb/v6-m/nofp/libc.a(lib_a-reallocr.o) (memmove)
/usr/lib/gcc/arm-none-eabi/12.2.1/../../../arm-none-eabi/lib/thumb/v6-m/nofp/libc.a(lib_a-reent.o)
                              /usr/lib/gcc/arm-none-eabi/12.2.1/../../../arm-none-eabi/lib/thumb/v6-m/nofp/libc.a(lib_a-sbrkr.o) (errno)

Discarded input sections

 .text          0x0000000000000000        0x0 /usr/lib/gcc/arm-none-eabi/12.2.1/thumb/v6-m/nofp/crti.o
 .data          0x0000000000000000        0x0 /usr/lib/gcc/arm-none-eabi/12.2.1/thumb/v6-m/nofp/crti.o
 .bss           0x0000000000000000        0x0 /usr/lib/gcc/arm-none-eabi/12.2.1/thumb/v6-m/nofp/crti.o
 .data          0x0000000000000000        0x4 /usr/lib/gcc/arm-none-eabi/12.2.1/thumb/v6-m/nofp/crtbegin.o
 .rodata        0x0000000000000000       0x24 /usr/lib/gcc/arm-none-eabi/12.2.1/thumb/v6-m/nofp/crtbegin.o
 .fini_array    0x0000000000000000        0x4 /usr/lib/gcc/arm-none-eabi/12.2.1/thumb/v6-m/nofp/crtbegin.o
[...]
Memory Configuration

Name             Origin             Length             Attributes
FLASH            0x0000000010000000 0x0000000000200000 xr
RAM              0x0000000020000000 0x0000000000040000 xrw
SCRATCH_X        0x0000000020040000 0x0000000000001000 xrw
SCRATCH_Y        0x0000000020041000 0x0000000000001000 xrw
*default*        0x0000000000000000 0xffffffffffffffff

Linker script and memory map

LOAD /usr/lib/gcc/arm-none-eabi/12.2.1/thumb/v6-m/nofp/crti.o
LOAD /usr/lib/gcc/arm-none-eabi/12.2.1/thumb/v6-m/nofp/crtbegin.o
LOAD /usr/lib/gcc/arm-none-eabi/12.2.1/../../../arm-none-eabi/lib/thumb/v6-m/nofp/crt0.o

.flash_begin    0x0000000010000000        0x0
                0x0000000010000000                __flash_binary_start = .

.boot2          0x0000000010000000      0x100
                0x0000000010000000                __boot2_start__ = .
 *(.boot2)
 .boot2         0x0000000010000000      0x100 /tmp/ccRPdHKW.o
                0x0000000010000100                __boot2_end__ = .
                0x0000000000000001                ASSERT (((__boot2_end__ - __boot2_start__) == 0x100), ERROR: Pico second stage bootloader must be 256 bytes in size)

.text           0x0000000010000100     0x45f8
                0x0000000010000100                __logical_binary_start = .
 *(.vectors)
 .vectors       0x0000000010000100       0xd4 CMakeFiles/blink_led.dir/home/user/pico-sdk/src/rp2_common/pico_standard_link/crt0.S.obj
                0x0000000010000100                __vectors
                0x0000000010000100                __VECTOR_TABLE
                0x00000000100001c0                isr_invalid
                0x00000000100001c0                __default_isrs_start
                0x00000000100001c2                isr_nmi
                0x00000000100001c4                isr_hardfault
                0x00000000100001c6                isr_svcall
                0x00000000100001c8                isr_pendsv
                0x00000000100001ca                isr_systick
                0x00000000100001cc                isr_irq30
                0x00000000100001cc                __unhandled_user_irq
                0x00000000100001cc                isr_irq13
                0x00000000100001cc                isr_irq27
                0x00000000100001cc                isr_irq31
                0x00000000100001cc                isr_irq5
                0x00000000100001cc                isr_irq11
                0x00000000100001cc                isr_irq23
                0x00000000100001cc                isr_irq18
                0x00000000100001cc                isr_irq28
                0x00000000100001cc                isr_irq19
                0x00000000100001cc                isr_irq0
                0x00000000100001cc                isr_irq6
                0x00000000100001cc                isr_irq22
                0x00000000100001cc                isr_irq17
                0x00000000100001cc                isr_irq14
                0x00000000100001cc                isr_irq2
                0x00000000100001cc                isr_irq10
                0x00000000100001cc                isr_irq8
                0x00000000100001cc                isr_irq24
                0x00000000100001cc                isr_irq1
                0x00000000100001cc                isr_irq7
                0x00000000100001cc                isr_irq21
                0x00000000100001cc                isr_irq20
                0x00000000100001cc                isr_irq15
                0x00000000100001cc                isr_irq25
                0x00000000100001cc                isr_irq4
                0x00000000100001cc                isr_irq16
                0x00000000100001cc                isr_irq29
                0x00000000100001cc                isr_irq26
                0x00000000100001cc                __default_isrs_end
                0x00000000100001cc                isr_irq3
                0x00000000100001cc                isr_irq12
                0x00000000100001cc                isr_irq9
                0x00000000100001d2                unhandled_user_irq_num_in_r0
 *(.binary_info_header)
 .binary_info_header
                0x00000000100001d4       0x14 CMakeFiles/blink_led.dir/home/user/pico-sdk/src/rp2_common/pico_standard_link/crt0.S.obj
                0x00000000100001e8                __binary_info_header_end = .
 *(.reset)
 .reset         0x00000000100001e8       0xa0 CMakeFiles/blink_led.dir/home/user/pico-sdk/src/rp2_common/pico_standard_link/crt0.S.obj
                0x00000000100001e8                _entry_point
 .reset         0x0000000010000288       0x30 CMakeFiles/blink_led.dir/home/user/pico-sdk/src/rp2_common/pico_standard_link/binary_info.c.obj
 *(.init)
 .init          0x00000000100002b8        0x4 /usr/lib/gcc/arm-none-eabi/12.2.1/thumb/v6-m/nofp/crti.o
                0x00000000100002b8                _init
 *(EXCLUDE_FILE(*libm.a: *libc.a:*lib_a-mem*.o *libgcc.a:) .text*)
 .text          0x00000000100002bc       0x98 /usr/lib/gcc/arm-none-eabi/12.2.1/thumb/v6-m/nofp/crtbegin.o
 .text.startup.main
                0x0000000010000354       0x78 CMakeFiles/blink_led.dir/usb.c.obj
                0x0000000010000354                main
 .text.gpio_init
                0x00000000100003cc       0x3c CMakeFiles/blink_led.dir/home/user/pico-sdk/src/rp2_common/hardware_gpio/gpio.c.obj
                0x00000000100003cc                gpio_init
 .text.running_on_fpga
                0x0000000010000408       0x10 CMakeFiles/blink_led.dir/home/user/pico-sdk/src/rp2_common/pico_platform/platform.c.obj
                0x0000000010000408                running_on_fpga
 .text.hw_claim_or_assert
                0x0000000010000418       0x44 CMakeFiles/blink_led.dir/home/user/pico-sdk/src/rp2_common/hardware_claim/claim.c.obj
                0x0000000010000418                hw_claim_or_assert
 .text.hw_claim_unused_from_range
                0x000000001000045c       0x9c CMakeFiles/blink_led.dir/home/user/pico-sdk/src/rp2_common/hardware_claim/claim.c.obj
                0x000000001000045c                hw_claim_unused_from_range
 .text.spin_locks_reset
                0x00000000100004f8       0x1c CMakeFiles/blink_led.dir/home/user/pico-sdk/src/rp2_common/hardware_sync/sync.c.obj
                0x00000000100004f8                spin_locks_reset
 .text.next_striped_spin_lock_num
                0x0000000010000514       0x18 CMakeFiles/blink_led.dir/home/user/pico-sdk/src/rp2_common/hardware_sync/sync.c.obj
                0x0000000010000514                next_striped_spin_lock_num
 .text.spin_lock_claim_unused
                0x000000001000052c       0x24 CMakeFiles/blink_led.dir/home/user/pico-sdk/src/rp2_common/hardware_sync/sync.c.obj
                0x000000001000052c                spin_lock_claim_unused
 .text.irq_set_enabled
                0x0000000010000550       0x24 CMakeFiles/blink_led.dir/home/user/pico-sdk/src/rp2_common/hardware_irq/irq.c.obj
                0x0000000010000550                irq_set_enabled
 .text.irq_set_pending
                0x0000000010000574       0x10 CMakeFiles/blink_led.dir/home/user/pico-sdk/src/rp2_common/hardware_irq/irq.c.obj
                0x0000000010000574                irq_set_pending
 .text.irq_has_shared_handler
                0x0000000010000584       0x2c CMakeFiles/blink_led.dir/home/user/pico-sdk/src/rp2_common/hardware_irq/irq.c.obj
                0x0000000010000584                irq_has_shared_handler
 .text.irq_get_vtable_handler
                0x00000000100005b0       0x10 CMakeFiles/blink_led.dir/home/user/pico-sdk/src/rp2_common/hardware_irq/irq.c.obj
                0x00000000100005b0                irq_get_vtable_handler
 .text.irq_set_exclusive_handler
                0x00000000100005c0       0x54 CMakeFiles/blink_led.dir/home/user/pico-sdk/src/rp2_common/hardware_irq/irq.c.obj
                0x00000000100005c0                irq_set_exclusive_handler
 .text.irq_add_shared_handler
                0x0000000010000614      0x1f4 CMakeFiles/blink_led.dir/home/user/pico-sdk/src/rp2_common/hardware_irq/irq.c.obj
                0x0000000010000614                irq_add_shared_handler
 .text.irq_remove_handler
                0x0000000010000808      0x1c4 CMakeFiles/blink_led.dir/home/user/pico-sdk/src/rp2_common/hardware_irq/irq.c.obj
                0x0000000010000808                irq_remove_handler
 .text.irq_add_tail_to_free_list
                0x00000000100009cc       0xb4 CMakeFiles/blink_led.dir/home/user/pico-sdk/src/rp2_common/hardware_irq/irq.c.obj
                0x00000000100009cc                irq_add_tail_to_free_list
 .text.irq_init_priorities
                0x0000000010000a80       0x24 CMakeFiles/blink_led.dir/home/user/pico-sdk/src/rp2_common/hardware_irq/irq.c.obj
                0x0000000010000a80                irq_init_priorities
 .text.user_irq_claim_unused
                0x0000000010000aa4       0x2c CMakeFiles/blink_led.dir/home/user/pico-sdk/src/rp2_common/hardware_irq/irq.c.obj
                0x0000000010000aa4                user_irq_claim_unused
 .text.lock_init
                0x0000000010000ad0       0x10 CMakeFiles/blink_led.dir/home/user/pico-sdk/src/common/pico_sync/lock_core.c.obj
                0x0000000010000ad0                lock_init
 .text.mutex_init
                0x0000000010000ae0       0x1c CMakeFiles/blink_led.dir/home/user/pico-sdk/src/common/pico_sync/mutex.c.obj
                0x0000000010000ae0                mutex_init
 .text.recursive_mutex_init
                0x0000000010000afc       0x1c CMakeFiles/blink_led.dir/home/user/pico-sdk/src/common/pico_sync/mutex.c.obj
                0x0000000010000afc                recursive_mutex_init
 .text.critical_section_init
                0x0000000010000b18       0x1c CMakeFiles/blink_led.dir/home/user/pico-sdk/src/common/pico_sync/critical_section.c.obj
                0x0000000010000b18                critical_section_init
 .text.critical_section_init_with_lock_num
                0x0000000010000b34       0x14 CMakeFiles/blink_led.dir/home/user/pico-sdk/src/common/pico_sync/critical_section.c.obj
                0x0000000010000b34                critical_section_init_with_lock_num
 .text.timer_pool_entry_comparator
                0x0000000010000b48       0x34 CMakeFiles/blink_led.dir/home/user/pico-sdk/src/common/pico_time/time.c.obj
                0x0000000010000b48                timer_pool_entry_comparator
 .text.sleep_until_callback
                0x0000000010000b7c       0x30 CMakeFiles/blink_led.dir/home/user/pico-sdk/src/common/pico_time/time.c.obj
 .text.add_alarm_under_lock.isra.0
                0x0000000010000bac      0x100 CMakeFiles/blink_led.dir/home/user/pico-sdk/src/common/pico_time/time.c.obj
 .text.alarm_pool_alarm_callback
                0x0000000010000cac      0x1c0 CMakeFiles/blink_led.dir/home/user/pico-sdk/src/common/pico_time/time.c.obj
 .text.alarm_pool_init_default
                0x0000000010000e6c       0x6c CMakeFiles/blink_led.dir/home/user/pico-sdk/src/common/pico_time/time.c.obj
                0x0000000010000e6c                alarm_pool_init_default
 .text.alarm_pool_get_default
                0x0000000010000ed8        0x8 CMakeFiles/blink_led.dir/home/user/pico-sdk/src/common/pico_time/time.c.obj
                0x0000000010000ed8                alarm_pool_get_default
 .text.alarm_pool_add_alarm_at
                0x0000000010000ee0      0x188 CMakeFiles/blink_led.dir/home/user/pico-sdk/src/common/pico_time/time.c.obj
                0x0000000010000ee0                alarm_pool_add_alarm_at
 .text.alarm_pool_core_num
                0x0000000010001068        0x4 CMakeFiles/blink_led.dir/home/user/pico-sdk/src/common/pico_time/time.c.obj
                0x0000000010001068                alarm_pool_core_num
 .text.best_effort_wfe_or_timeout
                0x000000001000106c       0xec CMakeFiles/blink_led.dir/home/user/pico-sdk/src/common/pico_time/time.c.obj
                0x000000001000106c                best_effort_wfe_or_timeout
 .text.hardware_alarm_irq_handler
                0x0000000010001158       0xbc CMakeFiles/blink_led.dir/home/user/pico-sdk/src/rp2_common/hardware_timer/timer.c.obj
 .text.hardware_alarm_claim
                0x0000000010001214       0x18 CMakeFiles/blink_led.dir/home/user/pico-sdk/src/rp2_common/hardware_timer/timer.c.obj
                0x0000000010001214                hardware_alarm_claim
 .text.time_us_64
                0x000000001000122c       0x14 CMakeFiles/blink_led.dir/home/user/pico-sdk/src/rp2_common/hardware_timer/timer.c.obj
                0x000000001000122c                time_us_64
 .text.busy_wait_us
                0x0000000010001240       0x68 CMakeFiles/blink_led.dir/home/user/pico-sdk/src/rp2_common/hardware_timer/timer.c.obj
                0x0000000010001240                busy_wait_us
 .text.hardware_alarm_set_callback
                0x00000000100012a8       0x8c CMakeFiles/blink_led.dir/home/user/pico-sdk/src/rp2_common/hardware_timer/timer.c.obj
                0x00000000100012a8                hardware_alarm_set_callback
 .text.hardware_alarm_set_target
                0x0000000010001334       0xd0 CMakeFiles/blink_led.dir/home/user/pico-sdk/src/rp2_common/hardware_timer/timer.c.obj
                0x0000000010001334                hardware_alarm_set_target
 .text.hardware_alarm_cancel
                0x0000000010001404       0x3c CMakeFiles/blink_led.dir/home/user/pico-sdk/src/rp2_common/hardware_timer/timer.c.obj
                0x0000000010001404                hardware_alarm_cancel
 .text.ph_merge_nodes
                0x0000000010001440       0x64 CMakeFiles/blink_led.dir/home/user/pico-sdk/src/common/pico_util/pheap.c.obj
 .text.ph_post_alloc_init
                0x00000000100014a4       0x3c CMakeFiles/blink_led.dir/home/user/pico-sdk/src/common/pico_util/pheap.c.obj
                0x00000000100014a4                ph_post_alloc_init
 .text.ph_merge_two_pass
                0x00000000100014e0       0x98 CMakeFiles/blink_led.dir/home/user/pico-sdk/src/common/pico_util/pheap.c.obj
                0x00000000100014e0                ph_merge_two_pass
 .text.ph_remove_any_head
                0x0000000010001578      0x100 CMakeFiles/blink_led.dir/home/user/pico-sdk/src/common/pico_util/pheap.c.obj
 .text.ph_remove_head
                0x0000000010001678      0x104 CMakeFiles/blink_led.dir/home/user/pico-sdk/src/common/pico_util/pheap.c.obj
                0x0000000010001678                ph_remove_head
 .text.ph_remove_and_free_node
                0x000000001000177c       0x78 CMakeFiles/blink_led.dir/home/user/pico-sdk/src/common/pico_util/pheap.c.obj
                0x000000001000177c                ph_remove_and_free_node
 .text.clocks_init
                0x00000000100017f4      0x2c8 CMakeFiles/blink_led.dir/home/user/pico-sdk/src/rp2_common/hardware_clocks/clocks.c.obj
                0x00000000100017f4                clocks_init
 .text.pll_init
                0x0000000010001abc       0xa0 CMakeFiles/blink_led.dir/home/user/pico-sdk/src/rp2_common/hardware_pll/pll.c.obj
                0x0000000010001abc                pll_init
 .text.watchdog_start_tick
                0x0000000010001b5c       0x10 CMakeFiles/blink_led.dir/home/user/pico-sdk/src/rp2_common/hardware_watchdog/watchdog.c.obj
                0x0000000010001b5c                watchdog_start_tick
 .text.watchdog_reboot
                0x0000000010001b6c       0x9c CMakeFiles/blink_led.dir/home/user/pico-sdk/src/rp2_common/hardware_watchdog/watchdog.c.obj
                0x0000000010001b6c                watchdog_reboot
 .text.xosc_init
                0x0000000010001c08       0x28 CMakeFiles/blink_led.dir/home/user/pico-sdk/src/rp2_common/hardware_xosc/xosc.c.obj
                0x0000000010001c08                xosc_init
 .text.runtime_init
                0x0000000010001c30       0xf0 CMakeFiles/blink_led.dir/home/user/pico-sdk/src/rp2_common/pico_runtime/runtime.c.obj
                0x0000000010001c30                runtime_init
 .text._exit    0x0000000010001d20        0x4 CMakeFiles/blink_led.dir/home/user/pico-sdk/src/rp2_common/pico_runtime/runtime.c.obj
                0x0000000010001d20                _exit
 .text.exit     0x0000000010001d24        0x8 CMakeFiles/blink_led.dir/home/user/pico-sdk/src/rp2_common/pico_runtime/runtime.c.obj
                0x0000000010001d24                exit
 .text.panic    0x0000000010001d2c       0x30 CMakeFiles/blink_led.dir/home/user/pico-sdk/src/rp2_common/pico_runtime/runtime.c.obj
                0x0000000010001d2c                panic
 .text.hard_assertion_failure
                0x0000000010001d5c        0xc CMakeFiles/blink_led.dir/home/user/pico-sdk/src/rp2_common/pico_runtime/runtime.c.obj
                0x0000000010001d5c                hard_assertion_failure
 .text._out_char
                0x0000000010001d68       0x10 CMakeFiles/blink_led.dir/home/user/pico-sdk/src/rp2_common/pico_printf/printf.c.obj
 .text.weak_raw_vprintf
                0x0000000010001d78       0x30 CMakeFiles/blink_led.dir/home/user/pico-sdk/src/rp2_common/pico_printf/printf.c.obj
                0x0000000010001d78                weak_raw_vprintf
 .text          0x0000000010001da8       0x10 CMakeFiles/blink_led.dir/home/user/pico-sdk/src/rp2_common/pico_bit_ops/bit_ops_aeabi.S.obj
 .text.rom_func_lookup
                0x0000000010001db8       0x10 CMakeFiles/blink_led.dir/home/user/pico-sdk/src/rp2_common/pico_bootrom/bootrom.c.obj
                0x0000000010001db8                rom_func_lookup
 .text.rom_data_lookup
                0x0000000010001dc8       0x10 CMakeFiles/blink_led.dir/home/user/pico-sdk/src/rp2_common/pico_bootrom/bootrom.c.obj
                0x0000000010001dc8                rom_data_lookup
 .text.rom_funcs_lookup
                0x0000000010001dd8       0x44 CMakeFiles/blink_led.dir/home/user/pico-sdk/src/rp2_common/pico_bootrom/bootrom.c.obj
                0x0000000010001dd8                rom_funcs_lookup
 .text.__wrap___aeabi_uidiv
                0x0000000010001e1c       0x4c CMakeFiles/blink_led.dir/home/user/pico-sdk/src/rp2_common/pico_divider/divider.S.obj
                0x0000000010001e1c                __wrap___aeabi_uidiv
                0x0000000010001e1c                __wrap___aeabi_uidivmod
                0x0000000010001e1c                div_u32u32
                0x0000000010001e1c                divmod_u32u32
                0x0000000010001e24                divmod_u32u32_unsafe
                0x0000000010001e4c                divmod_u32u32_savestate
 .text.__aeabi_double_init
                0x0000000010001e68       0x98 CMakeFiles/blink_led.dir/home/user/pico-sdk/src/rp2_common/pico_double/double_init_rom.c.obj
                0x0000000010001e68                __aeabi_double_init
 .text.double_table_shim_on_use_helper
                0x0000000010001f00       0x2c CMakeFiles/blink_led.dir/home/user/pico-sdk/src/rp2_common/pico_double/double_v1_rom_shim.S.obj
                0x0000000010001f00                double_table_shim_on_use_helper
 .text.__aeabi_lmul
                0x0000000010001f2c       0x32 CMakeFiles/blink_led.dir/home/user/pico-sdk/src/rp2_common/pico_int64_ops/pico_int64_ops_aeabi.S.obj
                0x0000000010001f2c                __wrap___aeabi_lmul
 *fill*         0x0000000010001f5e        0x2 
 .text.__aeabi_float_init
                0x0000000010001f60       0x64 CMakeFiles/blink_led.dir/home/user/pico-sdk/src/rp2_common/pico_float/float_init_rom.c.obj
                0x0000000010001f60                __aeabi_float_init
 .text.float_table_shim_on_use_helper
                0x0000000010001fc4       0x2c CMakeFiles/blink_led.dir/home/user/pico-sdk/src/rp2_common/pico_float/float_v1_rom_shim.S.obj
                0x0000000010001fc4                float_table_shim_on_use_helper
 .text          0x0000000010001ff0       0x10 CMakeFiles/blink_led.dir/home/user/pico-sdk/src/rp2_common/pico_mem_ops/mem_ops_aeabi.S.obj
                0x0000000010001ff0                __aeabi_mem_init
 .text.memset   0x0000000010002000        0xc CMakeFiles/blink_led.dir/home/user/pico-sdk/src/rp2_common/pico_mem_ops/mem_ops_aeabi.S.obj
                0x0000000010002000                __wrap_memset
 .text.memcpy   0x000000001000200c        0xc CMakeFiles/blink_led.dir/home/user/pico-sdk/src/rp2_common/pico_mem_ops/mem_ops_aeabi.S.obj
                0x000000001000200c                __wrap___aeabi_memcpy
                0x000000001000200c                __wrap_memcpy
 .text.stdio_out_chars_crlf
                0x0000000010002018       0xbc CMakeFiles/blink_led.dir/home/user/pico-sdk/src/rp2_common/pico_stdio/stdio.c.obj
 .text.__wrap_putchar
                0x00000000100020d4       0x98 CMakeFiles/blink_led.dir/home/user/pico-sdk/src/rp2_common/pico_stdio/stdio.c.obj
                0x00000000100020d4                __wrap_putchar
 .text.__wrap_puts
                0x000000001000216c       0xe0 CMakeFiles/blink_led.dir/home/user/pico-sdk/src/rp2_common/pico_stdio/stdio.c.obj
                0x000000001000216c                __wrap_puts
 .text.stdio_set_driver_enabled
                0x000000001000224c       0x30 CMakeFiles/blink_led.dir/home/user/pico-sdk/src/rp2_common/pico_stdio/stdio.c.obj
                0x000000001000224c                stdio_set_driver_enabled
 .text.stdio_init_all
                0x000000001000227c        0x8 CMakeFiles/blink_led.dir/home/user/pico-sdk/src/rp2_common/pico_stdio/stdio.c.obj
                0x000000001000227c                stdio_init_all
 .text.__wrap_getchar
                0x0000000010002284       0x7c CMakeFiles/blink_led.dir/home/user/pico-sdk/src/rp2_common/pico_stdio/stdio.c.obj
                0x0000000010002284                __wrap_getchar
 .text.resetd_init
                0x0000000010002300        0x4 CMakeFiles/blink_led.dir/home/user/pico-sdk/src/rp2_common/pico_stdio_usb/reset_interface.c.obj
 .text.resetd_reset
                0x0000000010002304        0xc CMakeFiles/blink_led.dir/home/user/pico-sdk/src/rp2_common/pico_stdio_usb/reset_interface.c.obj
 .text.resetd_open
                0x0000000010002310       0x28 CMakeFiles/blink_led.dir/home/user/pico-sdk/src/rp2_common/pico_stdio_usb/reset_interface.c.obj
 .text.resetd_xfer_cb
                0x0000000010002338        0x4 CMakeFiles/blink_led.dir/home/user/pico-sdk/src/rp2_common/pico_stdio_usb/reset_interface.c.obj
 .text.resetd_control_xfer_cb
                0x000000001000233c       0x60 CMakeFiles/blink_led.dir/home/user/pico-sdk/src/rp2_common/pico_stdio_usb/reset_interface.c.obj
 .text.usbd_app_driver_get_cb
                0x000000001000239c        0xc CMakeFiles/blink_led.dir/home/user/pico-sdk/src/rp2_common/pico_stdio_usb/reset_interface.c.obj
                0x000000001000239c                usbd_app_driver_get_cb
 .text.tud_cdc_line_coding_cb
                0x00000000100023a8       0x34 CMakeFiles/blink_led.dir/home/user/pico-sdk/src/rp2_common/pico_stdio_usb/reset_interface.c.obj
                0x00000000100023a8                tud_cdc_line_coding_cb
 .text.stdio_usb_set_chars_available_callback
                0x00000000100023dc       0x14 CMakeFiles/blink_led.dir/home/user/pico-sdk/src/rp2_common/pico_stdio_usb/stdio_usb.c.obj
                0x00000000100023dc                stdio_usb_set_chars_available_callback
 .text.usb_irq  0x00000000100023f0       0x10 CMakeFiles/blink_led.dir/home/user/pico-sdk/src/rp2_common/pico_stdio_usb/stdio_usb.c.obj
 .text.timer_task
                0x0000000010002400       0x54 CMakeFiles/blink_led.dir/home/user/pico-sdk/src/rp2_common/pico_stdio_usb/stdio_usb.c.obj
 .text.stdio_usb_in_chars
                0x0000000010002454       0x90 CMakeFiles/blink_led.dir/home/user/pico-sdk/src/rp2_common/pico_stdio_usb/stdio_usb.c.obj
                0x0000000010002454                stdio_usb_in_chars
 .text.stdio_usb_out_chars
                0x00000000100024e4      0x104 CMakeFiles/blink_led.dir/home/user/pico-sdk/src/rp2_common/pico_stdio_usb/stdio_usb.c.obj
 .text.low_priority_worker_irq
                0x00000000100025e8       0xa8 CMakeFiles/blink_led.dir/home/user/pico-sdk/src/rp2_common/pico_stdio_usb/stdio_usb.c.obj
 .text.tud_cdc_rx_cb
                0x0000000010002690       0x20 CMakeFiles/blink_led.dir/home/user/pico-sdk/src/rp2_common/pico_stdio_usb/stdio_usb.c.obj
                0x0000000010002690                tud_cdc_rx_cb
 .text.stdio_usb_init
                0x00000000100026b0       0xe0 CMakeFiles/blink_led.dir/home/user/pico-sdk/src/rp2_common/pico_stdio_usb/stdio_usb.c.obj
                0x00000000100026b0                stdio_usb_init
 .text.tud_descriptor_device_cb
                0x0000000010002790        0x8 CMakeFiles/blink_led.dir/home/user/pico-sdk/src/rp2_common/pico_stdio_usb/stdio_usb_descriptors.c.obj
                0x0000000010002790                tud_descriptor_device_cb
 .text.tud_descriptor_configuration_cb
                0x0000000010002798        0x8 CMakeFiles/blink_led.dir/home/user/pico-sdk/src/rp2_common/pico_stdio_usb/stdio_usb_descriptors.c.obj
                0x0000000010002798                tud_descriptor_configuration_cb
 .text.tud_descriptor_string_cb
                0x00000000100027a0       0x78 CMakeFiles/blink_led.dir/home/user/pico-sdk/src/rp2_common/pico_stdio_usb/stdio_usb_descriptors.c.obj
                0x00000000100027a0                tud_descriptor_string_cb
 .text.startup._retrieve_unique_id_on_boot
                0x0000000010002818       0x10 CMakeFiles/blink_led.dir/home/user/pico-sdk/src/rp2_common/pico_unique_id/unique_id.c.obj
 .text.pico_get_unique_board_id_string
                0x0000000010002828      0x1a8 CMakeFiles/blink_led.dir/home/user/pico-sdk/src/rp2_common/pico_unique_id/unique_id.c.obj
                0x0000000010002828                pico_get_unique_board_id_string
 .text.flash_get_unique_id
                0x00000000100029d0       0x40 CMakeFiles/blink_led.dir/home/user/pico-sdk/src/rp2_common/hardware_flash/flash.c.obj
                0x00000000100029d0                flash_get_unique_id
 .text.dcd_int_enable
                0x0000000010002a10        0xc CMakeFiles/blink_led.dir/home/user/pico-sdk/lib/tinyusb/src/portable/raspberrypi/rp2040/dcd_rp2040.c.obj
                0x0000000010002a10                dcd_int_enable
 .text.dcd_set_address
                0x0000000010002a1c       0x14 CMakeFiles/blink_led.dir/home/user/pico-sdk/lib/tinyusb/src/portable/raspberrypi/rp2040/dcd_rp2040.c.obj
                0x0000000010002a1c                dcd_set_address
 .text.dcd_connect
                0x0000000010002a30       0x10 CMakeFiles/blink_led.dir/home/user/pico-sdk/lib/tinyusb/src/portable/raspberrypi/rp2040/dcd_rp2040.c.obj
                0x0000000010002a30                dcd_connect
 .text.dcd_init
                0x0000000010002a40       0x98 CMakeFiles/blink_led.dir/home/user/pico-sdk/lib/tinyusb/src/portable/raspberrypi/rp2040/dcd_rp2040.c.obj
                0x0000000010002a40                dcd_init
 .text.dcd_edpt0_status_complete
                0x0000000010002ad8       0x1c CMakeFiles/blink_led.dir/home/user/pico-sdk/lib/tinyusb/src/portable/raspberrypi/rp2040/dcd_rp2040.c.obj
                0x0000000010002ad8                dcd_edpt0_status_complete
 .text.dcd_edpt_open
                0x0000000010002af4      0x108 CMakeFiles/blink_led.dir/home/user/pico-sdk/lib/tinyusb/src/portable/raspberrypi/rp2040/dcd_rp2040.c.obj
                0x0000000010002af4                dcd_edpt_open
 .text.dcd_edpt_close_all
                0x0000000010002bfc        0x8 CMakeFiles/blink_led.dir/home/user/pico-sdk/lib/tinyusb/src/portable/raspberrypi/rp2040/dcd_rp2040.c.obj
                0x0000000010002bfc                dcd_edpt_close_all
 .text.dcd_edpt_xfer
                0x0000000010002c04       0x24 CMakeFiles/blink_led.dir/home/user/pico-sdk/lib/tinyusb/src/portable/raspberrypi/rp2040/dcd_rp2040.c.obj
                0x0000000010002c04                dcd_edpt_xfer
 .text.dcd_edpt_stall
                0x0000000010002c28       0x38 CMakeFiles/blink_led.dir/home/user/pico-sdk/lib/tinyusb/src/portable/raspberrypi/rp2040/dcd_rp2040.c.obj
                0x0000000010002c28                dcd_edpt_stall
 .text.dcd_edpt_clear_stall
                0x0000000010002c60       0x30 CMakeFiles/blink_led.dir/home/user/pico-sdk/lib/tinyusb/src/portable/raspberrypi/rp2040/dcd_rp2040.c.obj
                0x0000000010002c60                dcd_edpt_clear_stall
 .text.rp2040_usb_init
                0x0000000010002c90       0x4c CMakeFiles/blink_led.dir/home/user/pico-sdk/lib/tinyusb/src/portable/raspberrypi/rp2040/rp2040_usb.c.obj
                0x0000000010002c90                rp2040_usb_init
 .text.hw_endpoint_xfer_start
                0x0000000010002cdc       0x40 CMakeFiles/blink_led.dir/home/user/pico-sdk/lib/tinyusb/src/portable/raspberrypi/rp2040/rp2040_usb.c.obj
                0x0000000010002cdc                hw_endpoint_xfer_start
 .text.tud_mounted
                0x0000000010002d1c       0x10 CMakeFiles/blink_led.dir/home/user/pico-sdk/lib/tinyusb/src/device/usbd.c.obj
                0x0000000010002d1c                tud_mounted
 .text.tud_suspended
                0x0000000010002d2c       0x10 CMakeFiles/blink_led.dir/home/user/pico-sdk/lib/tinyusb/src/device/usbd.c.obj
                0x0000000010002d2c                tud_suspended
 .text.tud_init
                0x0000000010002d3c       0xd8 CMakeFiles/blink_led.dir/home/user/pico-sdk/lib/tinyusb/src/device/usbd.c.obj
                0x0000000010002d3c                tud_init
 .text.tud_task_ext
                0x0000000010002e14      0x8b4 CMakeFiles/blink_led.dir/home/user/pico-sdk/lib/tinyusb/src/device/usbd.c.obj
                0x0000000010002e14                tud_task_ext
 .text.usbd_open_edpt_pair
                0x00000000100036c8       0x9c CMakeFiles/blink_led.dir/home/user/pico-sdk/lib/tinyusb/src/device/usbd.c.obj
                0x00000000100036c8                usbd_open_edpt_pair
 .text.usbd_defer_func
                0x0000000010003764       0x48 CMakeFiles/blink_led.dir/home/user/pico-sdk/lib/tinyusb/src/device/usbd.c.obj
                0x0000000010003764                usbd_defer_func
 .text.usbd_edpt_open
                0x00000000100037ac       0x34 CMakeFiles/blink_led.dir/home/user/pico-sdk/lib/tinyusb/src/device/usbd.c.obj
                0x00000000100037ac                usbd_edpt_open
 .text.usbd_edpt_claim
                0x00000000100037e0       0x28 CMakeFiles/blink_led.dir/home/user/pico-sdk/lib/tinyusb/src/device/usbd.c.obj
                0x00000000100037e0                usbd_edpt_claim
 .text.usbd_edpt_release
                0x0000000010003808       0x28 CMakeFiles/blink_led.dir/home/user/pico-sdk/lib/tinyusb/src/device/usbd.c.obj
                0x0000000010003808                usbd_edpt_release
 .text.usbd_edpt_xfer
                0x0000000010003830       0x4c CMakeFiles/blink_led.dir/home/user/pico-sdk/lib/tinyusb/src/device/usbd.c.obj
                0x0000000010003830                usbd_edpt_xfer
 .text.tud_control_status
                0x000000001000387c       0x2c CMakeFiles/blink_led.dir/home/user/pico-sdk/lib/tinyusb/src/device/usbd_control.c.obj
                0x000000001000387c                tud_control_status
 .text.tud_control_xfer
                0x00000000100038a8       0xac CMakeFiles/blink_led.dir/home/user/pico-sdk/lib/tinyusb/src/device/usbd_control.c.obj
                0x00000000100038a8                tud_control_xfer
 .text.usbd_control_reset
                0x0000000010003954       0x14 CMakeFiles/blink_led.dir/home/user/pico-sdk/lib/tinyusb/src/device/usbd_control.c.obj
                0x0000000010003954                usbd_control_reset
 .text.usbd_control_set_complete_callback
                0x0000000010003968        0xc CMakeFiles/blink_led.dir/home/user/pico-sdk/lib/tinyusb/src/device/usbd_control.c.obj
                0x0000000010003968                usbd_control_set_complete_callback
 .text.usbd_control_set_request
                0x0000000010003974       0x1c CMakeFiles/blink_led.dir/home/user/pico-sdk/lib/tinyusb/src/device/usbd_control.c.obj
                0x0000000010003974                usbd_control_set_request
 .text.usbd_control_xfer_cb
                0x0000000010003990       0xf4 CMakeFiles/blink_led.dir/home/user/pico-sdk/lib/tinyusb/src/device/usbd_control.c.obj
                0x0000000010003990                usbd_control_xfer_cb
 .text.tud_cdc_n_connected
                0x0000000010003a84       0x30 CMakeFiles/blink_led.dir/home/user/pico-sdk/lib/tinyusb/src/class/cdc/cdc_device.c.obj
                0x0000000010003a84                tud_cdc_n_connected
 .text.tud_cdc_n_available
                0x0000000010003ab4       0x18 CMakeFiles/blink_led.dir/home/user/pico-sdk/lib/tinyusb/src/class/cdc/cdc_device.c.obj
                0x0000000010003ab4                tud_cdc_n_available
 .text.tud_cdc_n_read
                0x0000000010003acc       0x88 CMakeFiles/blink_led.dir/home/user/pico-sdk/lib/tinyusb/src/class/cdc/cdc_device.c.obj
                0x0000000010003acc                tud_cdc_n_read
 .text.tud_cdc_n_write_flush
                0x0000000010003b54       0x78 CMakeFiles/blink_led.dir/home/user/pico-sdk/lib/tinyusb/src/class/cdc/cdc_device.c.obj
                0x0000000010003b54                tud_cdc_n_write_flush
 .text.tud_cdc_n_write
                0x0000000010003bcc       0x40 CMakeFiles/blink_led.dir/home/user/pico-sdk/lib/tinyusb/src/class/cdc/cdc_device.c.obj
                0x0000000010003bcc                tud_cdc_n_write
 .text.tud_cdc_n_write_available
                0x0000000010003c0c       0x18 CMakeFiles/blink_led.dir/home/user/pico-sdk/lib/tinyusb/src/class/cdc/cdc_device.c.obj
                0x0000000010003c0c                tud_cdc_n_write_available
 .text.cdcd_init
                0x0000000010003c24       0x74 CMakeFiles/blink_led.dir/home/user/pico-sdk/lib/tinyusb/src/class/cdc/cdc_device.c.obj
                0x0000000010003c24                cdcd_init
 .text.cdcd_reset
                0x0000000010003c98       0x2c CMakeFiles/blink_led.dir/home/user/pico-sdk/lib/tinyusb/src/class/cdc/cdc_device.c.obj
                0x0000000010003c98                cdcd_reset
 .text.cdcd_open
                0x0000000010003cc4       0xe4 CMakeFiles/blink_led.dir/home/user/pico-sdk/lib/tinyusb/src/class/cdc/cdc_device.c.obj
                0x0000000010003cc4                cdcd_open
 .text.cdcd_control_xfer_cb
                0x0000000010003da8       0xe4 CMakeFiles/blink_led.dir/home/user/pico-sdk/lib/tinyusb/src/class/cdc/cdc_device.c.obj
                0x0000000010003da8                cdcd_control_xfer_cb
 .text.cdcd_xfer_cb
                0x0000000010003e8c      0x13c CMakeFiles/blink_led.dir/home/user/pico-sdk/lib/tinyusb/src/class/cdc/cdc_device.c.obj
                0x0000000010003e8c                cdcd_xfer_cb
 .text.tusb_init
                0x0000000010003fc8        0xc CMakeFiles/blink_led.dir/home/user/pico-sdk/lib/tinyusb/src/tusb.c.obj
                0x0000000010003fc8                tusb_init
 .text.tu_edpt_claim
                0x0000000010003fd4       0x50 CMakeFiles/blink_led.dir/home/user/pico-sdk/lib/tinyusb/src/tusb.c.obj
                0x0000000010003fd4                tu_edpt_claim
 .text.tu_edpt_release
                0x0000000010004024       0x38 CMakeFiles/blink_led.dir/home/user/pico-sdk/lib/tinyusb/src/tusb.c.obj
                0x0000000010004024                tu_edpt_release
 .text.tu_edpt_validate
                0x000000001000405c       0x7c CMakeFiles/blink_led.dir/home/user/pico-sdk/lib/tinyusb/src/tusb.c.obj
                0x000000001000405c                tu_edpt_validate
 .text.tu_edpt_bind_driver
                0x00000000100040d8       0x34 CMakeFiles/blink_led.dir/home/user/pico-sdk/lib/tinyusb/src/tusb.c.obj
                0x00000000100040d8                tu_edpt_bind_driver
 .text.tu_fifo_config
                0x000000001000410c       0x6c CMakeFiles/blink_led.dir/home/user/pico-sdk/lib/tinyusb/src/common/tusb_fifo.c.obj
                0x000000001000410c                tu_fifo_config
 .text.tu_fifo_count
                0x0000000010004178       0x2c CMakeFiles/blink_led.dir/home/user/pico-sdk/lib/tinyusb/src/common/tusb_fifo.c.obj
                0x0000000010004178                tu_fifo_count
 .text.tu_fifo_empty
                0x00000000100041a4       0x10 CMakeFiles/blink_led.dir/home/user/pico-sdk/lib/tinyusb/src/common/tusb_fifo.c.obj
                0x00000000100041a4                tu_fifo_empty
 .text.tu_fifo_remaining
                0x00000000100041b4       0x2c CMakeFiles/blink_led.dir/home/user/pico-sdk/lib/tinyusb/src/common/tusb_fifo.c.obj
                0x00000000100041b4                tu_fifo_remaining
 .text.tu_fifo_read
                0x00000000100041e0       0x9c CMakeFiles/blink_led.dir/home/user/pico-sdk/lib/tinyusb/src/common/tusb_fifo.c.obj
                0x00000000100041e0                tu_fifo_read
 .text.tu_fifo_read_n
                0x000000001000427c       0xe8 CMakeFiles/blink_led.dir/home/user/pico-sdk/lib/tinyusb/src/common/tusb_fifo.c.obj
                0x000000001000427c                tu_fifo_read_n
 .text.tu_fifo_write
                0x0000000010004364       0x88 CMakeFiles/blink_led.dir/home/user/pico-sdk/lib/tinyusb/src/common/tusb_fifo.c.obj
                0x0000000010004364                tu_fifo_write
 .text.tu_fifo_write_n
                0x00000000100043ec      0x170 CMakeFiles/blink_led.dir/home/user/pico-sdk/lib/tinyusb/src/common/tusb_fifo.c.obj
                0x00000000100043ec                tu_fifo_write_n
 .text.tu_fifo_clear
                0x000000001000455c       0x40 CMakeFiles/blink_led.dir/home/user/pico-sdk/lib/tinyusb/src/common/tusb_fifo.c.obj
                0x000000001000455c                tu_fifo_clear
 .text.tu_fifo_set_overwritable
                0x000000001000459c       0x48 CMakeFiles/blink_led.dir/home/user/pico-sdk/lib/tinyusb/src/common/tusb_fifo.c.obj
                0x000000001000459c                tu_fifo_set_overwritable
 .text          0x00000000100045e4       0x5c /usr/lib/gcc/arm-none-eabi/12.2.1/../../../arm-none-eabi/lib/thumb/v6-m/nofp/libc.a(lib_a-strlen-stub.o)
                0x00000000100045e4                strlen
 *(.fini)
 .fini          0x0000000010004640        0x4 /usr/lib/gcc/arm-none-eabi/12.2.1/thumb/v6-m/nofp/crti.o
                0x0000000010004640                _fini
 *fill*         0x0000000010004644        0x4 
 .fini.__stub   0x0000000010004648       0xb0 linker stubs
 *crtbegin.o(.ctors)
 *crtbegin?.o(.ctors)
 *(EXCLUDE_FILE(*crtend.o *crtend?.o) .ctors)
 *(SORT_BY_NAME(.ctors.*))
 *(.ctors)
 *crtbegin.o(.dtors)
 *crtbegin?.o(.dtors)
 *(EXCLUDE_FILE(*crtend.o *crtend?.o) .dtors)
 *(SORT_BY_NAME(.dtors.*))
 *(.dtors)
 *(.eh_frame*)
 .eh_frame      0x00000000100046f8        0x0 /usr/lib/gcc/arm-none-eabi/12.2.1/thumb/v6-m/nofp/crtbegin.o
                0x00000000100046f8                . = ALIGN (0x4)

.glue_7         0x00000000100046f8        0x0
 .glue_7        0x00000000100046f8        0x0 linker stubs

.glue_7t        0x00000000100046f8        0x0
 .glue_7t       0x00000000100046f8        0x0 linker stubs

.vfp11_veneer   0x00000000100046f8        0x0
 .vfp11_veneer  0x00000000100046f8        0x0 linker stubs

.v4_bx          0x00000000100046f8        0x0
 .v4_bx         0x00000000100046f8        0x0 linker stubs

.iplt           0x00000000100046f8        0x0
 .iplt          0x00000000100046f8        0x0 /usr/lib/gcc/arm-none-eabi/12.2.1/thumb/v6-m/nofp/crtbegin.o

.rodata         0x00000000100046f8      0x334
 *(EXCLUDE_FILE(*libm.a: *libc.a:*lib_a-mem*.o *libgcc.a:) .rodata*)
 .rodata.main.str1.4
                0x00000000100046f8       0x57 CMakeFiles/blink_led.dir/usb.c.obj
 *fill*         0x000000001000474f        0x1 
 .rodata.spin_lock_claim_unused.str1.4
                0x0000000010004750       0x1b CMakeFiles/blink_led.dir/home/user/pico-sdk/src/rp2_common/hardware_sync/sync.c.obj
 *fill*         0x000000001000476b        0x1 
 .rodata.user_irq_claim_unused.str1.4
                0x000000001000476c       0x1b CMakeFiles/blink_led.dir/home/user/pico-sdk/src/rp2_common/hardware_irq/irq.c.obj
 *fill*         0x0000000010004787        0x1 
 .rodata.at_the_end_of_time
                0x0000000010004788        0x8 CMakeFiles/blink_led.dir/home/user/pico-sdk/src/common/pico_time/time.c.obj
                0x0000000010004788                at_the_end_of_time
 .rodata.hardware_alarm_claim.str1.4
                0x0000000010004790       0x22 CMakeFiles/blink_led.dir/home/user/pico-sdk/src/rp2_common/hardware_timer/timer.c.obj
 *fill*         0x00000000100047b2        0x2 
 .rodata.panic.str1.4
                0x00000000100047b4       0x12 CMakeFiles/blink_led.dir/home/user/pico-sdk/src/rp2_common/pico_runtime/runtime.c.obj
 *fill*         0x00000000100047c6        0x2 
 .rodata.hard_assertion_failure.str1.4
                0x00000000100047c8        0xc CMakeFiles/blink_led.dir/home/user/pico-sdk/src/rp2_common/pico_runtime/runtime.c.obj
 .rodata.str1.4
                0x00000000100047d4       0x40 CMakeFiles/blink_led.dir/home/user/pico-sdk/src/rp2_common/pico_standard_link/binary_info.c.obj
 .rodata.__bi_81
                0x0000000010004814        0xc CMakeFiles/blink_led.dir/home/user/pico-sdk/src/rp2_common/pico_standard_link/binary_info.c.obj
 .rodata.__bi_75
                0x0000000010004820        0xc CMakeFiles/blink_led.dir/home/user/pico-sdk/src/rp2_common/pico_standard_link/binary_info.c.obj
 .rodata.__bi_44
                0x000000001000482c        0xc CMakeFiles/blink_led.dir/home/user/pico-sdk/src/rp2_common/pico_standard_link/binary_info.c.obj
 .rodata.crlf_str.0
                0x0000000010004838        0x2 CMakeFiles/blink_led.dir/home/user/pico-sdk/src/rp2_common/pico_stdio/stdio.c.obj
 *fill*         0x000000001000483a        0x2 
 .rodata._resetd_driver
                0x000000001000483c       0x18 CMakeFiles/blink_led.dir/home/user/pico-sdk/src/rp2_common/pico_stdio_usb/reset_interface.c.obj
 .rodata.str1.4
                0x0000000010004854       0x13 CMakeFiles/blink_led.dir/home/user/pico-sdk/src/rp2_common/pico_stdio_usb/stdio_usb.c.obj
 *fill*         0x0000000010004867        0x1 
 .rodata.__bi_182.0
                0x0000000010004868        0xc CMakeFiles/blink_led.dir/home/user/pico-sdk/src/rp2_common/pico_stdio_usb/stdio_usb.c.obj
 .rodata.str1.4
                0x0000000010004874       0x2a CMakeFiles/blink_led.dir/home/user/pico-sdk/src/rp2_common/pico_stdio_usb/stdio_usb_descriptors.c.obj
 *fill*         0x000000001000489e        0x2 
 .rodata.usbd_desc_str
                0x00000000100048a0       0x18 CMakeFiles/blink_led.dir/home/user/pico-sdk/src/rp2_common/pico_stdio_usb/stdio_usb_descriptors.c.obj
 .rodata.usbd_desc_cfg
                0x00000000100048b8       0x54 CMakeFiles/blink_led.dir/home/user/pico-sdk/src/rp2_common/pico_stdio_usb/stdio_usb_descriptors.c.obj
 .rodata.usbd_desc_device
                0x000000001000490c       0x12 CMakeFiles/blink_led.dir/home/user/pico-sdk/src/rp2_common/pico_stdio_usb/stdio_usb_descriptors.c.obj
 *fill*         0x000000001000491e        0x2 
 .rodata.str1.4
                0x0000000010004920       0x14 CMakeFiles/blink_led.dir/home/user/pico-sdk/lib/tinyusb/src/portable/raspberrypi/rp2040/dcd_rp2040.c.obj
 .rodata.str1.4
                0x0000000010004934       0x53 CMakeFiles/blink_led.dir/home/user/pico-sdk/lib/tinyusb/src/portable/raspberrypi/rp2040/rp2040_usb.c.obj
 *fill*         0x0000000010004987        0x1 
 .rodata.tud_task_ext
                0x0000000010004988       0x8c CMakeFiles/blink_led.dir/home/user/pico-sdk/lib/tinyusb/src/device/usbd.c.obj
 .rodata._usbd_driver
                0x0000000010004a14       0x18 CMakeFiles/blink_led.dir/home/user/pico-sdk/lib/tinyusb/src/device/usbd.c.obj
                0x0000000010004a2c                . = ALIGN (0x4)
 *(SORT_BY_ALIGNMENT(SORT_BY_NAME(.flashdata*)))
                0x0000000010004a2c                . = ALIGN (0x4)

.ARM.extab
 *(.ARM.extab* .gnu.linkonce.armextab.*)
                0x0000000010004a2c                __exidx_start = .

.ARM.exidx
 *(.ARM.exidx* .gnu.linkonce.armexidx.*)
                0x0000000010004a2c                __exidx_end = .
                0x0000000010004a2c                . = ALIGN (0x4)
                0x0000000010004a2c                __binary_info_start = .

.binary_info    0x0000000010004a2c       0x20
 *(.binary_info.keep.*)
 .binary_info.keep.__bi_ptr81
                0x0000000010004a2c        0x4 CMakeFiles/blink_led.dir/home/user/pico-sdk/src/rp2_common/pico_standard_link/binary_info.c.obj
 .binary_info.keep.__bi_ptr75
                0x0000000010004a30        0x4 CMakeFiles/blink_led.dir/home/user/pico-sdk/src/rp2_common/pico_standard_link/binary_info.c.obj
 .binary_info.keep.__bi_ptr50
                0x0000000010004a34        0x4 CMakeFiles/blink_led.dir/home/user/pico-sdk/src/rp2_common/pico_standard_link/binary_info.c.obj
 .binary_info.keep.__bi_ptr44
                0x0000000010004a38        0x4 CMakeFiles/blink_led.dir/home/user/pico-sdk/src/rp2_common/pico_standard_link/binary_info.c.obj
 .binary_info.keep.__bi_ptr38
                0x0000000010004a3c        0x4 CMakeFiles/blink_led.dir/home/user/pico-sdk/src/rp2_common/pico_standard_link/binary_info.c.obj
 .binary_info.keep.__bi_ptr30
                0x0000000010004a40        0x4 CMakeFiles/blink_led.dir/home/user/pico-sdk/src/rp2_common/pico_standard_link/binary_info.c.obj
 .binary_info.keep.__bi_ptr22
                0x0000000010004a44        0x4 CMakeFiles/blink_led.dir/home/user/pico-sdk/src/rp2_common/pico_standard_link/binary_info.c.obj
 *(.binary_info.*)
 .binary_info.__bi_ptr182
                0x0000000010004a48        0x4 CMakeFiles/blink_led.dir/home/user/pico-sdk/src/rp2_common/pico_stdio_usb/stdio_usb.c.obj
                0x0000000010004a4c                __binary_info_end = .

.rel.dyn        0x0000000010004a4c        0x0
 .rel.iplt      0x0000000010004a4c        0x0 /usr/lib/gcc/arm-none-eabi/12.2.1/thumb/v6-m/nofp/crtbegin.o
                0x0000000010004a4c                . = ALIGN (0x4)

.ram_vector_table
                0x0000000020000000       0xc0
 *(.ram_vector_table)
 .ram_vector_table
                0x0000000020000000       0xc0 CMakeFiles/blink_led.dir/home/user/pico-sdk/src/rp2_common/pico_runtime/runtime.c.obj
                0x0000000020000000                ram_vector_table

.data           0x00000000200000c0      0xe30 load address 0x0000000010004a4c
                0x00000000200000c0                __data_start__ = .
 *(vtable)
 *(.time_critical*)
 .time_critical.mutex_try_enter
                0x00000000200000c0       0x40 CMakeFiles/blink_led.dir/home/user/pico-sdk/src/common/pico_sync/mutex.c.obj
                0x00000000200000c0                mutex_try_enter
 .time_critical.mutex_try_enter_block_until
                0x0000000020000100       0x9c CMakeFiles/blink_led.dir/home/user/pico-sdk/src/common/pico_sync/mutex.c.obj
                0x0000000020000100                mutex_try_enter_block_until
 .time_critical.mutex_enter_timeout_ms
                0x000000002000019c       0x90 CMakeFiles/blink_led.dir/home/user/pico-sdk/src/common/pico_sync/mutex.c.obj
                0x000000002000019c                mutex_enter_timeout_ms
 .time_critical.mutex_exit
                0x000000002000022c       0x28 CMakeFiles/blink_led.dir/home/user/pico-sdk/src/common/pico_sync/mutex.c.obj
                0x000000002000022c                mutex_exit
 .time_critical.flash_init_boot2_copyout
                0x0000000020000254       0x30 CMakeFiles/blink_led.dir/home/user/pico-sdk/src/rp2_common/hardware_flash/flash.c.obj
 .time_critical.flash_enable_xip_via_boot2
                0x0000000020000284        0xc CMakeFiles/blink_led.dir/home/user/pico-sdk/src/rp2_common/hardware_flash/flash.c.obj
 .time_critical.flash_cs_force
                0x0000000020000290       0x38 CMakeFiles/blink_led.dir/home/user/pico-sdk/src/rp2_common/hardware_flash/flash.c.obj
 .time_critical.flash_do_cmd
                0x00000000200002c8       0xc0 CMakeFiles/blink_led.dir/home/user/pico-sdk/src/rp2_common/hardware_flash/flash.c.obj
                0x00000000200002c8                flash_do_cmd
 .time_critical.reset_non_control_endpoints
                0x0000000020000388       0x68 CMakeFiles/blink_led.dir/home/user/pico-sdk/lib/tinyusb/src/portable/raspberrypi/rp2040/dcd_rp2040.c.obj
 .time_critical.hw_handle_buff_status
                0x00000000200003f0       0xac CMakeFiles/blink_led.dir/home/user/pico-sdk/lib/tinyusb/src/portable/raspberrypi/rp2040/dcd_rp2040.c.obj
 .time_critical.dcd_rp2040_irq
                0x000000002000049c      0x514 CMakeFiles/blink_led.dir/home/user/pico-sdk/lib/tinyusb/src/portable/raspberrypi/rp2040/dcd_rp2040.c.obj
 .time_critical.e15_is_bulkin_ep
                0x00000000200009b0       0x28 CMakeFiles/blink_led.dir/home/user/pico-sdk/lib/tinyusb/src/portable/raspberrypi/rp2040/rp2040_usb.c.obj
 .time_critical.e15_is_critical_frame_period
                0x00000000200009d8       0x34 CMakeFiles/blink_led.dir/home/user/pico-sdk/lib/tinyusb/src/portable/raspberrypi/rp2040/rp2040_usb.c.obj
 .time_critical.prepare_ep_buffer
                0x0000000020000a0c       0x6c CMakeFiles/blink_led.dir/home/user/pico-sdk/lib/tinyusb/src/portable/raspberrypi/rp2040/rp2040_usb.c.obj
 .time_critical.sync_ep_buffer
                0x0000000020000a78       0x48 CMakeFiles/blink_led.dir/home/user/pico-sdk/lib/tinyusb/src/portable/raspberrypi/rp2040/rp2040_usb.c.obj
 .time_critical._hw_endpoint_xfer_sync
                0x0000000020000ac0       0x28 CMakeFiles/blink_led.dir/home/user/pico-sdk/lib/tinyusb/src/portable/raspberrypi/rp2040/rp2040_usb.c.obj
 .time_critical.hw_endpoint_reset_transfer
                0x0000000020000ae8        0xc CMakeFiles/blink_led.dir/home/user/pico-sdk/lib/tinyusb/src/portable/raspberrypi/rp2040/rp2040_usb.c.obj
                0x0000000020000ae8                hw_endpoint_reset_transfer
 .time_critical._hw_endpoint_buffer_control_update32
                0x0000000020000af4       0x58 CMakeFiles/blink_led.dir/home/user/pico-sdk/lib/tinyusb/src/portable/raspberrypi/rp2040/rp2040_usb.c.obj
                0x0000000020000af4                _hw_endpoint_buffer_control_update32
 .time_critical.hw_endpoint_start_next_buffer
                0x0000000020000b4c       0x6c CMakeFiles/blink_led.dir/home/user/pico-sdk/lib/tinyusb/src/portable/raspberrypi/rp2040/rp2040_usb.c.obj
                0x0000000020000b4c                hw_endpoint_start_next_buffer
 .time_critical.hw_endpoint_xfer_continue
                0x0000000020000bb8       0x50 CMakeFiles/blink_led.dir/home/user/pico-sdk/lib/tinyusb/src/portable/raspberrypi/rp2040/rp2040_usb.c.obj
                0x0000000020000bb8                hw_endpoint_xfer_continue
 .time_critical.tinyusb
                0x0000000020000c08      0x170 CMakeFiles/blink_led.dir/home/user/pico-sdk/lib/tinyusb/src/device/usbd.c.obj
                0x0000000020000c08                dcd_event_handler
 *(.text*)
 .text          0x0000000020000d78        0x4 /usr/lib/gcc/arm-none-eabi/12.2.1/thumb/v6-m/nofp/libgcc.a(_dvmd_tls.o)
                0x0000000020000d78                __aeabi_ldiv0
                0x0000000020000d78                __aeabi_idiv0
 *fill*         0x0000000020000d7c        0x4 
 .text.__stub   0x0000000020000d80       0x70 linker stubs
                0x0000000020000df0                . = ALIGN (0x4)
 *(.rodata*)
                0x0000000020000df0                . = ALIGN (0x4)
 *(.data*)
 .data.striped_spin_lock_num
                0x0000000020000df0        0x1 CMakeFiles/blink_led.dir/home/user/pico-sdk/src/rp2_common/hardware_sync/sync.c.obj
 *fill*         0x0000000020000df1        0x3 
 .data          0x0000000020000df4       0x48 CMakeFiles/blink_led.dir/home/user/pico-sdk/src/rp2_common/hardware_irq/irq_handler_chain.S.obj
                0x0000000020000df4                irq_handler_chain_slots
                0x0000000020000e24                irq_handler_chain_first_slot
                0x0000000020000e2e                irq_handler_chain_remove_tail
 .data.default_alarm_pool
                0x0000000020000e3c       0x18 CMakeFiles/blink_led.dir/home/user/pico-sdk/src/common/pico_time/time.c.obj
 .data.default_alarm_pool_heap
                0x0000000020000e54       0x10 CMakeFiles/blink_led.dir/home/user/pico-sdk/src/common/pico_time/time.c.obj
 *fill*         0x0000000020000e64        0xc 
 .data.aeabi_bits_funcs
                0x0000000020000e70       0x10 CMakeFiles/blink_led.dir/home/user/pico-sdk/src/rp2_common/pico_bit_ops/bit_ops_aeabi.S.obj
                0x0000000020000e70                aeabi_bits_funcs
                0x0000000020000e80                aeabi_bits_funcs_end
 .data.aeabi_mem_funcs
                0x0000000020000e80       0x10 CMakeFiles/blink_led.dir/home/user/pico-sdk/src/rp2_common/pico_mem_ops/mem_ops_aeabi.S.obj
                0x0000000020000e80                aeabi_mem_funcs
                0x0000000020000e90                aeabi_mem_funcs_end
 .data.stdio_usb
                0x0000000020000e90       0x18 CMakeFiles/blink_led.dir/home/user/pico-sdk/src/rp2_common/pico_stdio_usb/stdio_usb.c.obj
                0x0000000020000e90                stdio_usb
 .data.ep_dir_string
                0x0000000020000ea8        0x8 CMakeFiles/blink_led.dir/home/user/pico-sdk/lib/tinyusb/src/portable/raspberrypi/rp2040/rp2040_usb.c.obj
                0x0000000020000ea8                ep_dir_string
 .data._usbd_qdef
                0x0000000020000eb0       0x1c CMakeFiles/blink_led.dir/home/user/pico-sdk/lib/tinyusb/src/device/usbd.c.obj
                0x0000000020000eb0                _usbd_qdef
 .data._usbd_rhport
                0x0000000020000ecc        0x1 CMakeFiles/blink_led.dir/home/user/pico-sdk/lib/tinyusb/src/device/usbd.c.obj
                0x0000000020000ed0                . = ALIGN (0x4)
 *fill*         0x0000000020000ecd        0x3 
 *(.after_data.*)
                0x0000000020000ed0                . = ALIGN (0x4)
                0x0000000020000ed0                PROVIDE (__mutex_array_start = .)
 *(SORT_BY_NAME(.mutex_array.*))
 *(.mutex_array)
 .mutex_array   0x0000000020000ed0        0x8 CMakeFiles/blink_led.dir/home/user/pico-sdk/src/rp2_common/pico_stdio/stdio.c.obj
                0x0000000020000ed8                PROVIDE (__mutex_array_end = .)
                0x0000000020000ed8                . = ALIGN (0x4)
                0x0000000020000ed8                PROVIDE (__preinit_array_start = .)
 *(SORT_BY_NAME(.preinit_array.*))
 .preinit_array.00001
                0x0000000020000ed8        0x4 CMakeFiles/blink_led.dir/home/user/pico-sdk/src/rp2_common/pico_mem_ops/mem_ops_aeabi.S.obj
 .preinit_array.00010
                0x0000000020000edc        0x4 CMakeFiles/blink_led.dir/home/user/pico-sdk/src/rp2_common/pico_bit_ops/bit_ops_aeabi.S.obj
 .preinit_array.00020
                0x0000000020000ee0        0x4 CMakeFiles/blink_led.dir/home/user/pico-sdk/src/rp2_common/pico_double/double_aeabi.S.obj
 .preinit_array.00020
                0x0000000020000ee4        0x4 CMakeFiles/blink_led.dir/home/user/pico-sdk/src/rp2_common/pico_float/float_aeabi.S.obj
 *(.preinit_array)
                0x0000000020000ee8                PROVIDE (__preinit_array_end = .)
                0x0000000020000ee8                . = ALIGN (0x4)
                0x0000000020000ee8                PROVIDE (__init_array_start = .)
 *(SORT_BY_NAME(.init_array.*))
 *(.init_array)
 .init_array    0x0000000020000ee8        0x4 /usr/lib/gcc/arm-none-eabi/12.2.1/thumb/v6-m/nofp/crtbegin.o
 .init_array    0x0000000020000eec        0x4 CMakeFiles/blink_led.dir/home/user/pico-sdk/src/rp2_common/pico_unique_id/unique_id.c.obj
                0x0000000020000ef0                PROVIDE (__init_array_end = .)
                0x0000000020000ef0                . = ALIGN (0x4)
                0x0000000020000ef0                PROVIDE (__fini_array_start = .)
 *(SORT_BY_NAME(.fini_array.*))
 *(.fini_array)
                0x0000000020000ef0                PROVIDE (__fini_array_end = .)
 *(.jcr)
                0x0000000020000ef0                . = ALIGN (0x4)
                0x0000000020000ef0                __data_end__ = .
                0x0000000010004a4c                __etext = LOADADDR (.data)

.tm_clone_table
                0x0000000020000ef0        0x0 load address 0x000000001000587c
 .tm_clone_table
                0x0000000020000ef0        0x0 /usr/lib/gcc/arm-none-eabi/12.2.1/thumb/v6-m/nofp/crtbegin.o
 .tm_clone_table
                0x0000000020000ef0        0x0 /usr/lib/gcc/arm-none-eabi/12.2.1/thumb/v6-m/nofp/crtend.o

.igot.plt       0x0000000020000ef0        0x0 load address 0x000000001000587c
 .igot.plt      0x0000000020000ef0        0x0 /usr/lib/gcc/arm-none-eabi/12.2.1/thumb/v6-m/nofp/crtbegin.o

.uninitialized_data
                0x0000000020000ef0        0x0 load address 0x000000001000587c
                0x0000000020000ef0                . = ALIGN (0x4)
 *(.uninitialized_data*)

.scratch_x      0x0000000020040000        0x0 load address 0x000000001000587c
                0x0000000020040000                __scratch_x_start__ = .
 *(.scratch_x.*)
                0x0000000020040000                . = ALIGN (0x4)
                0x0000000020040000                __scratch_x_end__ = .
                0x000000001000587c                __scratch_x_source__ = LOADADDR (.scratch_x)

.scratch_y      0x0000000020041000        0x0 load address 0x000000001000587c
                0x0000000020041000                __scratch_y_start__ = .
 *(.scratch_y.*)
                0x0000000020041000                . = ALIGN (0x4)
                0x0000000020041000                __scratch_y_end__ = .
                0x000000001000587c                __scratch_y_source__ = LOADADDR (.scratch_y)

.bss            0x0000000020000ef0      0xd88
                0x0000000020000ef0                . = ALIGN (0x4)
                0x0000000020000ef0                __bss_start__ = .
 *(SORT_BY_ALIGNMENT(SORT_BY_NAME(.bss*)))
 .bss.configured_freq
                0x0000000020000ef0       0x28 CMakeFiles/blink_led.dir/home/user/pico-sdk/src/rp2_common/hardware_clocks/clocks.c.obj
 .bss.default_alarm_pool_entries
                0x0000000020000f18      0x100 CMakeFiles/blink_led.dir/home/user/pico-sdk/src/common/pico_time/time.c.obj
 .bss.last_avail_time.1
                0x0000000020001018        0x8 CMakeFiles/blink_led.dir/home/user/pico-sdk/src/rp2_common/pico_stdio_usb/stdio_usb.c.obj
 .bss.sd_table  0x0000000020001020      0x100 CMakeFiles/blink_led.dir/home/user/pico-sdk/src/rp2_common/pico_double/double_init_rom.c.obj
                0x0000000020001020                sd_table
 .bss.sf_table  0x0000000020001120      0x100 CMakeFiles/blink_led.dir/home/user/pico-sdk/src/rp2_common/pico_float/float_init_rom.c.obj
                0x0000000020001120                sf_table
 .bss           0x0000000020001220       0x1c /usr/lib/gcc/arm-none-eabi/12.2.1/thumb/v6-m/nofp/crtbegin.o
 .bss._app_driver
                0x000000002000123c        0x4 CMakeFiles/blink_led.dir/home/user/pico-sdk/lib/tinyusb/src/device/usbd.c.obj
 .bss._cdcd_itf
                0x0000000020001240      0x2c8 CMakeFiles/blink_led.dir/home/user/pico-sdk/lib/tinyusb/src/class/cdc/cdc_device.c.obj
 .bss._ctrl_xfer
                0x0000000020001508       0x14 CMakeFiles/blink_led.dir/home/user/pico-sdk/lib/tinyusb/src/device/usbd_control.c.obj
 .bss._ubsd_mutexdef
                0x000000002000151c        0x8 CMakeFiles/blink_led.dir/home/user/pico-sdk/lib/tinyusb/src/device/usbd.c.obj
 .bss._usbd_ctrl_buf
                0x0000000020001524       0x40 CMakeFiles/blink_led.dir/home/user/pico-sdk/lib/tinyusb/src/device/usbd_control.c.obj
 .bss._usbd_dev
                0x0000000020001564       0x53 CMakeFiles/blink_led.dir/home/user/pico-sdk/lib/tinyusb/src/device/usbd.c.obj
 *fill*         0x00000000200015b7        0x1 
 .bss._usbd_mutex
                0x00000000200015b8        0x4 CMakeFiles/blink_led.dir/home/user/pico-sdk/lib/tinyusb/src/device/usbd.c.obj
 .bss._usbd_q   0x00000000200015bc        0x4 CMakeFiles/blink_led.dir/home/user/pico-sdk/lib/tinyusb/src/device/usbd.c.obj
 .bss._usbd_qdef_buf
                0x00000000200015c0       0xc0 CMakeFiles/blink_led.dir/home/user/pico-sdk/lib/tinyusb/src/device/usbd.c.obj
                0x00000000200015c0                _usbd_qdef_buf
 .bss.alarm_callbacks
                0x0000000020001680       0x10 CMakeFiles/blink_led.dir/home/user/pico-sdk/src/rp2_common/hardware_timer/timer.c.obj
 .bss.boot2_copyout
                0x0000000020001690      0x100 CMakeFiles/blink_led.dir/home/user/pico-sdk/src/rp2_common/hardware_flash/flash.c.obj
 .bss.chars_available_callback
                0x0000000020001790        0x4 CMakeFiles/blink_led.dir/home/user/pico-sdk/src/rp2_common/pico_stdio_usb/stdio_usb.c.obj
 .bss.chars_available_param
                0x0000000020001794        0x4 CMakeFiles/blink_led.dir/home/user/pico-sdk/src/rp2_common/pico_stdio_usb/stdio_usb.c.obj
 .bss.claimed   0x0000000020001798        0x4 CMakeFiles/blink_led.dir/home/user/pico-sdk/src/rp2_common/hardware_sync/sync.c.obj
 .bss.default_alarm_pool_entry_ids_high
                0x000000002000179c       0x10 CMakeFiles/blink_led.dir/home/user/pico-sdk/src/common/pico_time/time.c.obj
 .bss.default_alarm_pool_heap_nodes
                0x00000000200017ac       0x30 CMakeFiles/blink_led.dir/home/user/pico-sdk/src/common/pico_time/time.c.obj
 .bss.desc_str.0
                0x00000000200017dc       0x28 CMakeFiles/blink_led.dir/home/user/pico-sdk/src/rp2_common/pico_stdio_usb/stdio_usb_descriptors.c.obj
 .bss.drivers   0x0000000020001804        0x4 CMakeFiles/blink_led.dir/home/user/pico-sdk/src/rp2_common/pico_stdio/stdio.c.obj
 .bss.e15_last_sof
                0x0000000020001808        0x4 CMakeFiles/blink_led.dir/home/user/pico-sdk/lib/tinyusb/src/portable/raspberrypi/rp2040/rp2040_usb.c.obj
                0x0000000020001808                e15_last_sof
 .bss.filter    0x000000002000180c        0x4 CMakeFiles/blink_led.dir/home/user/pico-sdk/src/rp2_common/pico_stdio/stdio.c.obj
 .bss.hw_endpoints
                0x0000000020001810      0x400 CMakeFiles/blink_led.dir/home/user/pico-sdk/lib/tinyusb/src/portable/raspberrypi/rp2040/dcd_rp2040.c.obj
 .bss.lazy_vsnprintf
                0x0000000020001c10        0x4 CMakeFiles/blink_led.dir/home/user/pico-sdk/src/rp2_common/pico_printf/printf.c.obj
 .bss.load_value
                0x0000000020001c14        0x4 CMakeFiles/blink_led.dir/home/user/pico-sdk/src/rp2_common/hardware_watchdog/watchdog.c.obj
 .bss.next_buffer_ptr
                0x0000000020001c18        0x4 CMakeFiles/blink_led.dir/home/user/pico-sdk/lib/tinyusb/src/portable/raspberrypi/rp2040/dcd_rp2040.c.obj
 .bss.one_shot_timer_crit_sec
                0x0000000020001c1c        0x8 CMakeFiles/blink_led.dir/home/user/pico-sdk/src/rp2_common/pico_stdio_usb/stdio_usb.c.obj
 .bss.pools     0x0000000020001c24       0x10 CMakeFiles/blink_led.dir/home/user/pico-sdk/src/common/pico_time/time.c.obj
 .bss.retrieved_id
                0x0000000020001c34        0x8 CMakeFiles/blink_led.dir/home/user/pico-sdk/src/rp2_common/pico_unique_id/unique_id.c.obj
 .bss.sf_clz_func
                0x0000000020001c3c        0x4 CMakeFiles/blink_led.dir/home/user/pico-sdk/src/rp2_common/pico_double/double_init_rom.c.obj
                0x0000000020001c3c                sf_clz_func
 .bss.sleep_notifier
                0x0000000020001c40        0x4 CMakeFiles/blink_led.dir/home/user/pico-sdk/src/common/pico_time/time.c.obj
 .bss.stdio_usb_mutex
                0x0000000020001c44        0x8 CMakeFiles/blink_led.dir/home/user/pico-sdk/src/rp2_common/pico_stdio_usb/stdio_usb.c.obj
 .bss.target_hi
                0x0000000020001c4c       0x10 CMakeFiles/blink_led.dir/home/user/pico-sdk/src/rp2_common/hardware_timer/timer.c.obj
 .bss.usbd_serial_str
                0x0000000020001c5c       0x11 CMakeFiles/blink_led.dir/home/user/pico-sdk/src/rp2_common/pico_stdio_usb/stdio_usb_descriptors.c.obj
 .bss._app_driver_count
                0x0000000020001c6d        0x1 CMakeFiles/blink_led.dir/home/user/pico-sdk/lib/tinyusb/src/device/usbd.c.obj
 .bss._sof_enable
                0x0000000020001c6e        0x1 CMakeFiles/blink_led.dir/home/user/pico-sdk/lib/tinyusb/src/portable/raspberrypi/rp2040/dcd_rp2040.c.obj
 .bss.boot2_copyout_valid
                0x0000000020001c6f        0x1 CMakeFiles/blink_led.dir/home/user/pico-sdk/src/rp2_common/hardware_flash/flash.c.obj
 .bss.claimed   0x0000000020001c70        0x1 CMakeFiles/blink_led.dir/home/user/pico-sdk/src/rp2_common/hardware_timer/timer.c.obj
 .bss.irq_hander_chain_free_slot_head
                0x0000000020001c71        0x1 CMakeFiles/blink_led.dir/home/user/pico-sdk/src/rp2_common/hardware_irq/irq.c.obj
 .bss.itf_num   0x0000000020001c72        0x1 CMakeFiles/blink_led.dir/home/user/pico-sdk/src/rp2_common/pico_stdio_usb/reset_interface.c.obj
 .bss.low_priority_irq_num
                0x0000000020001c73        0x1 CMakeFiles/blink_led.dir/home/user/pico-sdk/src/rp2_common/pico_stdio_usb/stdio_usb.c.obj
 .bss.one_shot_timer_pending
                0x0000000020001c74        0x1 CMakeFiles/blink_led.dir/home/user/pico-sdk/src/rp2_common/pico_stdio_usb/stdio_usb.c.obj
 .bss.timer_callbacks_pending
                0x0000000020001c75        0x1 CMakeFiles/blink_led.dir/home/user/pico-sdk/src/rp2_common/hardware_timer/timer.c.obj
 .bss.user_irq_claimed
                0x0000000020001c76        0x1 CMakeFiles/blink_led.dir/home/user/pico-sdk/src/rp2_common/hardware_irq/irq.c.obj
 *(COMMON)
                0x0000000020001c78                . = ALIGN (0x4)
 *fill*         0x0000000020001c77        0x1 
                0x0000000020001c78                __bss_end__ = .

.heap           0x0000000020001c78      0x800
                0x0000000020001c78                __end__ = .
                0x0000000020001c78                end = __end__
 *(.heap*)
 .heap          0x0000000020001c78      0x800 CMakeFiles/blink_led.dir/home/user/pico-sdk/src/rp2_common/pico_standard_link/crt0.S.obj
                0x0000000020002478                __HeapLimit = .

.stack1_dummy
 *(.stack1*)

.stack_dummy    0x0000000020041000      0x800
 *(.stack*)
 .stack         0x0000000020041000      0x800 CMakeFiles/blink_led.dir/home/user/pico-sdk/src/rp2_common/pico_standard_link/crt0.S.obj

.flash_end      0x000000001000587c        0x0
                0x000000001000587c                PROVIDE (__flash_binary_end = .)
                0x0000000020040000                __StackLimit = (ORIGIN (RAM) + LENGTH (RAM))
                0x0000000020041000                __StackOneTop = (ORIGIN (SCRATCH_X) + LENGTH (SCRATCH_X))
                0x0000000020042000                __StackTop = (ORIGIN (SCRATCH_Y) + LENGTH (SCRATCH_Y))
                0x0000000020041000                __StackOneBottom = (__StackOneTop - SIZEOF (.stack1_dummy))
                0x0000000020041800                __StackBottom = (__StackTop - SIZEOF (.stack_dummy))
                0x0000000020042000                PROVIDE (__stack = __StackTop)
                0x0000000000000001                ASSERT ((__StackLimit >= __HeapLimit), region RAM overflowed)
                0x0000000000000001                ASSERT (((__binary_info_header_end - __logical_binary_start) <= 0x100), Binary info must be in first 256 bytes of the binary)
LOAD CMakeFiles/blink_led.dir/usb.c.obj
LOAD CMakeFiles/blink_led.dir/home/user/pico-sdk/src/rp2_common/pico_stdlib/stdlib.c.obj
LOAD CMakeFiles/blink_led.dir/home/user/pico-sdk/src/rp2_common/hardware_gpio/gpio.c.obj
LOAD CMakeFiles/blink_led.dir/home/user/pico-sdk/src/rp2_common/pico_platform/platform.c.obj
LOAD CMakeFiles/blink_led.dir/home/user/pico-sdk/src/rp2_common/hardware_claim/claim.c.obj
LOAD CMakeFiles/blink_led.dir/home/user/pico-sdk/src/rp2_common/hardware_sync/sync.c.obj
LOAD CMakeFiles/blink_led.dir/home/user/pico-sdk/src/rp2_common/hardware_irq/irq.c.obj
LOAD CMakeFiles/blink_led.dir/home/user/pico-sdk/src/rp2_common/hardware_irq/irq_handler_chain.S.obj
LOAD CMakeFiles/blink_led.dir/home/user/pico-sdk/src/common/pico_sync/sem.c.obj
LOAD CMakeFiles/blink_led.dir/home/user/pico-sdk/src/common/pico_sync/lock_core.c.obj
LOAD CMakeFiles/blink_led.dir/home/user/pico-sdk/src/common/pico_sync/mutex.c.obj
LOAD CMakeFiles/blink_led.dir/home/user/pico-sdk/src/common/pico_sync/critical_section.c.obj
LOAD CMakeFiles/blink_led.dir/home/user/pico-sdk/src/common/pico_time/time.c.obj
LOAD CMakeFiles/blink_led.dir/home/user/pico-sdk/src/common/pico_time/timeout_helper.c.obj
LOAD CMakeFiles/blink_led.dir/home/user/pico-sdk/src/rp2_common/hardware_timer/timer.c.obj
LOAD CMakeFiles/blink_led.dir/home/user/pico-sdk/src/common/pico_util/datetime.c.obj
LOAD CMakeFiles/blink_led.dir/home/user/pico-sdk/src/common/pico_util/pheap.c.obj
LOAD CMakeFiles/blink_led.dir/home/user/pico-sdk/src/common/pico_util/queue.c.obj
LOAD CMakeFiles/blink_led.dir/home/user/pico-sdk/src/rp2_common/hardware_uart/uart.c.obj
LOAD CMakeFiles/blink_led.dir/home/user/pico-sdk/src/rp2_common/hardware_clocks/clocks.c.obj
LOAD CMakeFiles/blink_led.dir/home/user/pico-sdk/src/rp2_common/hardware_pll/pll.c.obj
LOAD CMakeFiles/blink_led.dir/home/user/pico-sdk/src/rp2_common/hardware_vreg/vreg.c.obj
LOAD CMakeFiles/blink_led.dir/home/user/pico-sdk/src/rp2_common/hardware_watchdog/watchdog.c.obj
LOAD CMakeFiles/blink_led.dir/home/user/pico-sdk/src/rp2_common/hardware_xosc/xosc.c.obj
LOAD CMakeFiles/blink_led.dir/home/user/pico-sdk/src/rp2_common/hardware_divider/divider.S.obj
LOAD CMakeFiles/blink_led.dir/home/user/pico-sdk/src/rp2_common/pico_runtime/runtime.c.obj
LOAD CMakeFiles/blink_led.dir/home/user/pico-sdk/src/rp2_common/pico_printf/printf.c.obj
LOAD CMakeFiles/blink_led.dir/home/user/pico-sdk/src/rp2_common/pico_bit_ops/bit_ops_aeabi.S.obj
LOAD CMakeFiles/blink_led.dir/home/user/pico-sdk/src/rp2_common/pico_bootrom/bootrom.c.obj
LOAD CMakeFiles/blink_led.dir/home/user/pico-sdk/src/rp2_common/pico_divider/divider.S.obj
LOAD CMakeFiles/blink_led.dir/home/user/pico-sdk/src/rp2_common/pico_double/double_aeabi.S.obj
LOAD CMakeFiles/blink_led.dir/home/user/pico-sdk/src/rp2_common/pico_double/double_init_rom.c.obj
LOAD CMakeFiles/blink_led.dir/home/user/pico-sdk/src/rp2_common/pico_double/double_math.c.obj
LOAD CMakeFiles/blink_led.dir/home/user/pico-sdk/src/rp2_common/pico_double/double_v1_rom_shim.S.obj
LOAD CMakeFiles/blink_led.dir/home/user/pico-sdk/src/rp2_common/pico_int64_ops/pico_int64_ops_aeabi.S.obj
LOAD CMakeFiles/blink_led.dir/home/user/pico-sdk/src/rp2_common/pico_float/float_aeabi.S.obj
LOAD CMakeFiles/blink_led.dir/home/user/pico-sdk/src/rp2_common/pico_float/float_init_rom.c.obj
LOAD CMakeFiles/blink_led.dir/home/user/pico-sdk/src/rp2_common/pico_float/float_math.c.obj
LOAD CMakeFiles/blink_led.dir/home/user/pico-sdk/src/rp2_common/pico_float/float_v1_rom_shim.S.obj
LOAD CMakeFiles/blink_led.dir/home/user/pico-sdk/src/rp2_common/pico_malloc/pico_malloc.c.obj
LOAD CMakeFiles/blink_led.dir/home/user/pico-sdk/src/rp2_common/pico_mem_ops/mem_ops_aeabi.S.obj
LOAD CMakeFiles/blink_led.dir/home/user/pico-sdk/src/rp2_common/pico_standard_link/crt0.S.obj
LOAD CMakeFiles/blink_led.dir/home/user/pico-sdk/src/rp2_common/pico_standard_link/new_delete.cpp.obj
LOAD CMakeFiles/blink_led.dir/home/user/pico-sdk/src/rp2_common/pico_standard_link/binary_info.c.obj
LOAD CMakeFiles/blink_led.dir/home/user/pico-sdk/src/rp2_common/pico_stdio/stdio.c.obj
LOAD CMakeFiles/blink_led.dir/home/user/pico-sdk/src/rp2_common/pico_stdio_usb/reset_interface.c.obj
LOAD CMakeFiles/blink_led.dir/home/user/pico-sdk/src/rp2_common/pico_stdio_usb/stdio_usb.c.obj
LOAD CMakeFiles/blink_led.dir/home/user/pico-sdk/src/rp2_common/pico_stdio_usb/stdio_usb_descriptors.c.obj
LOAD CMakeFiles/blink_led.dir/home/user/pico-sdk/src/rp2_common/pico_unique_id/unique_id.c.obj
LOAD CMakeFiles/blink_led.dir/home/user/pico-sdk/src/rp2_common/hardware_flash/flash.c.obj
LOAD CMakeFiles/blink_led.dir/home/user/pico-sdk/lib/tinyusb/src/portable/raspberrypi/rp2040/dcd_rp2040.c.obj
LOAD CMakeFiles/blink_led.dir/home/user/pico-sdk/lib/tinyusb/src/portable/raspberrypi/rp2040/rp2040_usb.c.obj
LOAD CMakeFiles/blink_led.dir/home/user/pico-sdk/lib/tinyusb/src/device/usbd.c.obj
LOAD CMakeFiles/blink_led.dir/home/user/pico-sdk/lib/tinyusb/src/device/usbd_control.c.obj
LOAD CMakeFiles/blink_led.dir/home/user/pico-sdk/lib/tinyusb/src/class/audio/audio_device.c.obj
LOAD CMakeFiles/blink_led.dir/home/user/pico-sdk/lib/tinyusb/src/class/cdc/cdc_device.c.obj
LOAD CMakeFiles/blink_led.dir/home/user/pico-sdk/lib/tinyusb/src/class/dfu/dfu_device.c.obj
LOAD CMakeFiles/blink_led.dir/home/user/pico-sdk/lib/tinyusb/src/class/dfu/dfu_rt_device.c.obj
LOAD CMakeFiles/blink_led.dir/home/user/pico-sdk/lib/tinyusb/src/class/hid/hid_device.c.obj
LOAD CMakeFiles/blink_led.dir/home/user/pico-sdk/lib/tinyusb/src/class/midi/midi_device.c.obj
LOAD CMakeFiles/blink_led.dir/home/user/pico-sdk/lib/tinyusb/src/class/msc/msc_device.c.obj
LOAD CMakeFiles/blink_led.dir/home/user/pico-sdk/lib/tinyusb/src/class/net/ecm_rndis_device.c.obj
LOAD CMakeFiles/blink_led.dir/home/user/pico-sdk/lib/tinyusb/src/class/net/ncm_device.c.obj
LOAD CMakeFiles/blink_led.dir/home/user/pico-sdk/lib/tinyusb/src/class/usbtmc/usbtmc_device.c.obj
LOAD CMakeFiles/blink_led.dir/home/user/pico-sdk/lib/tinyusb/src/class/vendor/vendor_device.c.obj
LOAD CMakeFiles/blink_led.dir/home/user/pico-sdk/lib/tinyusb/src/class/video/video_device.c.obj
LOAD CMakeFiles/blink_led.dir/home/user/pico-sdk/lib/tinyusb/src/tusb.c.obj
LOAD CMakeFiles/blink_led.dir/home/user/pico-sdk/lib/tinyusb/src/common/tusb_fifo.c.obj
LOAD CMakeFiles/blink_led.dir/home/user/pico-sdk/src/rp2_common/pico_fix/rp2040_usb_device_enumeration/rp2040_usb_device_enumeration.c.obj
LOAD /tmp/ccRPdHKW.o
LOAD /usr/lib/gcc/arm-none-eabi/12.2.1/../../../arm-none-eabi/lib/thumb/v6-m/nofp/libstdc++.a
LOAD /usr/lib/gcc/arm-none-eabi/12.2.1/../../../arm-none-eabi/lib/thumb/v6-m/nofp/libm.a
START GROUP
LOAD /usr/lib/gcc/arm-none-eabi/12.2.1/thumb/v6-m/nofp/libgcc.a
LOAD /usr/lib/gcc/arm-none-eabi/12.2.1/../../../arm-none-eabi/lib/thumb/v6-m/nofp/libc.a
END GROUP
START GROUP
LOAD /usr/lib/gcc/arm-none-eabi/12.2.1/thumb/v6-m/nofp/libgcc.a
LOAD /usr/lib/gcc/arm-none-eabi/12.2.1/../../../arm-none-eabi/lib/thumb/v6-m/nofp/libc.a
LOAD /usr/lib/gcc/arm-none-eabi/12.2.1/../../../arm-none-eabi/lib/thumb/v6-m/nofp/libnosys.a
END GROUP
LOAD /usr/lib/gcc/arm-none-eabi/12.2.1/thumb/v6-m/nofp/crtend.o
LOAD /usr/lib/gcc/arm-none-eabi/12.2.1/thumb/v6-m/nofp/crtn.o
OUTPUT(blink_led.elf elf32-littlearm)
LOAD linker stubs

.ARM.attributes
                0x0000000000000000       0x28
 .ARM.attributes
                0x0000000000000000       0x1e /usr/lib/gcc/arm-none-eabi/12.2.1/thumb/v6-m/nofp/crti.o
 .ARM.attributes
                0x000000000000001e       0x2c /usr/lib/gcc/arm-none-eabi/12.2.1/thumb/v6-m/nofp/crtbegin.o
 .ARM.attributes
                0x000000000000004a       0x2c CMakeFiles/blink_led.dir/usb.c.obj
 .ARM.attributes
                0x0000000000000076       0x2c CMakeFiles/blink_led.dir/home/user/pico-sdk/src/rp2_common/hardware_gpio/gpio.c.obj
 .ARM.attributes
                0x00000000000000a2       0x2c CMakeFiles/blink_led.dir/home/user/pico-sdk/src/rp2_common/pico_platform/platform.c.obj
 .ARM.attributes
                0x00000000000000ce       0x2c CMakeFiles/blink_led.dir/home/user/pico-sdk/src/rp2_common/hardware_claim/claim.c.obj
 .ARM.attributes
                0x00000000000000fa       0x2c CMakeFiles/blink_led.dir/home/user/pico-sdk/src/rp2_common/hardware_sync/sync.c.obj
 .ARM.attributes
                0x0000000000000126       0x2c CMakeFiles/blink_led.dir/home/user/pico-sdk/src/rp2_common/hardware_irq/irq.c.obj
 .ARM.attributes
                0x0000000000000152       0x22 CMakeFiles/blink_led.dir/home/user/pico-sdk/src/rp2_common/hardware_irq/irq_handler_chain.S.obj
 .ARM.attributes
                0x0000000000000174       0x2c CMakeFiles/blink_led.dir/home/user/pico-sdk/src/common/pico_sync/lock_core.c.obj
 .ARM.attributes
                0x00000000000001a0       0x2c CMakeFiles/blink_led.dir/home/user/pico-sdk/src/common/pico_sync/mutex.c.obj
 .ARM.attributes
                0x00000000000001cc       0x2c CMakeFiles/blink_led.dir/home/user/pico-sdk/src/common/pico_sync/critical_section.c.obj
 .ARM.attributes
                0x00000000000001f8       0x2c CMakeFiles/blink_led.dir/home/user/pico-sdk/src/common/pico_time/time.c.obj
 .ARM.attributes
                0x0000000000000224       0x2c CMakeFiles/blink_led.dir/home/user/pico-sdk/src/rp2_common/hardware_timer/timer.c.obj
 .ARM.attributes
                0x0000000000000250       0x2c CMakeFiles/blink_led.dir/home/user/pico-sdk/src/common/pico_util/pheap.c.obj
 .ARM.attributes
                0x000000000000027c       0x2c CMakeFiles/blink_led.dir/home/user/pico-sdk/src/rp2_common/hardware_clocks/clocks.c.obj
 .ARM.attributes
                0x00000000000002a8       0x2c CMakeFiles/blink_led.dir/home/user/pico-sdk/src/rp2_common/hardware_pll/pll.c.obj
 .ARM.attributes
                0x00000000000002d4       0x2c CMakeFiles/blink_led.dir/home/user/pico-sdk/src/rp2_common/hardware_watchdog/watchdog.c.obj
 .ARM.attributes
                0x0000000000000300       0x2c CMakeFiles/blink_led.dir/home/user/pico-sdk/src/rp2_common/hardware_xosc/xosc.c.obj
 .ARM.attributes
                0x000000000000032c       0x2c CMakeFiles/blink_led.dir/home/user/pico-sdk/src/rp2_common/pico_runtime/runtime.c.obj
 .ARM.attributes
                0x0000000000000358       0x2c CMakeFiles/blink_led.dir/home/user/pico-sdk/src/rp2_common/pico_printf/printf.c.obj
 .ARM.attributes
                0x0000000000000384       0x22 CMakeFiles/blink_led.dir/home/user/pico-sdk/src/rp2_common/pico_bit_ops/bit_ops_aeabi.S.obj
 .ARM.attributes
                0x00000000000003a6       0x2c CMakeFiles/blink_led.dir/home/user/pico-sdk/src/rp2_common/pico_bootrom/bootrom.c.obj
 .ARM.attributes
                0x00000000000003d2       0x22 CMakeFiles/blink_led.dir/home/user/pico-sdk/src/rp2_common/pico_divider/divider.S.obj
 .ARM.attributes
                0x00000000000003f4       0x22 CMakeFiles/blink_led.dir/home/user/pico-sdk/src/rp2_common/pico_double/double_aeabi.S.obj
 .ARM.attributes
                0x0000000000000416       0x2c CMakeFiles/blink_led.dir/home/user/pico-sdk/src/rp2_common/pico_double/double_init_rom.c.obj
 .ARM.attributes
                0x0000000000000442       0x22 CMakeFiles/blink_led.dir/home/user/pico-sdk/src/rp2_common/pico_double/double_v1_rom_shim.S.obj
 .ARM.attributes
                0x0000000000000464       0x22 CMakeFiles/blink_led.dir/home/user/pico-sdk/src/rp2_common/pico_int64_ops/pico_int64_ops_aeabi.S.obj
 .ARM.attributes
                0x0000000000000486       0x22 CMakeFiles/blink_led.dir/home/user/pico-sdk/src/rp2_common/pico_float/float_aeabi.S.obj
 .ARM.attributes
                0x00000000000004a8       0x2c CMakeFiles/blink_led.dir/home/user/pico-sdk/src/rp2_common/pico_float/float_init_rom.c.obj
 .ARM.attributes
                0x00000000000004d4       0x22 CMakeFiles/blink_led.dir/home/user/pico-sdk/src/rp2_common/pico_float/float_v1_rom_shim.S.obj
 .ARM.attributes
                0x00000000000004f6       0x22 CMakeFiles/blink_led.dir/home/user/pico-sdk/src/rp2_common/pico_mem_ops/mem_ops_aeabi.S.obj
 .ARM.attributes
                0x0000000000000518       0x22 CMakeFiles/blink_led.dir/home/user/pico-sdk/src/rp2_common/pico_standard_link/crt0.S.obj
 .ARM.attributes
                0x000000000000053a       0x2c CMakeFiles/blink_led.dir/home/user/pico-sdk/src/rp2_common/pico_standard_link/binary_info.c.obj
 .ARM.attributes
                0x0000000000000566       0x2c CMakeFiles/blink_led.dir/home/user/pico-sdk/src/rp2_common/pico_stdio/stdio.c.obj
 .ARM.attributes
                0x0000000000000592       0x2c CMakeFiles/blink_led.dir/home/user/pico-sdk/src/rp2_common/pico_stdio_usb/reset_interface.c.obj
 .ARM.attributes
                0x00000000000005be       0x2c CMakeFiles/blink_led.dir/home/user/pico-sdk/src/rp2_common/pico_stdio_usb/stdio_usb.c.obj
 .ARM.attributes
                0x00000000000005ea       0x2c CMakeFiles/blink_led.dir/home/user/pico-sdk/src/rp2_common/pico_stdio_usb/stdio_usb_descriptors.c.obj
 .ARM.attributes
                0x0000000000000616       0x2c CMakeFiles/blink_led.dir/home/user/pico-sdk/src/rp2_common/pico_unique_id/unique_id.c.obj
 .ARM.attributes
                0x0000000000000642       0x2c CMakeFiles/blink_led.dir/home/user/pico-sdk/src/rp2_common/hardware_flash/flash.c.obj
 .ARM.attributes
                0x000000000000066e       0x2c CMakeFiles/blink_led.dir/home/user/pico-sdk/lib/tinyusb/src/portable/raspberrypi/rp2040/dcd_rp2040.c.obj
 .ARM.attributes
                0x000000000000069a       0x2c CMakeFiles/blink_led.dir/home/user/pico-sdk/lib/tinyusb/src/portable/raspberrypi/rp2040/rp2040_usb.c.obj
 .ARM.attributes
                0x00000000000006c6       0x2c CMakeFiles/blink_led.dir/home/user/pico-sdk/lib/tinyusb/src/device/usbd.c.obj
 .ARM.attributes
                0x00000000000006f2       0x2c CMakeFiles/blink_led.dir/home/user/pico-sdk/lib/tinyusb/src/device/usbd_control.c.obj
 .ARM.attributes
                0x000000000000071e       0x2c CMakeFiles/blink_led.dir/home/user/pico-sdk/lib/tinyusb/src/class/cdc/cdc_device.c.obj
 .ARM.attributes
                0x000000000000074a       0x2c CMakeFiles/blink_led.dir/home/user/pico-sdk/lib/tinyusb/src/tusb.c.obj
 .ARM.attributes
                0x0000000000000776       0x2c CMakeFiles/blink_led.dir/home/user/pico-sdk/lib/tinyusb/src/common/tusb_fifo.c.obj
 .ARM.attributes
                0x00000000000007a2       0x22 /tmp/ccRPdHKW.o
 .ARM.attributes
                0x00000000000007c4       0x1e /usr/lib/gcc/arm-none-eabi/12.2.1/thumb/v6-m/nofp/libgcc.a(_dvmd_tls.o)
 .ARM.attributes
                0x00000000000007e2       0x2c /usr/lib/gcc/arm-none-eabi/12.2.1/../../../arm-none-eabi/lib/thumb/v6-m/nofp/libc.a(lib_a-strlen-stub.o)
 .ARM.attributes
                0x000000000000080e       0x2c /usr/lib/gcc/arm-none-eabi/12.2.1/thumb/v6-m/nofp/crtend.o

.comment        0x0000000000000000       0x59
 .comment       0x0000000000000000       0x26 /usr/lib/gcc/arm-none-eabi/12.2.1/thumb/v6-m/nofp/crtbegin.o
                                         0x27 (size before relaxing)
 .comment       0x0000000000000026       0x27 CMakeFiles/blink_led.dir/usb.c.obj
 .comment       0x0000000000000026       0x27 CMakeFiles/blink_led.dir/home/user/pico-sdk/src/rp2_common/hardware_gpio/gpio.c.obj
 .comment       0x0000000000000026       0x27 CMakeFiles/blink_led.dir/home/user/pico-sdk/src/rp2_common/pico_platform/platform.c.obj
 .comment       0x0000000000000026       0x27 CMakeFiles/blink_led.dir/home/user/pico-sdk/src/rp2_common/hardware_claim/claim.c.obj
 .comment       0x0000000000000026       0x27 CMakeFiles/blink_led.dir/home/user/pico-sdk/src/rp2_common/hardware_sync/sync.c.obj
 .comment       0x0000000000000026       0x27 CMakeFiles/blink_led.dir/home/user/pico-sdk/src/rp2_common/hardware_irq/irq.c.obj
 .comment       0x0000000000000026       0x27 CMakeFiles/blink_led.dir/home/user/pico-sdk/src/common/pico_sync/lock_core.c.obj
 .comment       0x0000000000000026       0x27 CMakeFiles/blink_led.dir/home/user/pico-sdk/src/common/pico_sync/mutex.c.obj
 .comment       0x0000000000000026       0x27 CMakeFiles/blink_led.dir/home/user/pico-sdk/src/common/pico_sync/critical_section.c.obj
 .comment       0x0000000000000026       0x27 CMakeFiles/blink_led.dir/home/user/pico-sdk/src/common/pico_time/time.c.obj
 .comment       0x0000000000000026       0x27 CMakeFiles/blink_led.dir/home/user/pico-sdk/src/rp2_common/hardware_timer/timer.c.obj
 .comment       0x0000000000000026       0x27 CMakeFiles/blink_led.dir/home/user/pico-sdk/src/common/pico_util/pheap.c.obj
 .comment       0x0000000000000026       0x27 CMakeFiles/blink_led.dir/home/user/pico-sdk/src/rp2_common/hardware_clocks/clocks.c.obj
 .comment       0x0000000000000026       0x27 CMakeFiles/blink_led.dir/home/user/pico-sdk/src/rp2_common/hardware_pll/pll.c.obj
 .comment       0x0000000000000026       0x27 CMakeFiles/blink_led.dir/home/user/pico-sdk/src/rp2_common/hardware_watchdog/watchdog.c.obj
 .comment       0x0000000000000026       0x27 CMakeFiles/blink_led.dir/home/user/pico-sdk/src/rp2_common/hardware_xosc/xosc.c.obj
 .comment       0x0000000000000026       0x27 CMakeFiles/blink_led.dir/home/user/pico-sdk/src/rp2_common/pico_runtime/runtime.c.obj
 .comment       0x0000000000000026       0x27 CMakeFiles/blink_led.dir/home/user/pico-sdk/src/rp2_common/pico_printf/printf.c.obj
 .comment       0x0000000000000026       0x27 CMakeFiles/blink_led.dir/home/user/pico-sdk/src/rp2_common/pico_bootrom/bootrom.c.obj
 .comment       0x0000000000000026       0x27 CMakeFiles/blink_led.dir/home/user/pico-sdk/src/rp2_common/pico_double/double_init_rom.c.obj
 .comment       0x0000000000000026       0x27 CMakeFiles/blink_led.dir/home/user/pico-sdk/src/rp2_common/pico_float/float_init_rom.c.obj
 .comment       0x0000000000000026       0x27 CMakeFiles/blink_led.dir/home/user/pico-sdk/src/rp2_common/pico_standard_link/binary_info.c.obj
 .comment       0x0000000000000026       0x27 CMakeFiles/blink_led.dir/home/user/pico-sdk/src/rp2_common/pico_stdio/stdio.c.obj
 .comment       0x0000000000000026       0x27 CMakeFiles/blink_led.dir/home/user/pico-sdk/src/rp2_common/pico_stdio_usb/reset_interface.c.obj
 .comment       0x0000000000000026       0x27 CMakeFiles/blink_led.dir/home/user/pico-sdk/src/rp2_common/pico_stdio_usb/stdio_usb.c.obj
 .comment       0x0000000000000026       0x27 CMakeFiles/blink_led.dir/home/user/pico-sdk/src/rp2_common/pico_stdio_usb/stdio_usb_descriptors.c.obj
 .comment       0x0000000000000026       0x27 CMakeFiles/blink_led.dir/home/user/pico-sdk/src/rp2_common/pico_unique_id/unique_id.c.obj
 .comment       0x0000000000000026       0x27 CMakeFiles/blink_led.dir/home/user/pico-sdk/src/rp2_common/hardware_flash/flash.c.obj
 .comment       0x0000000000000026       0x27 CMakeFiles/blink_led.dir/home/user/pico-sdk/lib/tinyusb/src/portable/raspberrypi/rp2040/dcd_rp2040.c.obj
 .comment       0x0000000000000026       0x27 CMakeFiles/blink_led.dir/home/user/pico-sdk/lib/tinyusb/src/portable/raspberrypi/rp2040/rp2040_usb.c.obj
 .comment       0x0000000000000026       0x27 CMakeFiles/blink_led.dir/home/user/pico-sdk/lib/tinyusb/src/device/usbd.c.obj
 .comment       0x0000000000000026       0x27 CMakeFiles/blink_led.dir/home/user/pico-sdk/lib/tinyusb/src/device/usbd_control.c.obj
 .comment       0x0000000000000026       0x27 CMakeFiles/blink_led.dir/home/user/pico-sdk/lib/tinyusb/src/class/cdc/cdc_device.c.obj
 .comment       0x0000000000000026       0x27 CMakeFiles/blink_led.dir/home/user/pico-sdk/lib/tinyusb/src/tusb.c.obj
 .comment       0x0000000000000026       0x27 CMakeFiles/blink_led.dir/home/user/pico-sdk/lib/tinyusb/src/common/tusb_fifo.c.obj
 .comment       0x0000000000000026       0x33 /usr/lib/gcc/arm-none-eabi/12.2.1/../../../arm-none-eabi/lib/thumb/v6-m/nofp/libc.a(lib_a-strlen-stub.o)
                                         0x34 (size before relaxing)
 .comment       0x0000000000000059       0x27 /usr/lib/gcc/arm-none-eabi/12.2.1/thumb/v6-m/nofp/crtend.o

.debug_line     0x0000000000000000      0x1bc
 .debug_line    0x0000000000000000       0x4a /usr/lib/gcc/arm-none-eabi/12.2.1/thumb/v6-m/nofp/libgcc.a(_dvmd_tls.o)
 .debug_line    0x000000000000004a      0x172 /usr/lib/gcc/arm-none-eabi/12.2.1/../../../arm-none-eabi/lib/thumb/v6-m/nofp/libc.a(lib_a-strlen-stub.o)

.debug_line_str
                0x0000000000000000       0x97
 .debug_line_str
                0x0000000000000000       0x97 /usr/lib/gcc/arm-none-eabi/12.2.1/thumb/v6-m/nofp/libgcc.a(_dvmd_tls.o)

.debug_info     0x0000000000000000      0x127
 .debug_info    0x0000000000000000       0x39 /usr/lib/gcc/arm-none-eabi/12.2.1/thumb/v6-m/nofp/libgcc.a(_dvmd_tls.o)
 .debug_info    0x0000000000000039       0xee /usr/lib/gcc/arm-none-eabi/12.2.1/../../../arm-none-eabi/lib/thumb/v6-m/nofp/libc.a(lib_a-strlen-stub.o)

.debug_abbrev   0x0000000000000000       0xae
 .debug_abbrev  0x0000000000000000       0x1f /usr/lib/gcc/arm-none-eabi/12.2.1/thumb/v6-m/nofp/libgcc.a(_dvmd_tls.o)
 .debug_abbrev  0x000000000000001f       0x8f /usr/lib/gcc/arm-none-eabi/12.2.1/../../../arm-none-eabi/lib/thumb/v6-m/nofp/libc.a(lib_a-strlen-stub.o)

.debug_aranges  0x0000000000000000       0x40
 .debug_aranges
                0x0000000000000000       0x20 /usr/lib/gcc/arm-none-eabi/12.2.1/thumb/v6-m/nofp/libgcc.a(_dvmd_tls.o)
 .debug_aranges
                0x0000000000000020       0x20 /usr/lib/gcc/arm-none-eabi/12.2.1/../../../arm-none-eabi/lib/thumb/v6-m/nofp/libc.a(lib_a-strlen-stub.o)

.debug_str      0x0000000000000000      0x24b
 .debug_str     0x0000000000000000       0xbf /usr/lib/gcc/arm-none-eabi/12.2.1/thumb/v6-m/nofp/libgcc.a(_dvmd_tls.o)
 .debug_str     0x00000000000000bf      0x18c /usr/lib/gcc/arm-none-eabi/12.2.1/../../../arm-none-eabi/lib/thumb/v6-m/nofp/libc.a(lib_a-strlen-stub.o)
                                        0x1c5 (size before relaxing)

.debug_loc      0x0000000000000000       0x90
 .debug_loc     0x0000000000000000       0x90 /usr/lib/gcc/arm-none-eabi/12.2.1/../../../arm-none-eabi/lib/thumb/v6-m/nofp/libc.a(lib_a-strlen-stub.o)

.debug_frame    0x0000000000000000       0x28
 .debug_frame   0x0000000000000000       0x28 /usr/lib/gcc/arm-none-eabi/12.2.1/../../../arm-none-eabi/lib/thumb/v6-m/nofp/libc.a(lib_a-strlen-stub.o)
