Archive member included to satisfy reference by file (symbol)

libFreeRTOS.a(tasks.c.obj)    CMakeFiles/blink.dir/src/main.c.obj (xTaskCreate)
libFreeRTOS.a(timers.c.obj)   libFreeRTOS.a(tasks.c.obj) (xTimerCreateTimerTask)
libFreeRTOS.a(port.c.obj)     libFreeRTOS.a(tasks.c.obj) (pxPortInitialiseStack)
libFreeRTOS.a(heap_4.c.obj)   libFreeRTOS.a(tasks.c.obj) (pvPortMalloc)
libFreeRTOS.a(list.c.obj)     libFreeRTOS.a(tasks.c.obj) (vListInitialise)
libFreeRTOS.a(queue.c.obj)    libFreeRTOS.a(timers.c.obj) (xQueueGenericCreate)
/usr/lib/gcc/arm-none-eabi/12.2.1/thumb/v6-m/nofp/libgcc.a(_dvmd_tls.o)
                              CMakeFiles/blink.dir/home/user/pico-sdk/src/rp2_common/pico_divider/divider.S.obj (__aeabi_idiv0)
/usr/lib/gcc/arm-none-eabi/12.2.1/../../../arm-none-eabi/lib/thumb/v6-m/nofp/libc.a(lib_a-atexit.o)
                              /usr/lib/gcc/arm-none-eabi/12.2.1/../../../arm-none-eabi/lib/thumb/v6-m/nofp/crt0.o (atexit)
/usr/lib/gcc/arm-none-eabi/12.2.1/../../../arm-none-eabi/lib/thumb/v6-m/nofp/libc.a(lib_a-calloc.o)
                              CMakeFiles/blink.dir/home/user/pico-sdk/src/rp2_common/pico_malloc/pico_malloc.c.obj (calloc)
/usr/lib/gcc/arm-none-eabi/12.2.1/../../../arm-none-eabi/lib/thumb/v6-m/nofp/libc.a(lib_a-callocr.o)
                              /usr/lib/gcc/arm-none-eabi/12.2.1/../../../arm-none-eabi/lib/thumb/v6-m/nofp/libc.a(lib_a-calloc.o) (_calloc_r)
/usr/lib/gcc/arm-none-eabi/12.2.1/../../../arm-none-eabi/lib/thumb/v6-m/nofp/libc.a(lib_a-fini.o)
                              /usr/lib/gcc/arm-none-eabi/12.2.1/../../../arm-none-eabi/lib/thumb/v6-m/nofp/crt0.o (__libc_fini_array)
/usr/lib/gcc/arm-none-eabi/12.2.1/../../../arm-none-eabi/lib/thumb/v6-m/nofp/libc.a(lib_a-impure.o)
                              /usr/lib/gcc/arm-none-eabi/12.2.1/../../../arm-none-eabi/lib/thumb/v6-m/nofp/libc.a(lib_a-calloc.o) (_impure_ptr)
/usr/lib/gcc/arm-none-eabi/12.2.1/../../../arm-none-eabi/lib/thumb/v6-m/nofp/libc.a(lib_a-init.o)
                              /usr/lib/gcc/arm-none-eabi/12.2.1/../../../arm-none-eabi/lib/thumb/v6-m/nofp/crt0.o (__libc_init_array)
/usr/lib/gcc/arm-none-eabi/12.2.1/../../../arm-none-eabi/lib/thumb/v6-m/nofp/libc.a(lib_a-malloc.o)
                              CMakeFiles/blink.dir/home/user/pico-sdk/src/rp2_common/pico_malloc/pico_malloc.c.obj (malloc)
/usr/lib/gcc/arm-none-eabi/12.2.1/../../../arm-none-eabi/lib/thumb/v6-m/nofp/libc.a(lib_a-mallocr.o)
                              /usr/lib/gcc/arm-none-eabi/12.2.1/../../../arm-none-eabi/lib/thumb/v6-m/nofp/libc.a(lib_a-callocr.o) (_malloc_r)
/usr/lib/gcc/arm-none-eabi/12.2.1/../../../arm-none-eabi/lib/thumb/v6-m/nofp/libc.a(lib_a-mlock.o)
                              /usr/lib/gcc/arm-none-eabi/12.2.1/../../../arm-none-eabi/lib/thumb/v6-m/nofp/libc.a(lib_a-mallocr.o) (__malloc_lock)
/usr/lib/gcc/arm-none-eabi/12.2.1/../../../arm-none-eabi/lib/thumb/v6-m/nofp/libc.a(lib_a-realloc.o)
                              CMakeFiles/blink.dir/home/user/pico-sdk/src/rp2_common/pico_malloc/pico_malloc.c.obj (realloc)
/usr/lib/gcc/arm-none-eabi/12.2.1/../../../arm-none-eabi/lib/thumb/v6-m/nofp/libc.a(lib_a-reallocr.o)
                              /usr/lib/gcc/arm-none-eabi/12.2.1/../../../arm-none-eabi/lib/thumb/v6-m/nofp/libc.a(lib_a-realloc.o) (_realloc_r)
/usr/lib/gcc/arm-none-eabi/12.2.1/../../../arm-none-eabi/lib/thumb/v6-m/nofp/libc.a(lib_a-sbrkr.o)
                              /usr/lib/gcc/arm-none-eabi/12.2.1/../../../arm-none-eabi/lib/thumb/v6-m/nofp/libc.a(lib_a-mallocr.o) (_sbrk_r)
/usr/lib/gcc/arm-none-eabi/12.2.1/../../../arm-none-eabi/lib/thumb/v6-m/nofp/libc.a(lib_a-strlen-stub.o)
                              CMakeFiles/blink.dir/home/user/pico-sdk/src/rp2_common/pico_stdio/stdio.c.obj (strlen)
/usr/lib/gcc/arm-none-eabi/12.2.1/../../../arm-none-eabi/lib/thumb/v6-m/nofp/libc.a(lib_a-__atexit.o)
                              /usr/lib/gcc/arm-none-eabi/12.2.1/../../../arm-none-eabi/lib/thumb/v6-m/nofp/libc.a(lib_a-atexit.o) (__register_exitproc)
/usr/lib/gcc/arm-none-eabi/12.2.1/../../../arm-none-eabi/lib/thumb/v6-m/nofp/libc.a(lib_a-freer.o)
                              /usr/lib/gcc/arm-none-eabi/12.2.1/../../../arm-none-eabi/lib/thumb/v6-m/nofp/libc.a(lib_a-malloc.o) (_free_r)
/usr/lib/gcc/arm-none-eabi/12.2.1/../../../arm-none-eabi/lib/thumb/v6-m/nofp/libc.a(lib_a-memmove.o)
                              /usr/lib/gcc/arm-none-eabi/12.2.1/../../../arm-none-eabi/lib/thumb/v6-m/nofp/libc.a(lib_a-reallocr.o) (memmove)
/usr/lib/gcc/arm-none-eabi/12.2.1/../../../arm-none-eabi/lib/thumb/v6-m/nofp/libc.a(lib_a-reent.o)
                              /usr/lib/gcc/arm-none-eabi/12.2.1/../../../arm-none-eabi/lib/thumb/v6-m/nofp/libc.a(lib_a-sbrkr.o) (errno)

Discarded input sections

 .text          0x0000000000000000        0x0 /usr/lib/gcc/arm-none-eabi/12.2.1/thumb/v6-m/nofp/crti.o
 .data          0x0000000000000000        0x0 /usr/lib/gcc/arm-none-eabi/12.2.1/thumb/v6-m/nofp/crti.o
[...]
Memory Configuration

Name             Origin             Length             Attributes
FLASH            0x0000000010000000 0x0000000000200000 xr
RAM              0x0000000020000000 0x0000000000040000 xrw
SCRATCH_X        0x0000000020040000 0x0000000000001000 xrw
SCRATCH_Y        0x0000000020041000 0x0000000000001000 xrw
*default*        0x0000000000000000 0xffffffffffffffff

Linker script and memory map

LOAD /usr/lib/gcc/arm-none-eabi/12.2.1/thumb/v6-m/nofp/crti.o
LOAD /usr/lib/gcc/arm-none-eabi/12.2.1/thumb/v6-m/nofp/crtbegin.o
LOAD /usr/lib/gcc/arm-none-eabi/12.2.1/../../../arm-none-eabi/lib/thumb/v6-m/nofp/crt0.o

.flash_begin    0x0000000010000000        0x0
                0x0000000010000000                __flash_binary_start = .

.boot2          0x0000000010000000      0x100
                0x0000000010000000                __boot2_start__ = .
 *(.boot2)
 .boot2         0x0000000010000000      0x100 /tmp/ccNaHXww.o
                0x0000000010000100                __boot2_end__ = .
                0x0000000000000001                ASSERT (((__boot2_end__ - __boot2_start__) == 0x100), ERROR: Pico second stage bootloader must be 256 bytes in size)

.text           0x0000000010000100     0x9a90
                0x0000000010000100                __logical_binary_start = .
 *(.vectors)
 .vectors       0x0000000010000100       0xd4 CMakeFiles/blink.dir/home/user/pico-sdk/src/rp2_common/pico_standard_link/crt0.S.obj
                0x0000000010000100                __vectors
                0x0000000010000100                __VECTOR_TABLE
                0x00000000100001c0                isr_invalid
                0x00000000100001c0                __default_isrs_start
                0x00000000100001c2                isr_nmi
                0x00000000100001c4                isr_hardfault
                0x00000000100001cc                isr_irq30
                0x00000000100001cc                __unhandled_user_irq
                0x00000000100001cc                isr_irq13
                0x00000000100001cc                isr_irq27
                0x00000000100001cc                isr_irq31
                0x00000000100001cc                isr_irq5
                0x00000000100001cc                isr_irq11
                0x00000000100001cc                isr_irq23
                0x00000000100001cc                isr_irq18
                0x00000000100001cc                isr_irq28
                0x00000000100001cc                isr_irq19
                0x00000000100001cc                isr_irq0
                0x00000000100001cc                isr_irq6
                0x00000000100001cc                isr_irq22
                0x00000000100001cc                isr_irq17
                0x00000000100001cc                isr_irq14
                0x00000000100001cc                isr_irq2
                0x00000000100001cc                isr_irq10
                0x00000000100001cc                isr_irq8
                0x00000000100001cc                isr_irq24
                0x00000000100001cc                isr_irq1
                0x00000000100001cc                isr_irq7
                0x00000000100001cc                isr_irq21
                0x00000000100001cc                isr_irq20
                0x00000000100001cc                isr_irq15
                0x00000000100001cc                isr_irq25
                0x00000000100001cc                isr_irq4
                0x00000000100001cc                isr_irq16
                0x00000000100001cc                isr_irq29
                0x00000000100001cc                isr_irq26
                0x00000000100001cc                __default_isrs_end
                0x00000000100001cc                isr_irq3
                0x00000000100001cc                isr_irq12
                0x00000000100001cc                isr_irq9
                0x00000000100001d2                unhandled_user_irq_num_in_r0
 *(.binary_info_header)
 .binary_info_header
                0x00000000100001d4       0x14 CMakeFiles/blink.dir/home/user/pico-sdk/src/rp2_common/pico_standard_link/crt0.S.obj
                0x00000000100001e8                __binary_info_header_end = .
 *(.reset)
 .reset         0x00000000100001e8       0xa0 CMakeFiles/blink.dir/home/user/pico-sdk/src/rp2_common/pico_standard_link/crt0.S.obj
                0x00000000100001e8                _entry_point
 .reset         0x0000000010000288       0x30 CMakeFiles/blink.dir/home/user/pico-sdk/src/rp2_common/pico_standard_link/binary_info.c.obj
 *(.init)
 .init          0x00000000100002b8        0x4 /usr/lib/gcc/arm-none-eabi/12.2.1/thumb/v6-m/nofp/crti.o
                0x00000000100002b8                _init
 *(EXCLUDE_FILE(*libm.a: *libc.a:*lib_a-mem*.o *libgcc.a:) .text*)
 .text          0x00000000100002bc       0x98 /usr/lib/gcc/arm-none-eabi/12.2.1/thumb/v6-m/nofp/crtbegin.o
 .text.GreenLEDTask
                0x0000000010000354       0x34 CMakeFiles/blink.dir/src/main.c.obj
                0x0000000010000354                GreenLEDTask
 .text.RedLEDTask
                0x0000000010000388       0x40 CMakeFiles/blink.dir/src/main.c.obj
                0x0000000010000388                RedLEDTask
 .text.startup.main
                0x00000000100003c8       0x6c CMakeFiles/blink.dir/src/main.c.obj
                0x00000000100003c8                main
 .text.gpio_init
                0x0000000010000434       0x3c CMakeFiles/blink.dir/home/user/pico-sdk/src/rp2_common/hardware_gpio/gpio.c.obj
                0x0000000010000434                gpio_init
 .text.running_on_fpga
                0x0000000010000470       0x10 CMakeFiles/blink.dir/home/user/pico-sdk/src/rp2_common/pico_platform/platform.c.obj
                0x0000000010000470                running_on_fpga
 .text.hw_claim_or_assert
                0x0000000010000480       0x44 CMakeFiles/blink.dir/home/user/pico-sdk/src/rp2_common/hardware_claim/claim.c.obj
                0x0000000010000480                hw_claim_or_assert
 .text.hw_claim_unused_from_range
                0x00000000100004c4       0x9c CMakeFiles/blink.dir/home/user/pico-sdk/src/rp2_common/hardware_claim/claim.c.obj
                0x00000000100004c4                hw_claim_unused_from_range
 .text.spin_locks_reset
                0x0000000010000560       0x1c CMakeFiles/blink.dir/home/user/pico-sdk/src/rp2_common/hardware_sync/sync.c.obj
                0x0000000010000560                spin_locks_reset
 .text.next_striped_spin_lock_num
                0x000000001000057c       0x18 CMakeFiles/blink.dir/home/user/pico-sdk/src/rp2_common/hardware_sync/sync.c.obj
                0x000000001000057c                next_striped_spin_lock_num
 .text.spin_lock_claim_unused
                0x0000000010000594       0x24 CMakeFiles/blink.dir/home/user/pico-sdk/src/rp2_common/hardware_sync/sync.c.obj
                0x0000000010000594                spin_lock_claim_unused
 .text.irq_set_enabled
                0x00000000100005b8       0x24 CMakeFiles/blink.dir/home/user/pico-sdk/src/rp2_common/hardware_irq/irq.c.obj
                0x00000000100005b8                irq_set_enabled
 .text.irq_set_pending
                0x00000000100005dc       0x10 CMakeFiles/blink.dir/home/user/pico-sdk/src/rp2_common/hardware_irq/irq.c.obj
                0x00000000100005dc                irq_set_pending
 .text.irq_has_shared_handler
                0x00000000100005ec       0x2c CMakeFiles/blink.dir/home/user/pico-sdk/src/rp2_common/hardware_irq/irq.c.obj
                0x00000000100005ec                irq_has_shared_handler
 .text.irq_get_vtable_handler
                0x0000000010000618       0x10 CMakeFiles/blink.dir/home/user/pico-sdk/src/rp2_common/hardware_irq/irq.c.obj
                0x0000000010000618                irq_get_vtable_handler
 .text.irq_set_exclusive_handler
                0x0000000010000628       0x54 CMakeFiles/blink.dir/home/user/pico-sdk/src/rp2_common/hardware_irq/irq.c.obj
                0x0000000010000628                irq_set_exclusive_handler
 .text.irq_add_shared_handler
                0x000000001000067c      0x1f4 CMakeFiles/blink.dir/home/user/pico-sdk/src/rp2_common/hardware_irq/irq.c.obj
                0x000000001000067c                irq_add_shared_handler
 .text.irq_remove_handler
                0x0000000010000870      0x1c4 CMakeFiles/blink.dir/home/user/pico-sdk/src/rp2_common/hardware_irq/irq.c.obj
                0x0000000010000870                irq_remove_handler
 .text.irq_add_tail_to_free_list
                0x0000000010000a34       0xb4 CMakeFiles/blink.dir/home/user/pico-sdk/src/rp2_common/hardware_irq/irq.c.obj
                0x0000000010000a34                irq_add_tail_to_free_list
 .text.irq_init_priorities
                0x0000000010000ae8       0x24 CMakeFiles/blink.dir/home/user/pico-sdk/src/rp2_common/hardware_irq/irq.c.obj
                0x0000000010000ae8                irq_init_priorities
 .text.user_irq_claim_unused
                0x0000000010000b0c       0x2c CMakeFiles/blink.dir/home/user/pico-sdk/src/rp2_common/hardware_irq/irq.c.obj
                0x0000000010000b0c                user_irq_claim_unused
 .text.lock_init
                0x0000000010000b38       0x10 CMakeFiles/blink.dir/home/user/pico-sdk/src/common/pico_sync/lock_core.c.obj
                0x0000000010000b38                lock_init
 .text.mutex_init
                0x0000000010000b48       0x1c CMakeFiles/blink.dir/home/user/pico-sdk/src/common/pico_sync/mutex.c.obj
                0x0000000010000b48                mutex_init
 .text.recursive_mutex_init
                0x0000000010000b64       0x1c CMakeFiles/blink.dir/home/user/pico-sdk/src/common/pico_sync/mutex.c.obj
                0x0000000010000b64                recursive_mutex_init
 .text.critical_section_init
                0x0000000010000b80       0x1c CMakeFiles/blink.dir/home/user/pico-sdk/src/common/pico_sync/critical_section.c.obj
                0x0000000010000b80                critical_section_init
 .text.critical_section_init_with_lock_num
                0x0000000010000b9c       0x14 CMakeFiles/blink.dir/home/user/pico-sdk/src/common/pico_sync/critical_section.c.obj
                0x0000000010000b9c                critical_section_init_with_lock_num
 .text.timer_pool_entry_comparator
                0x0000000010000bb0       0x34 CMakeFiles/blink.dir/home/user/pico-sdk/src/common/pico_time/time.c.obj
                0x0000000010000bb0                timer_pool_entry_comparator
 .text.sleep_until_callback
                0x0000000010000be4       0x30 CMakeFiles/blink.dir/home/user/pico-sdk/src/common/pico_time/time.c.obj
 .text.add_alarm_under_lock.isra.0
                0x0000000010000c14      0x100 CMakeFiles/blink.dir/home/user/pico-sdk/src/common/pico_time/time.c.obj
 .text.alarm_pool_alarm_callback
                0x0000000010000d14      0x1c0 CMakeFiles/blink.dir/home/user/pico-sdk/src/common/pico_time/time.c.obj
 .text.alarm_pool_init_default
                0x0000000010000ed4       0x6c CMakeFiles/blink.dir/home/user/pico-sdk/src/common/pico_time/time.c.obj
                0x0000000010000ed4                alarm_pool_init_default
 .text.alarm_pool_get_default
                0x0000000010000f40        0x8 CMakeFiles/blink.dir/home/user/pico-sdk/src/common/pico_time/time.c.obj
                0x0000000010000f40                alarm_pool_get_default
 .text.alarm_pool_add_alarm_at
                0x0000000010000f48      0x188 CMakeFiles/blink.dir/home/user/pico-sdk/src/common/pico_time/time.c.obj
                0x0000000010000f48                alarm_pool_add_alarm_at
 .text.alarm_pool_core_num
                0x00000000100010d0        0x4 CMakeFiles/blink.dir/home/user/pico-sdk/src/common/pico_time/time.c.obj
                0x00000000100010d0                alarm_pool_core_num
 .text.best_effort_wfe_or_timeout
                0x00000000100010d4       0xec CMakeFiles/blink.dir/home/user/pico-sdk/src/common/pico_time/time.c.obj
                0x00000000100010d4                best_effort_wfe_or_timeout
 .text.hardware_alarm_irq_handler
                0x00000000100011c0       0xbc CMakeFiles/blink.dir/home/user/pico-sdk/src/rp2_common/hardware_timer/timer.c.obj
 .text.hardware_alarm_claim
                0x000000001000127c       0x18 CMakeFiles/blink.dir/home/user/pico-sdk/src/rp2_common/hardware_timer/timer.c.obj
                0x000000001000127c                hardware_alarm_claim
 .text.time_us_64
                0x0000000010001294       0x14 CMakeFiles/blink.dir/home/user/pico-sdk/src/rp2_common/hardware_timer/timer.c.obj
                0x0000000010001294                time_us_64
 .text.hardware_alarm_set_callback
                0x00000000100012a8       0x8c CMakeFiles/blink.dir/home/user/pico-sdk/src/rp2_common/hardware_timer/timer.c.obj
                0x00000000100012a8                hardware_alarm_set_callback
 .text.hardware_alarm_set_target
                0x0000000010001334       0xd0 CMakeFiles/blink.dir/home/user/pico-sdk/src/rp2_common/hardware_timer/timer.c.obj
                0x0000000010001334                hardware_alarm_set_target
 .text.hardware_alarm_cancel
                0x0000000010001404       0x3c CMakeFiles/blink.dir/home/user/pico-sdk/src/rp2_common/hardware_timer/timer.c.obj
                0x0000000010001404                hardware_alarm_cancel
 .text.ph_merge_nodes
                0x0000000010001440       0x64 CMakeFiles/blink.dir/home/user/pico-sdk/src/common/pico_util/pheap.c.obj
 .text.ph_post_alloc_init
                0x00000000100014a4       0x3c CMakeFiles/blink.dir/home/user/pico-sdk/src/common/pico_util/pheap.c.obj
                0x00000000100014a4                ph_post_alloc_init
 .text.ph_merge_two_pass
                0x00000000100014e0       0x98 CMakeFiles/blink.dir/home/user/pico-sdk/src/common/pico_util/pheap.c.obj
                0x00000000100014e0                ph_merge_two_pass
 .text.ph_remove_any_head
                0x0000000010001578      0x100 CMakeFiles/blink.dir/home/user/pico-sdk/src/common/pico_util/pheap.c.obj
 .text.ph_remove_head
                0x0000000010001678      0x104 CMakeFiles/blink.dir/home/user/pico-sdk/src/common/pico_util/pheap.c.obj
                0x0000000010001678                ph_remove_head
 .text.ph_remove_and_free_node
                0x000000001000177c       0x78 CMakeFiles/blink.dir/home/user/pico-sdk/src/common/pico_util/pheap.c.obj
                0x000000001000177c                ph_remove_and_free_node
 .text.clocks_init
                0x00000000100017f4      0x2c8 CMakeFiles/blink.dir/home/user/pico-sdk/src/rp2_common/hardware_clocks/clocks.c.obj
                0x00000000100017f4                clocks_init
 .text.pll_init
                0x0000000010001abc       0xa0 CMakeFiles/blink.dir/home/user/pico-sdk/src/rp2_common/hardware_pll/pll.c.obj
                0x0000000010001abc                pll_init
 .text.watchdog_start_tick
                0x0000000010001b5c       0x10 CMakeFiles/blink.dir/home/user/pico-sdk/src/rp2_common/hardware_watchdog/watchdog.c.obj
                0x0000000010001b5c                watchdog_start_tick
 .text.watchdog_reboot
                0x0000000010001b6c       0x9c CMakeFiles/blink.dir/home/user/pico-sdk/src/rp2_common/hardware_watchdog/watchdog.c.obj
                0x0000000010001b6c                watchdog_reboot
 .text.xosc_init
                0x0000000010001c08       0x28 CMakeFiles/blink.dir/home/user/pico-sdk/src/rp2_common/hardware_xosc/xosc.c.obj
                0x0000000010001c08                xosc_init
 .text.runtime_init
                0x0000000010001c30       0xf0 CMakeFiles/blink.dir/home/user/pico-sdk/src/rp2_common/pico_runtime/runtime.c.obj
                0x0000000010001c30                runtime_init
 .text._exit    0x0000000010001d20        0x4 CMakeFiles/blink.dir/home/user/pico-sdk/src/rp2_common/pico_runtime/runtime.c.obj
                0x0000000010001d20                _exit
 .text.exit     0x0000000010001d24        0x8 CMakeFiles/blink.dir/home/user/pico-sdk/src/rp2_common/pico_runtime/runtime.c.obj
                0x0000000010001d24                exit
 .text.panic    0x0000000010001d2c       0x30 CMakeFiles/blink.dir/home/user/pico-sdk/src/rp2_common/pico_runtime/runtime.c.obj
                0x0000000010001d2c                panic
 .text.hard_assertion_failure
                0x0000000010001d5c        0xc CMakeFiles/blink.dir/home/user/pico-sdk/src/rp2_common/pico_runtime/runtime.c.obj
                0x0000000010001d5c                hard_assertion_failure
 .text._out_null
                0x0000000010001d68        0x4 CMakeFiles/blink.dir/home/user/pico-sdk/src/rp2_common/pico_printf/printf.c.obj
 .text._out_rev
                0x0000000010001d6c       0x90 CMakeFiles/blink.dir/home/user/pico-sdk/src/rp2_common/pico_printf/printf.c.obj
 .text._ntoa_format
                0x0000000010001dfc      0x1f4 CMakeFiles/blink.dir/home/user/pico-sdk/src/rp2_common/pico_printf/printf.c.obj
 .text._out_char
                0x0000000010001ff0       0x10 CMakeFiles/blink.dir/home/user/pico-sdk/src/rp2_common/pico_printf/printf.c.obj
 .text._out_fct
                0x0000000010002000       0x10 CMakeFiles/blink.dir/home/user/pico-sdk/src/rp2_common/pico_printf/printf.c.obj
 .text._etoa    0x0000000010002010      0x454 CMakeFiles/blink.dir/home/user/pico-sdk/src/rp2_common/pico_printf/printf.c.obj
 .text._ftoa    0x0000000010002464      0x3c4 CMakeFiles/blink.dir/home/user/pico-sdk/src/rp2_common/pico_printf/printf.c.obj
 .text._vsnprintf
                0x0000000010002828      0xb24 CMakeFiles/blink.dir/home/user/pico-sdk/src/rp2_common/pico_printf/printf.c.obj
 .text.vfctprintf
                0x000000001000334c       0x20 CMakeFiles/blink.dir/home/user/pico-sdk/src/rp2_common/pico_printf/printf.c.obj
                0x000000001000334c                vfctprintf
 .text.weak_raw_vprintf
                0x000000001000336c       0x30 CMakeFiles/blink.dir/home/user/pico-sdk/src/rp2_common/pico_printf/printf.c.obj
                0x000000001000336c                weak_raw_vprintf
 .text          0x000000001000339c       0x10 CMakeFiles/blink.dir/home/user/pico-sdk/src/rp2_common/pico_bit_ops/bit_ops_aeabi.S.obj
 .text.rom_func_lookup
                0x00000000100033ac       0x10 CMakeFiles/blink.dir/home/user/pico-sdk/src/rp2_common/pico_bootrom/bootrom.c.obj
                0x00000000100033ac                rom_func_lookup
 .text.rom_data_lookup
                0x00000000100033bc       0x10 CMakeFiles/blink.dir/home/user/pico-sdk/src/rp2_common/pico_bootrom/bootrom.c.obj
                0x00000000100033bc                rom_data_lookup
 .text.rom_funcs_lookup
                0x00000000100033cc       0x44 CMakeFiles/blink.dir/home/user/pico-sdk/src/rp2_common/pico_bootrom/bootrom.c.obj
                0x00000000100033cc                rom_funcs_lookup
 .text.__wrap___aeabi_idiv
                0x0000000010003410       0x50 CMakeFiles/blink.dir/home/user/pico-sdk/src/rp2_common/pico_divider/divider.S.obj
                0x0000000010003410                __wrap___aeabi_idivmod
                0x0000000010003410                divmod_s32s32
                0x0000000010003410                div_s32s32
                0x0000000010003410                __wrap___aeabi_idiv
                0x0000000010003418                divmod_s32s32_unsafe
                0x0000000010003444                divmod_s32s32_savestate
 .text.__wrap___aeabi_uidiv
                0x0000000010003460       0x4c CMakeFiles/blink.dir/home/user/pico-sdk/src/rp2_common/pico_divider/divider.S.obj
                0x0000000010003460                __wrap___aeabi_uidiv
                0x0000000010003460                __wrap___aeabi_uidivmod
                0x0000000010003460                div_u32u32
                0x0000000010003460                divmod_u32u32
                0x0000000010003468                divmod_u32u32_unsafe
                0x0000000010003490                divmod_u32u32_savestate
 .text.__wrap___aeabi_ldiv
                0x00000000100034ac      0x424 CMakeFiles/blink.dir/home/user/pico-sdk/src/rp2_common/pico_divider/divider.S.obj
                0x00000000100034ac                div_s64s64
                0x00000000100034ac                divmod_s64s64
                0x00000000100034ac                __wrap___aeabi_ldivmod
                0x00000000100034dc                div_u64u64
                0x00000000100034dc                divmod_u64u64
                0x00000000100034dc                __wrap___aeabi_uldivmod
                0x00000000100034ec                divmod_u64u64_savestate
                0x000000001000350c                divmod_s64s64_unsafe
                0x0000000010003594                divmod_u64u64_unsafe
 .text.__wrap___aeabi_darithmetic
                0x00000000100038d0       0x80 CMakeFiles/blink.dir/home/user/pico-sdk/src/rp2_common/pico_double/double_aeabi.S.obj
                0x00000000100038d0                __wrap___aeabi_drsub
                0x00000000100038d6                __wrap___aeabi_dsub
                0x00000000100038e8                __wrap___aeabi_dadd
                0x00000000100038fa                __wrap___aeabi_ddiv
                0x0000000010003936                __wrap___aeabi_dmul
 .text.__wrap___aeabi_cdcmple
                0x0000000010003950       0x6c CMakeFiles/blink.dir/home/user/pico-sdk/src/rp2_common/pico_double/double_aeabi.S.obj
                0x0000000010003950                __wrap___aeabi_cdrcmple
                0x0000000010003960                __wrap___aeabi_cdcmple
                0x0000000010003960                __wrap___aeabi_cdcmpeq
 .text.__wrap___aeabi_dcmplt
                0x00000000100039bc        0xc CMakeFiles/blink.dir/home/user/pico-sdk/src/rp2_common/pico_double/double_aeabi.S.obj
                0x00000000100039bc                __wrap___aeabi_dcmplt
 .text.__wrap___aeabi_dcmpge
                0x00000000100039c8       0x10 CMakeFiles/blink.dir/home/user/pico-sdk/src/rp2_common/pico_double/double_aeabi.S.obj
                0x00000000100039c8                __wrap___aeabi_dcmpge
 .text.__wrap___aeabi_dcmpgt
                0x00000000100039d8        0xa CMakeFiles/blink.dir/home/user/pico-sdk/src/rp2_common/pico_double/double_aeabi.S.obj
                0x00000000100039d8                __wrap___aeabi_dcmpgt
 .text.__wrap___aeabi_dcmpun
                0x00000000100039e2       0x1c CMakeFiles/blink.dir/home/user/pico-sdk/src/rp2_common/pico_double/double_aeabi.S.obj
                0x00000000100039e2                __wrap___aeabi_dcmpun
 *fill*         0x00000000100039fe        0x2 
 .text.__wrap___aeabi_i2d
                0x0000000010003a00       0x38 CMakeFiles/blink.dir/home/user/pico-sdk/src/rp2_common/pico_double/double_aeabi.S.obj
                0x0000000010003a00                __wrap___aeabi_ui2d
                0x0000000010003a08                __wrap___aeabi_i2d
 .text.__wrap___aeabi_d2iz
                0x0000000010003a38       0x48 CMakeFiles/blink.dir/home/user/pico-sdk/src/rp2_common/pico_double/double_aeabi.S.obj
                0x0000000010003a38                __wrap___aeabi_d2iz
                0x0000000010003a38                double2int_z
 .text.__wrap___aeabi_d2uiz
                0x0000000010003a80       0x18 CMakeFiles/blink.dir/home/user/pico-sdk/src/rp2_common/pico_double/double_aeabi.S.obj
                0x0000000010003a80                double2uint
                0x0000000010003a80                __wrap___aeabi_d2uiz
 .text.__aeabi_double_init
                0x0000000010003a98       0x98 CMakeFiles/blink.dir/home/user/pico-sdk/src/rp2_common/pico_double/double_init_rom.c.obj
                0x0000000010003a98                __aeabi_double_init
 .text.double_table_shim_on_use_helper
                0x0000000010003b30       0x2c CMakeFiles/blink.dir/home/user/pico-sdk/src/rp2_common/pico_double/double_v1_rom_shim.S.obj
                0x0000000010003b30                double_table_shim_on_use_helper
 .text.__wrap___aeabi_dsub
                0x0000000010003b5c       0x10 CMakeFiles/blink.dir/home/user/pico-sdk/src/rp2_common/pico_double/double_v1_rom_shim.S.obj
                0x0000000010003b5c                drsub_shim
                0x0000000010003b62                dsub_shim
 .text.dadd_shim
                0x0000000010003b6c      0x15c CMakeFiles/blink.dir/home/user/pico-sdk/src/rp2_common/pico_double/double_v1_rom_shim.S.obj
                0x0000000010003b6c                dadd_shim
 .text.dmul_shim
                0x0000000010003cc8      0x15c CMakeFiles/blink.dir/home/user/pico-sdk/src/rp2_common/pico_double/double_v1_rom_shim.S.obj
                0x0000000010003cc8                dmul_shim
 .text.ddiv_shim
                0x0000000010003e24      0x1b0 CMakeFiles/blink.dir/home/user/pico-sdk/src/rp2_common/pico_double/double_v1_rom_shim.S.obj
                0x0000000010003e24                ddiv_shim
 .text.double2uint_shim
                0x0000000010003fd4        0xe CMakeFiles/blink.dir/home/user/pico-sdk/src/rp2_common/pico_double/double_v1_rom_shim.S.obj
                0x0000000010003fd4                double2uint_shim
                0x0000000010003fd6                double2ufix_shim
 *fill*         0x0000000010003fe2        0x2 
 .text.double2uint64_shim
                0x0000000010003fe4       0x70 CMakeFiles/blink.dir/home/user/pico-sdk/src/rp2_common/pico_double/double_v1_rom_shim.S.obj
                0x0000000010003fe4                double2uint64_shim
                0x0000000010003fe6                double2ufix64_shim
                0x0000000010004006                d2fix_a
 .text.dunpacks
                0x0000000010004054       0x3c CMakeFiles/blink.dir/home/user/pico-sdk/src/rp2_common/pico_double/double_v1_rom_shim.S.obj
                0x0000000010004054                dunpacks
 .text.__aeabi_lmul
                0x0000000010004090       0x32 CMakeFiles/blink.dir/home/user/pico-sdk/src/rp2_common/pico_int64_ops/pico_int64_ops_aeabi.S.obj
                0x0000000010004090                __wrap___aeabi_lmul
 *fill*         0x00000000100040c2        0x2 
 .text.__aeabi_float_init
                0x00000000100040c4       0x64 CMakeFiles/blink.dir/home/user/pico-sdk/src/rp2_common/pico_float/float_init_rom.c.obj
                0x00000000100040c4                __aeabi_float_init
 .text.float_table_shim_on_use_helper
                0x0000000010004128       0x2c CMakeFiles/blink.dir/home/user/pico-sdk/src/rp2_common/pico_float/float_v1_rom_shim.S.obj
                0x0000000010004128                float_table_shim_on_use_helper
 .text          0x0000000010004154       0x10 CMakeFiles/blink.dir/home/user/pico-sdk/src/rp2_common/pico_mem_ops/mem_ops_aeabi.S.obj
                0x0000000010004154                __aeabi_mem_init
 .text.memset   0x0000000010004164        0xc CMakeFiles/blink.dir/home/user/pico-sdk/src/rp2_common/pico_mem_ops/mem_ops_aeabi.S.obj
                0x0000000010004164                __wrap_memset
 .text.memcpy   0x0000000010004170        0xc CMakeFiles/blink.dir/home/user/pico-sdk/src/rp2_common/pico_mem_ops/mem_ops_aeabi.S.obj
                0x0000000010004170                __wrap___aeabi_memcpy
                0x0000000010004170                __wrap_memcpy
 .text.stdio_out_chars_crlf
                0x000000001000417c       0xbc CMakeFiles/blink.dir/home/user/pico-sdk/src/rp2_common/pico_stdio/stdio.c.obj
 .text.stdio_buffered_printer
                0x0000000010004238       0x64 CMakeFiles/blink.dir/home/user/pico-sdk/src/rp2_common/pico_stdio/stdio.c.obj
 .text.__wrap_putchar
                0x000000001000429c       0x98 CMakeFiles/blink.dir/home/user/pico-sdk/src/rp2_common/pico_stdio/stdio.c.obj
                0x000000001000429c                __wrap_putchar
 .text.__wrap_puts
                0x0000000010004334       0xe0 CMakeFiles/blink.dir/home/user/pico-sdk/src/rp2_common/pico_stdio/stdio.c.obj
                0x0000000010004334                __wrap_puts
 .text.stdio_set_driver_enabled
                0x0000000010004414       0x30 CMakeFiles/blink.dir/home/user/pico-sdk/src/rp2_common/pico_stdio/stdio.c.obj
                0x0000000010004414                stdio_set_driver_enabled
 .text.__wrap_vprintf
                0x0000000010004444       0xd4 CMakeFiles/blink.dir/home/user/pico-sdk/src/rp2_common/pico_stdio/stdio.c.obj
                0x0000000010004444                __wrap_vprintf
 .text.__wrap_printf
                0x0000000010004518       0x18 CMakeFiles/blink.dir/home/user/pico-sdk/src/rp2_common/pico_stdio/stdio.c.obj
                0x0000000010004518                __wrap_printf
 .text.stdio_init_all
                0x0000000010004530        0x8 CMakeFiles/blink.dir/home/user/pico-sdk/src/rp2_common/pico_stdio/stdio.c.obj
                0x0000000010004530                stdio_init_all
 .text.resetd_init
                0x0000000010004538        0x4 CMakeFiles/blink.dir/home/user/pico-sdk/src/rp2_common/pico_stdio_usb/reset_interface.c.obj
 .text.resetd_reset
                0x000000001000453c        0xc CMakeFiles/blink.dir/home/user/pico-sdk/src/rp2_common/pico_stdio_usb/reset_interface.c.obj
 .text.resetd_open
                0x0000000010004548       0x28 CMakeFiles/blink.dir/home/user/pico-sdk/src/rp2_common/pico_stdio_usb/reset_interface.c.obj
 .text.resetd_xfer_cb
                0x0000000010004570        0x4 CMakeFiles/blink.dir/home/user/pico-sdk/src/rp2_common/pico_stdio_usb/reset_interface.c.obj
 .text.resetd_control_xfer_cb
                0x0000000010004574       0x60 CMakeFiles/blink.dir/home/user/pico-sdk/src/rp2_common/pico_stdio_usb/reset_interface.c.obj
 .text.usbd_app_driver_get_cb
                0x00000000100045d4        0xc CMakeFiles/blink.dir/home/user/pico-sdk/src/rp2_common/pico_stdio_usb/reset_interface.c.obj
                0x00000000100045d4                usbd_app_driver_get_cb
 .text.tud_cdc_line_coding_cb
                0x00000000100045e0       0x34 CMakeFiles/blink.dir/home/user/pico-sdk/src/rp2_common/pico_stdio_usb/reset_interface.c.obj
                0x00000000100045e0                tud_cdc_line_coding_cb
 .text.stdio_usb_set_chars_available_callback
                0x0000000010004614       0x14 CMakeFiles/blink.dir/home/user/pico-sdk/src/rp2_common/pico_stdio_usb/stdio_usb.c.obj
                0x0000000010004614                stdio_usb_set_chars_available_callback
 .text.usb_irq  0x0000000010004628       0x10 CMakeFiles/blink.dir/home/user/pico-sdk/src/rp2_common/pico_stdio_usb/stdio_usb.c.obj
 .text.timer_task
                0x0000000010004638       0x54 CMakeFiles/blink.dir/home/user/pico-sdk/src/rp2_common/pico_stdio_usb/stdio_usb.c.obj
 .text.stdio_usb_in_chars
                0x000000001000468c       0x90 CMakeFiles/blink.dir/home/user/pico-sdk/src/rp2_common/pico_stdio_usb/stdio_usb.c.obj
                0x000000001000468c                stdio_usb_in_chars
 .text.stdio_usb_out_chars
                0x000000001000471c      0x104 CMakeFiles/blink.dir/home/user/pico-sdk/src/rp2_common/pico_stdio_usb/stdio_usb.c.obj
 .text.low_priority_worker_irq
                0x0000000010004820       0xa8 CMakeFiles/blink.dir/home/user/pico-sdk/src/rp2_common/pico_stdio_usb/stdio_usb.c.obj
 .text.tud_cdc_rx_cb
                0x00000000100048c8       0x20 CMakeFiles/blink.dir/home/user/pico-sdk/src/rp2_common/pico_stdio_usb/stdio_usb.c.obj
                0x00000000100048c8                tud_cdc_rx_cb
 .text.stdio_usb_init
                0x00000000100048e8       0xe0 CMakeFiles/blink.dir/home/user/pico-sdk/src/rp2_common/pico_stdio_usb/stdio_usb.c.obj
                0x00000000100048e8                stdio_usb_init
 .text.tud_descriptor_device_cb
                0x00000000100049c8        0x8 CMakeFiles/blink.dir/home/user/pico-sdk/src/rp2_common/pico_stdio_usb/stdio_usb_descriptors.c.obj
                0x00000000100049c8                tud_descriptor_device_cb
 .text.tud_descriptor_configuration_cb
                0x00000000100049d0        0x8 CMakeFiles/blink.dir/home/user/pico-sdk/src/rp2_common/pico_stdio_usb/stdio_usb_descriptors.c.obj
                0x00000000100049d0                tud_descriptor_configuration_cb
 .text.tud_descriptor_string_cb
                0x00000000100049d8       0x78 CMakeFiles/blink.dir/home/user/pico-sdk/src/rp2_common/pico_stdio_usb/stdio_usb_descriptors.c.obj
                0x00000000100049d8                tud_descriptor_string_cb
 .text.startup._retrieve_unique_id_on_boot
                0x0000000010004a50       0x10 CMakeFiles/blink.dir/home/user/pico-sdk/src/rp2_common/pico_unique_id/unique_id.c.obj
 .text.pico_get_unique_board_id_string
                0x0000000010004a60      0x1a8 CMakeFiles/blink.dir/home/user/pico-sdk/src/rp2_common/pico_unique_id/unique_id.c.obj
                0x0000000010004a60                pico_get_unique_board_id_string
 .text.flash_get_unique_id
                0x0000000010004c08       0x40 CMakeFiles/blink.dir/home/user/pico-sdk/src/rp2_common/hardware_flash/flash.c.obj
                0x0000000010004c08                flash_get_unique_id
 .text.dcd_int_enable
                0x0000000010004c48        0xc CMakeFiles/blink.dir/home/user/pico-sdk/lib/tinyusb/src/portable/raspberrypi/rp2040/dcd_rp2040.c.obj
                0x0000000010004c48                dcd_int_enable
 .text.dcd_set_address
                0x0000000010004c54       0x14 CMakeFiles/blink.dir/home/user/pico-sdk/lib/tinyusb/src/portable/raspberrypi/rp2040/dcd_rp2040.c.obj
                0x0000000010004c54                dcd_set_address
 .text.dcd_connect
                0x0000000010004c68       0x10 CMakeFiles/blink.dir/home/user/pico-sdk/lib/tinyusb/src/portable/raspberrypi/rp2040/dcd_rp2040.c.obj
                0x0000000010004c68                dcd_connect
 .text.dcd_init
                0x0000000010004c78       0x98 CMakeFiles/blink.dir/home/user/pico-sdk/lib/tinyusb/src/portable/raspberrypi/rp2040/dcd_rp2040.c.obj
                0x0000000010004c78                dcd_init
 .text.dcd_edpt0_status_complete
                0x0000000010004d10       0x1c CMakeFiles/blink.dir/home/user/pico-sdk/lib/tinyusb/src/portable/raspberrypi/rp2040/dcd_rp2040.c.obj
                0x0000000010004d10                dcd_edpt0_status_complete
 .text.dcd_edpt_open
                0x0000000010004d2c      0x108 CMakeFiles/blink.dir/home/user/pico-sdk/lib/tinyusb/src/portable/raspberrypi/rp2040/dcd_rp2040.c.obj
                0x0000000010004d2c                dcd_edpt_open
 .text.dcd_edpt_close_all
                0x0000000010004e34        0x8 CMakeFiles/blink.dir/home/user/pico-sdk/lib/tinyusb/src/portable/raspberrypi/rp2040/dcd_rp2040.c.obj
                0x0000000010004e34                dcd_edpt_close_all
 .text.dcd_edpt_xfer
                0x0000000010004e3c       0x24 CMakeFiles/blink.dir/home/user/pico-sdk/lib/tinyusb/src/portable/raspberrypi/rp2040/dcd_rp2040.c.obj
                0x0000000010004e3c                dcd_edpt_xfer
 .text.dcd_edpt_stall
                0x0000000010004e60       0x38 CMakeFiles/blink.dir/home/user/pico-sdk/lib/tinyusb/src/portable/raspberrypi/rp2040/dcd_rp2040.c.obj
                0x0000000010004e60                dcd_edpt_stall
 .text.dcd_edpt_clear_stall
                0x0000000010004e98       0x30 CMakeFiles/blink.dir/home/user/pico-sdk/lib/tinyusb/src/portable/raspberrypi/rp2040/dcd_rp2040.c.obj
                0x0000000010004e98                dcd_edpt_clear_stall
 .text.rp2040_usb_init
                0x0000000010004ec8       0x4c CMakeFiles/blink.dir/home/user/pico-sdk/lib/tinyusb/src/portable/raspberrypi/rp2040/rp2040_usb.c.obj
                0x0000000010004ec8                rp2040_usb_init
 .text.hw_endpoint_xfer_start
                0x0000000010004f14       0x40 CMakeFiles/blink.dir/home/user/pico-sdk/lib/tinyusb/src/portable/raspberrypi/rp2040/rp2040_usb.c.obj
                0x0000000010004f14                hw_endpoint_xfer_start
 .text.tud_mounted
                0x0000000010004f54       0x10 CMakeFiles/blink.dir/home/user/pico-sdk/lib/tinyusb/src/device/usbd.c.obj
                0x0000000010004f54                tud_mounted
 .text.tud_suspended
                0x0000000010004f64       0x10 CMakeFiles/blink.dir/home/user/pico-sdk/lib/tinyusb/src/device/usbd.c.obj
                0x0000000010004f64                tud_suspended
 .text.tud_init
                0x0000000010004f74       0xd8 CMakeFiles/blink.dir/home/user/pico-sdk/lib/tinyusb/src/device/usbd.c.obj
                0x0000000010004f74                tud_init
 .text.tud_task_ext
                0x000000001000504c      0x8b4 CMakeFiles/blink.dir/home/user/pico-sdk/lib/tinyusb/src/device/usbd.c.obj
                0x000000001000504c                tud_task_ext
 .text.usbd_open_edpt_pair
                0x0000000010005900       0x9c CMakeFiles/blink.dir/home/user/pico-sdk/lib/tinyusb/src/device/usbd.c.obj
                0x0000000010005900                usbd_open_edpt_pair
 .text.usbd_defer_func
                0x000000001000599c       0x48 CMakeFiles/blink.dir/home/user/pico-sdk/lib/tinyusb/src/device/usbd.c.obj
                0x000000001000599c                usbd_defer_func
 .text.usbd_edpt_open
                0x00000000100059e4       0x34 CMakeFiles/blink.dir/home/user/pico-sdk/lib/tinyusb/src/device/usbd.c.obj
                0x00000000100059e4                usbd_edpt_open
 .text.usbd_edpt_claim
                0x0000000010005a18       0x28 CMakeFiles/blink.dir/home/user/pico-sdk/lib/tinyusb/src/device/usbd.c.obj
                0x0000000010005a18                usbd_edpt_claim
 .text.usbd_edpt_release
                0x0000000010005a40       0x28 CMakeFiles/blink.dir/home/user/pico-sdk/lib/tinyusb/src/device/usbd.c.obj
                0x0000000010005a40                usbd_edpt_release
 .text.usbd_edpt_xfer
                0x0000000010005a68       0x4c CMakeFiles/blink.dir/home/user/pico-sdk/lib/tinyusb/src/device/usbd.c.obj
                0x0000000010005a68                usbd_edpt_xfer
 .text.tud_control_status
                0x0000000010005ab4       0x2c CMakeFiles/blink.dir/home/user/pico-sdk/lib/tinyusb/src/device/usbd_control.c.obj
                0x0000000010005ab4                tud_control_status
 .text.tud_control_xfer
                0x0000000010005ae0       0xac CMakeFiles/blink.dir/home/user/pico-sdk/lib/tinyusb/src/device/usbd_control.c.obj
                0x0000000010005ae0                tud_control_xfer
 .text.usbd_control_reset
                0x0000000010005b8c       0x14 CMakeFiles/blink.dir/home/user/pico-sdk/lib/tinyusb/src/device/usbd_control.c.obj
                0x0000000010005b8c                usbd_control_reset
 .text.usbd_control_set_complete_callback
                0x0000000010005ba0        0xc CMakeFiles/blink.dir/home/user/pico-sdk/lib/tinyusb/src/device/usbd_control.c.obj
                0x0000000010005ba0                usbd_control_set_complete_callback
 .text.usbd_control_set_request
                0x0000000010005bac       0x1c CMakeFiles/blink.dir/home/user/pico-sdk/lib/tinyusb/src/device/usbd_control.c.obj
                0x0000000010005bac                usbd_control_set_request
 .text.usbd_control_xfer_cb
                0x0000000010005bc8       0xf4 CMakeFiles/blink.dir/home/user/pico-sdk/lib/tinyusb/src/device/usbd_control.c.obj
                0x0000000010005bc8                usbd_control_xfer_cb
 .text.tud_cdc_n_connected
                0x0000000010005cbc       0x30 CMakeFiles/blink.dir/home/user/pico-sdk/lib/tinyusb/src/class/cdc/cdc_device.c.obj
                0x0000000010005cbc                tud_cdc_n_connected
 .text.tud_cdc_n_available
                0x0000000010005cec       0x18 CMakeFiles/blink.dir/home/user/pico-sdk/lib/tinyusb/src/class/cdc/cdc_device.c.obj
                0x0000000010005cec                tud_cdc_n_available
 .text.tud_cdc_n_read
                0x0000000010005d04       0x88 CMakeFiles/blink.dir/home/user/pico-sdk/lib/tinyusb/src/class/cdc/cdc_device.c.obj
                0x0000000010005d04                tud_cdc_n_read
 .text.tud_cdc_n_write_flush
                0x0000000010005d8c       0x78 CMakeFiles/blink.dir/home/user/pico-sdk/lib/tinyusb/src/class/cdc/cdc_device.c.obj
                0x0000000010005d8c                tud_cdc_n_write_flush
 .text.tud_cdc_n_write
                0x0000000010005e04       0x40 CMakeFiles/blink.dir/home/user/pico-sdk/lib/tinyusb/src/class/cdc/cdc_device.c.obj
                0x0000000010005e04                tud_cdc_n_write
 .text.tud_cdc_n_write_available
                0x0000000010005e44       0x18 CMakeFiles/blink.dir/home/user/pico-sdk/lib/tinyusb/src/class/cdc/cdc_device.c.obj
                0x0000000010005e44                tud_cdc_n_write_available
 .text.cdcd_init
                0x0000000010005e5c       0x74 CMakeFiles/blink.dir/home/user/pico-sdk/lib/tinyusb/src/class/cdc/cdc_device.c.obj
                0x0000000010005e5c                cdcd_init
 .text.cdcd_reset
                0x0000000010005ed0       0x2c CMakeFiles/blink.dir/home/user/pico-sdk/lib/tinyusb/src/class/cdc/cdc_device.c.obj
                0x0000000010005ed0                cdcd_reset
 .text.cdcd_open
                0x0000000010005efc       0xe4 CMakeFiles/blink.dir/home/user/pico-sdk/lib/tinyusb/src/class/cdc/cdc_device.c.obj
                0x0000000010005efc                cdcd_open
 .text.cdcd_control_xfer_cb
                0x0000000010005fe0       0xe4 CMakeFiles/blink.dir/home/user/pico-sdk/lib/tinyusb/src/class/cdc/cdc_device.c.obj
                0x0000000010005fe0                cdcd_control_xfer_cb
 .text.cdcd_xfer_cb
                0x00000000100060c4      0x13c CMakeFiles/blink.dir/home/user/pico-sdk/lib/tinyusb/src/class/cdc/cdc_device.c.obj
                0x00000000100060c4                cdcd_xfer_cb
 .text.tusb_init
                0x0000000010006200        0xc CMakeFiles/blink.dir/home/user/pico-sdk/lib/tinyusb/src/tusb.c.obj
                0x0000000010006200                tusb_init
 .text.tu_edpt_claim
                0x000000001000620c       0x50 CMakeFiles/blink.dir/home/user/pico-sdk/lib/tinyusb/src/tusb.c.obj
                0x000000001000620c                tu_edpt_claim
 .text.tu_edpt_release
                0x000000001000625c       0x38 CMakeFiles/blink.dir/home/user/pico-sdk/lib/tinyusb/src/tusb.c.obj
                0x000000001000625c                tu_edpt_release
 .text.tu_edpt_validate
                0x0000000010006294       0x7c CMakeFiles/blink.dir/home/user/pico-sdk/lib/tinyusb/src/tusb.c.obj
                0x0000000010006294                tu_edpt_validate
 .text.tu_edpt_bind_driver
                0x0000000010006310       0x34 CMakeFiles/blink.dir/home/user/pico-sdk/lib/tinyusb/src/tusb.c.obj
                0x0000000010006310                tu_edpt_bind_driver
 .text.tu_fifo_config
                0x0000000010006344       0x6c CMakeFiles/blink.dir/home/user/pico-sdk/lib/tinyusb/src/common/tusb_fifo.c.obj
                0x0000000010006344                tu_fifo_config
 .text.tu_fifo_count
                0x00000000100063b0       0x2c CMakeFiles/blink.dir/home/user/pico-sdk/lib/tinyusb/src/common/tusb_fifo.c.obj
                0x00000000100063b0                tu_fifo_count
 .text.tu_fifo_empty
                0x00000000100063dc       0x10 CMakeFiles/blink.dir/home/user/pico-sdk/lib/tinyusb/src/common/tusb_fifo.c.obj
                0x00000000100063dc                tu_fifo_empty
 .text.tu_fifo_remaining
                0x00000000100063ec       0x2c CMakeFiles/blink.dir/home/user/pico-sdk/lib/tinyusb/src/common/tusb_fifo.c.obj
                0x00000000100063ec                tu_fifo_remaining
 .text.tu_fifo_read
                0x0000000010006418       0x9c CMakeFiles/blink.dir/home/user/pico-sdk/lib/tinyusb/src/common/tusb_fifo.c.obj
                0x0000000010006418                tu_fifo_read
 .text.tu_fifo_read_n
                0x00000000100064b4       0xe8 CMakeFiles/blink.dir/home/user/pico-sdk/lib/tinyusb/src/common/tusb_fifo.c.obj
                0x00000000100064b4                tu_fifo_read_n
 .text.tu_fifo_write
                0x000000001000659c       0x88 CMakeFiles/blink.dir/home/user/pico-sdk/lib/tinyusb/src/common/tusb_fifo.c.obj
                0x000000001000659c                tu_fifo_write
 .text.tu_fifo_write_n
                0x0000000010006624      0x170 CMakeFiles/blink.dir/home/user/pico-sdk/lib/tinyusb/src/common/tusb_fifo.c.obj
                0x0000000010006624                tu_fifo_write_n
 .text.tu_fifo_clear
                0x0000000010006794       0x40 CMakeFiles/blink.dir/home/user/pico-sdk/lib/tinyusb/src/common/tusb_fifo.c.obj
                0x0000000010006794                tu_fifo_clear
 .text.tu_fifo_set_overwritable
                0x00000000100067d4       0x48 CMakeFiles/blink.dir/home/user/pico-sdk/lib/tinyusb/src/common/tusb_fifo.c.obj
                0x00000000100067d4                tu_fifo_set_overwritable
 .text          0x000000001000681c     0x1564 libFreeRTOS.a(tasks.c.obj)
                0x0000000010006a08                xTaskCreate
                0x0000000010006c18                vTaskDelete
                0x0000000010006cac                uxTaskPriorityGet
                0x0000000010006ccc                uxTaskPriorityGetFromISR
                0x0000000010006cec                vTaskPrioritySet
                0x0000000010006db4                vTaskSuspend
                0x0000000010006ee4                vTaskResume
                0x0000000010006f64                xTaskResumeFromISR
                0x0000000010007010                vTaskStartScheduler
                0x0000000010007188                vTaskEndScheduler
                0x000000001000719c                vTaskSuspendAll
                0x00000000100071ac                xTaskResumeAll
                0x00000000100072e0                xTaskDelayUntil
                0x0000000010007368                vTaskDelay
                0x00000000100073c0                xTaskGetTickCount
                0x00000000100073cc                xTaskGetTickCountFromISR
                0x00000000100073d8                uxTaskGetNumberOfTasks
                0x00000000100073e4                pcTaskGetName
                0x00000000100073f8                xTaskCatchUpTicks
                0x000000001000741c                xTaskIncrementTick
                0x000000001000743c                vTaskSwitchContext
                0x00000000100074cc                vTaskPlaceOnEventList
                0x0000000010007548                vTaskPlaceOnUnorderedEventList
                0x00000000100075e8                vTaskPlaceOnEventListRestricted
                0x0000000010007688                xTaskRemoveFromEventList
                0x0000000010007758                vTaskRemoveFromUnorderedEventList
                0x00000000100077f0                vTaskSetTimeOutState
                0x0000000010007814                vTaskInternalSetTimeOutState
                0x000000001000782c                xTaskCheckForTimeOut
                0x0000000010007888                vTaskMissedYield
                0x0000000010007894                vTaskSetThreadLocalStoragePointer
                0x00000000100078b0                pvTaskGetThreadLocalStoragePointer
                0x00000000100078d0                xTaskGetCurrentTaskHandle
                0x00000000100078dc                xTaskGetSchedulerState
                0x00000000100078f4                uxTaskResetEventItemValue
                0x000000001000790c                ulTaskGenericNotifyTake
                0x0000000010007988                xTaskGenericNotifyWait
                0x0000000010007a24                xTaskGenericNotify
                0x0000000010007b08                xTaskGenericNotifyFromISR
                0x0000000010007c38                vTaskGenericNotifyGiveFromISR
                0x0000000010007d20                xTaskGenericNotifyStateClear
                0x0000000010007d50                ulTaskGenericNotifyValueClear
 .text          0x0000000010007d80      0x5a4 libFreeRTOS.a(timers.c.obj)
                0x00000000100080e4                xTimerCreateTimerTask
                0x000000001000815c                xTimerCreate
                0x0000000010008204                xTimerGenericCommandFromTask
                0x0000000010008248                xTimerGenericCommandFromISR
                0x0000000010008278                xTimerGetTimerDaemonTaskHandle
                0x0000000010008284                xTimerGetPeriod
                0x0000000010008288                vTimerSetReloadMode
                0x00000000100082ac                xTimerGetReloadMode
                0x00000000100082c4                uxTimerGetReloadMode
                0x00000000100082dc                xTimerGetExpiryTime
                0x00000000100082e0                pcTimerGetName
                0x00000000100082e4                xTimerIsTimerActive
                0x00000000100082fc                pvTimerGetTimerID
                0x0000000010008310                vTimerSetTimerID
 *fill*         0x0000000010008324        0xc 
 .text          0x0000000010008330      0x194 libFreeRTOS.a(port.c.obj)
                0x0000000010008374                pxPortInitialiseStack
                0x0000000010008394                isr_svcall
                0x0000000010008398                vPortEndScheduler
                0x000000001000839c                vPortYield
                0x00000000100083b4                vPortEnterCritical
                0x00000000100083cc                vPortExitCritical
                0x00000000100083e0                ulSetInterruptMaskFromISR
                0x00000000100083e8                vClearInterruptMaskFromISR
                0x00000000100083f0                isr_pendsv
                0x0000000010008434                isr_systick
                0x0000000010008458                vPortSetupTimerInterrupt
                0x0000000010008480                xPortStartScheduler
 .text          0x00000000100084c4      0x25c libFreeRTOS.a(heap_4.c.obj)
                0x00000000100084c4                pvPortMalloc
                0x00000000100085bc                vPortFree
                0x0000000010008638                xPortGetFreeHeapSize
                0x0000000010008644                xPortGetMinimumEverFreeHeapSize
                0x0000000010008650                vPortInitialiseBlocks
                0x0000000010008654                pvPortCalloc
                0x00000000100086a4                vPortGetHeapStats
 .text          0x0000000010008720       0x8c libFreeRTOS.a(list.c.obj)
                0x0000000010008720                vListInitialise
                0x0000000010008738                vListInitialiseItem
                0x0000000010008740                vListInsertEnd
                0x0000000010008758                vListInsert
                0x0000000010008788                uxListRemove
 .text          0x00000000100087ac     0x12c0 libFreeRTOS.a(queue.c.obj)
                0x00000000100087ac                xQueueGenericReset
                0x000000001000884c                xQueueGenericCreate
                0x00000000100088e8                xQueueGenericSend
                0x0000000010008c24                xQueueGenericSendFromISR
                0x0000000010008d3c                xQueueGiveFromISR
                0x0000000010008da8                xQueueReceive
                0x0000000010009064                xQueueSemaphoreTake
                0x00000000100092fc                xQueuePeek
                0x00000000100095b4                xQueueReceiveFromISR
                0x0000000010009644                xQueuePeekFromISR
                0x0000000010009684                uxQueueMessagesWaiting
                0x0000000010009698                uxQueueSpacesAvailable
                0x00000000100096b0                uxQueueMessagesWaitingFromISR
                0x00000000100096b4                vQueueDelete
                0x0000000010009734                uxQueueGetQueueItemSize
                0x0000000010009738                xQueueIsQueueEmptyFromISR
                0x0000000010009740                xQueueIsQueueFullFromISR
                0x000000001000974c                vQueueAddToRegistry
                0x00000000100098b0                pcQueueGetName
                0x0000000010009924                vQueueUnregisterQueue
                0x000000001000999c                vQueueWaitForMessageRestricted
 .text          0x0000000010009a6c       0x5c /usr/lib/gcc/arm-none-eabi/12.2.1/../../../arm-none-eabi/lib/thumb/v6-m/nofp/libc.a(lib_a-strlen-stub.o)
                0x0000000010009a6c                strlen
 *(.fini)
 .fini          0x0000000010009ac8        0x4 /usr/lib/gcc/arm-none-eabi/12.2.1/thumb/v6-m/nofp/crti.o
                0x0000000010009ac8                _fini
 *fill*         0x0000000010009acc        0x4 
 .fini.__stub   0x0000000010009ad0       0xc0 linker stubs
 *crtbegin.o(.ctors)
 *crtbegin?.o(.ctors)
 *(EXCLUDE_FILE(*crtend.o *crtend?.o) .ctors)
 *(SORT_BY_NAME(.ctors.*))
 *(.ctors)
 *crtbegin.o(.dtors)
 *crtbegin?.o(.dtors)
 *(EXCLUDE_FILE(*crtend.o *crtend?.o) .dtors)
 *(SORT_BY_NAME(.dtors.*))
 *(.dtors)
 *(.eh_frame*)
 .eh_frame      0x0000000010009b90        0x0 /usr/lib/gcc/arm-none-eabi/12.2.1/thumb/v6-m/nofp/crtbegin.o
                0x0000000010009b90                . = ALIGN (0x4)

.glue_7         0x0000000010009b90        0x0
 .glue_7        0x0000000010009b90        0x0 linker stubs

.glue_7t        0x0000000010009b90        0x0
 .glue_7t       0x0000000010009b90        0x0 linker stubs

.vfp11_veneer   0x0000000010009b90        0x0
 .vfp11_veneer  0x0000000010009b90        0x0 linker stubs

.v4_bx          0x0000000010009b90        0x0
 .v4_bx         0x0000000010009b90        0x0 linker stubs

.iplt           0x0000000010009b90        0x0
 .iplt          0x0000000010009b90        0x0 /usr/lib/gcc/arm-none-eabi/12.2.1/thumb/v6-m/nofp/crtbegin.o

.rodata         0x0000000010009b90      0x53c
 *(EXCLUDE_FILE(*libm.a: *libc.a:*lib_a-mem*.o *libgcc.a:) .rodata*)
 .rodata.GreenLEDTask.str1.4
                0x0000000010009b90        0x3 CMakeFiles/blink.dir/src/main.c.obj
 *fill*         0x0000000010009b93        0x1 
 .rodata.RedLEDTask.str1.4
                0x0000000010009b94       0x11 CMakeFiles/blink.dir/src/main.c.obj
 *fill*         0x0000000010009ba5        0x3 
 .rodata.main.str1.4
                0x0000000010009ba8       0x14 CMakeFiles/blink.dir/src/main.c.obj
 .rodata.spin_lock_claim_unused.str1.4
                0x0000000010009bbc       0x1b CMakeFiles/blink.dir/home/user/pico-sdk/src/rp2_common/hardware_sync/sync.c.obj
 *fill*         0x0000000010009bd7        0x1 
 .rodata.user_irq_claim_unused.str1.4
                0x0000000010009bd8       0x1b CMakeFiles/blink.dir/home/user/pico-sdk/src/rp2_common/hardware_irq/irq.c.obj
 *fill*         0x0000000010009bf3        0x1 
 .rodata.hardware_alarm_claim.str1.4
                0x0000000010009bf4       0x22 CMakeFiles/blink.dir/home/user/pico-sdk/src/rp2_common/hardware_timer/timer.c.obj
 *fill*         0x0000000010009c16        0x2 
 .rodata.panic.str1.4
                0x0000000010009c18       0x12 CMakeFiles/blink.dir/home/user/pico-sdk/src/rp2_common/pico_runtime/runtime.c.obj
 *fill*         0x0000000010009c2a        0x2 
 .rodata.hard_assertion_failure.str1.4
                0x0000000010009c2c        0xc CMakeFiles/blink.dir/home/user/pico-sdk/src/rp2_common/pico_runtime/runtime.c.obj
 .rodata._ftoa.str1.4
                0x0000000010009c38       0x15 CMakeFiles/blink.dir/home/user/pico-sdk/src/rp2_common/pico_printf/printf.c.obj
 *fill*         0x0000000010009c4d        0x3 
 .rodata._vsnprintf
                0x0000000010009c50      0x19c CMakeFiles/blink.dir/home/user/pico-sdk/src/rp2_common/pico_printf/printf.c.obj
 *fill*         0x0000000010009dec        0x4 
 .rodata.pow10.0
                0x0000000010009df0       0x50 CMakeFiles/blink.dir/home/user/pico-sdk/src/rp2_common/pico_printf/printf.c.obj
 .rodata.str1.4
                0x0000000010009e40       0x3c CMakeFiles/blink.dir/home/user/pico-sdk/src/rp2_common/pico_standard_link/binary_info.c.obj
 .rodata.__bi_81
                0x0000000010009e7c        0xc CMakeFiles/blink.dir/home/user/pico-sdk/src/rp2_common/pico_standard_link/binary_info.c.obj
 .rodata.__bi_75
                0x0000000010009e88        0xc CMakeFiles/blink.dir/home/user/pico-sdk/src/rp2_common/pico_standard_link/binary_info.c.obj
 .rodata.__bi_44
                0x0000000010009e94        0xc CMakeFiles/blink.dir/home/user/pico-sdk/src/rp2_common/pico_standard_link/binary_info.c.obj
 .rodata.crlf_str.0
                0x0000000010009ea0        0x2 CMakeFiles/blink.dir/home/user/pico-sdk/src/rp2_common/pico_stdio/stdio.c.obj
 *fill*         0x0000000010009ea2        0x2 
 .rodata._resetd_driver
                0x0000000010009ea4       0x18 CMakeFiles/blink.dir/home/user/pico-sdk/src/rp2_common/pico_stdio_usb/reset_interface.c.obj
 .rodata.str1.4
                0x0000000010009ebc       0x13 CMakeFiles/blink.dir/home/user/pico-sdk/src/rp2_common/pico_stdio_usb/stdio_usb.c.obj
 *fill*         0x0000000010009ecf        0x1 
 .rodata.__bi_182.0
                0x0000000010009ed0        0xc CMakeFiles/blink.dir/home/user/pico-sdk/src/rp2_common/pico_stdio_usb/stdio_usb.c.obj
 .rodata.str1.4
                0x0000000010009edc       0x2a CMakeFiles/blink.dir/home/user/pico-sdk/src/rp2_common/pico_stdio_usb/stdio_usb_descriptors.c.obj
 *fill*         0x0000000010009f06        0x2 
 .rodata.usbd_desc_str
                0x0000000010009f08       0x18 CMakeFiles/blink.dir/home/user/pico-sdk/src/rp2_common/pico_stdio_usb/stdio_usb_descriptors.c.obj
 .rodata.usbd_desc_cfg
                0x0000000010009f20       0x54 CMakeFiles/blink.dir/home/user/pico-sdk/src/rp2_common/pico_stdio_usb/stdio_usb_descriptors.c.obj
 .rodata.usbd_desc_device
                0x0000000010009f74       0x12 CMakeFiles/blink.dir/home/user/pico-sdk/src/rp2_common/pico_stdio_usb/stdio_usb_descriptors.c.obj
 *fill*         0x0000000010009f86        0x2 
 .rodata.str1.4
                0x0000000010009f88       0x14 CMakeFiles/blink.dir/home/user/pico-sdk/lib/tinyusb/src/portable/raspberrypi/rp2040/dcd_rp2040.c.obj
 .rodata.str1.4
                0x0000000010009f9c       0x53 CMakeFiles/blink.dir/home/user/pico-sdk/lib/tinyusb/src/portable/raspberrypi/rp2040/rp2040_usb.c.obj
 *fill*         0x0000000010009fef        0x1 
 .rodata.tud_task_ext
                0x0000000010009ff0       0x8c CMakeFiles/blink.dir/home/user/pico-sdk/lib/tinyusb/src/device/usbd.c.obj
 .rodata._usbd_driver
                0x000000001000a07c       0x18 CMakeFiles/blink.dir/home/user/pico-sdk/lib/tinyusb/src/device/usbd.c.obj
 .rodata        0x000000001000a094       0x28 libFreeRTOS.a(timers.c.obj)
 .rodata.str1.4
                0x000000001000a0bc       0x10 libFreeRTOS.a(timers.c.obj)
                0x000000001000a0cc                . = ALIGN (0x4)
 *(SORT_BY_ALIGNMENT(SORT_BY_NAME(.flashdata*)))
                0x000000001000a0cc                . = ALIGN (0x4)

.ARM.extab
 *(.ARM.extab* .gnu.linkonce.armextab.*)
                0x000000001000a0cc                __exidx_start = .

.ARM.exidx
 *(.ARM.exidx* .gnu.linkonce.armexidx.*)
                0x000000001000a0cc                __exidx_end = .
                0x000000001000a0cc                . = ALIGN (0x4)
                0x000000001000a0cc                __binary_info_start = .

.binary_info    0x000000001000a0cc       0x20
 *(.binary_info.keep.*)
 .binary_info.keep.__bi_ptr81
                0x000000001000a0cc        0x4 CMakeFiles/blink.dir/home/user/pico-sdk/src/rp2_common/pico_standard_link/binary_info.c.obj
 .binary_info.keep.__bi_ptr75
                0x000000001000a0d0        0x4 CMakeFiles/blink.dir/home/user/pico-sdk/src/rp2_common/pico_standard_link/binary_info.c.obj
 .binary_info.keep.__bi_ptr50
                0x000000001000a0d4        0x4 CMakeFiles/blink.dir/home/user/pico-sdk/src/rp2_common/pico_standard_link/binary_info.c.obj
 .binary_info.keep.__bi_ptr44
                0x000000001000a0d8        0x4 CMakeFiles/blink.dir/home/user/pico-sdk/src/rp2_common/pico_standard_link/binary_info.c.obj
 .binary_info.keep.__bi_ptr38
                0x000000001000a0dc        0x4 CMakeFiles/blink.dir/home/user/pico-sdk/src/rp2_common/pico_standard_link/binary_info.c.obj
 .binary_info.keep.__bi_ptr30
                0x000000001000a0e0        0x4 CMakeFiles/blink.dir/home/user/pico-sdk/src/rp2_common/pico_standard_link/binary_info.c.obj
 .binary_info.keep.__bi_ptr22
                0x000000001000a0e4        0x4 CMakeFiles/blink.dir/home/user/pico-sdk/src/rp2_common/pico_standard_link/binary_info.c.obj
 *(.binary_info.*)
 .binary_info.__bi_ptr182
                0x000000001000a0e8        0x4 CMakeFiles/blink.dir/home/user/pico-sdk/src/rp2_common/pico_stdio_usb/stdio_usb.c.obj
                0x000000001000a0ec                __binary_info_end = .

.rel.dyn        0x000000001000a0ec        0x0
 .rel.iplt      0x000000001000a0ec        0x0 /usr/lib/gcc/arm-none-eabi/12.2.1/thumb/v6-m/nofp/crtbegin.o
                0x000000001000a0ec                . = ALIGN (0x4)

.ram_vector_table
                0x0000000020000000       0xc0
 *(.ram_vector_table)
 .ram_vector_table
                0x0000000020000000       0xc0 CMakeFiles/blink.dir/home/user/pico-sdk/src/rp2_common/pico_runtime/runtime.c.obj
                0x0000000020000000                ram_vector_table

.data           0x00000000200000c0      0xe38 load address 0x000000001000a0ec
                0x00000000200000c0                __data_start__ = .
 *(vtable)
 *(.time_critical*)
 .time_critical.mutex_try_enter
                0x00000000200000c0       0x40 CMakeFiles/blink.dir/home/user/pico-sdk/src/common/pico_sync/mutex.c.obj
                0x00000000200000c0                mutex_try_enter
 .time_critical.mutex_try_enter_block_until
                0x0000000020000100       0x9c CMakeFiles/blink.dir/home/user/pico-sdk/src/common/pico_sync/mutex.c.obj
                0x0000000020000100                mutex_try_enter_block_until
 .time_critical.mutex_enter_timeout_ms
                0x000000002000019c       0x90 CMakeFiles/blink.dir/home/user/pico-sdk/src/common/pico_sync/mutex.c.obj
                0x000000002000019c                mutex_enter_timeout_ms
 .time_critical.mutex_exit
                0x000000002000022c       0x28 CMakeFiles/blink.dir/home/user/pico-sdk/src/common/pico_sync/mutex.c.obj
                0x000000002000022c                mutex_exit
 .time_critical.flash_init_boot2_copyout
                0x0000000020000254       0x30 CMakeFiles/blink.dir/home/user/pico-sdk/src/rp2_common/hardware_flash/flash.c.obj
 .time_critical.flash_enable_xip_via_boot2
                0x0000000020000284        0xc CMakeFiles/blink.dir/home/user/pico-sdk/src/rp2_common/hardware_flash/flash.c.obj
 .time_critical.flash_cs_force
                0x0000000020000290       0x38 CMakeFiles/blink.dir/home/user/pico-sdk/src/rp2_common/hardware_flash/flash.c.obj
 .time_critical.flash_do_cmd
                0x00000000200002c8       0xc0 CMakeFiles/blink.dir/home/user/pico-sdk/src/rp2_common/hardware_flash/flash.c.obj
                0x00000000200002c8                flash_do_cmd
 .time_critical.reset_non_control_endpoints
                0x0000000020000388       0x68 CMakeFiles/blink.dir/home/user/pico-sdk/lib/tinyusb/src/portable/raspberrypi/rp2040/dcd_rp2040.c.obj
 .time_critical.hw_handle_buff_status
                0x00000000200003f0       0xac CMakeFiles/blink.dir/home/user/pico-sdk/lib/tinyusb/src/portable/raspberrypi/rp2040/dcd_rp2040.c.obj
 .time_critical.dcd_rp2040_irq
                0x000000002000049c      0x514 CMakeFiles/blink.dir/home/user/pico-sdk/lib/tinyusb/src/portable/raspberrypi/rp2040/dcd_rp2040.c.obj
 .time_critical.e15_is_bulkin_ep
                0x00000000200009b0       0x28 CMakeFiles/blink.dir/home/user/pico-sdk/lib/tinyusb/src/portable/raspberrypi/rp2040/rp2040_usb.c.obj
 .time_critical.e15_is_critical_frame_period
                0x00000000200009d8       0x34 CMakeFiles/blink.dir/home/user/pico-sdk/lib/tinyusb/src/portable/raspberrypi/rp2040/rp2040_usb.c.obj
 .time_critical.prepare_ep_buffer
                0x0000000020000a0c       0x6c CMakeFiles/blink.dir/home/user/pico-sdk/lib/tinyusb/src/portable/raspberrypi/rp2040/rp2040_usb.c.obj
 .time_critical.sync_ep_buffer
                0x0000000020000a78       0x48 CMakeFiles/blink.dir/home/user/pico-sdk/lib/tinyusb/src/portable/raspberrypi/rp2040/rp2040_usb.c.obj
 .time_critical._hw_endpoint_xfer_sync
                0x0000000020000ac0       0x28 CMakeFiles/blink.dir/home/user/pico-sdk/lib/tinyusb/src/portable/raspberrypi/rp2040/rp2040_usb.c.obj
 .time_critical.hw_endpoint_reset_transfer
                0x0000000020000ae8        0xc CMakeFiles/blink.dir/home/user/pico-sdk/lib/tinyusb/src/portable/raspberrypi/rp2040/rp2040_usb.c.obj
                0x0000000020000ae8                hw_endpoint_reset_transfer
 .time_critical._hw_endpoint_buffer_control_update32
                0x0000000020000af4       0x58 CMakeFiles/blink.dir/home/user/pico-sdk/lib/tinyusb/src/portable/raspberrypi/rp2040/rp2040_usb.c.obj
                0x0000000020000af4                _hw_endpoint_buffer_control_update32
 .time_critical.hw_endpoint_start_next_buffer
                0x0000000020000b4c       0x6c CMakeFiles/blink.dir/home/user/pico-sdk/lib/tinyusb/src/portable/raspberrypi/rp2040/rp2040_usb.c.obj
                0x0000000020000b4c                hw_endpoint_start_next_buffer
 .time_critical.hw_endpoint_xfer_continue
                0x0000000020000bb8       0x50 CMakeFiles/blink.dir/home/user/pico-sdk/lib/tinyusb/src/portable/raspberrypi/rp2040/rp2040_usb.c.obj
                0x0000000020000bb8                hw_endpoint_xfer_continue
 .time_critical.tinyusb
                0x0000000020000c08      0x170 CMakeFiles/blink.dir/home/user/pico-sdk/lib/tinyusb/src/device/usbd.c.obj
                0x0000000020000c08                dcd_event_handler
 *(.text*)
 .text          0x0000000020000d78        0x4 /usr/lib/gcc/arm-none-eabi/12.2.1/thumb/v6-m/nofp/libgcc.a(_dvmd_tls.o)
                0x0000000020000d78                __aeabi_ldiv0
                0x0000000020000d78                __aeabi_idiv0
 *fill*         0x0000000020000d7c        0x4 
 .text.__stub   0x0000000020000d80       0x70 linker stubs
                0x0000000020000df0                . = ALIGN (0x4)
 *(.rodata*)
                0x0000000020000df0                . = ALIGN (0x4)
 *(.data*)
 .data.striped_spin_lock_num
                0x0000000020000df0        0x1 CMakeFiles/blink.dir/home/user/pico-sdk/src/rp2_common/hardware_sync/sync.c.obj
 *fill*         0x0000000020000df1        0x3 
 .data          0x0000000020000df4       0x48 CMakeFiles/blink.dir/home/user/pico-sdk/src/rp2_common/hardware_irq/irq_handler_chain.S.obj
                0x0000000020000df4                irq_handler_chain_slots
                0x0000000020000e24                irq_handler_chain_first_slot
                0x0000000020000e2e                irq_handler_chain_remove_tail
 .data.default_alarm_pool
                0x0000000020000e3c       0x18 CMakeFiles/blink.dir/home/user/pico-sdk/src/common/pico_time/time.c.obj
 .data.default_alarm_pool_heap
                0x0000000020000e54       0x10 CMakeFiles/blink.dir/home/user/pico-sdk/src/common/pico_time/time.c.obj
 *fill*         0x0000000020000e64        0xc 
 .data.aeabi_bits_funcs
                0x0000000020000e70       0x10 CMakeFiles/blink.dir/home/user/pico-sdk/src/rp2_common/pico_bit_ops/bit_ops_aeabi.S.obj
                0x0000000020000e70                aeabi_bits_funcs
                0x0000000020000e80                aeabi_bits_funcs_end
 .data.aeabi_mem_funcs
                0x0000000020000e80       0x10 CMakeFiles/blink.dir/home/user/pico-sdk/src/rp2_common/pico_mem_ops/mem_ops_aeabi.S.obj
                0x0000000020000e80                aeabi_mem_funcs
                0x0000000020000e90                aeabi_mem_funcs_end
 .data.stdio_usb
                0x0000000020000e90       0x18 CMakeFiles/blink.dir/home/user/pico-sdk/src/rp2_common/pico_stdio_usb/stdio_usb.c.obj
                0x0000000020000e90                stdio_usb
 .data.ep_dir_string
                0x0000000020000ea8        0x8 CMakeFiles/blink.dir/home/user/pico-sdk/lib/tinyusb/src/portable/raspberrypi/rp2040/rp2040_usb.c.obj
                0x0000000020000ea8                ep_dir_string
 .data._usbd_qdef
                0x0000000020000eb0       0x1c CMakeFiles/blink.dir/home/user/pico-sdk/lib/tinyusb/src/device/usbd.c.obj
                0x0000000020000eb0                _usbd_qdef
 .data._usbd_rhport
                0x0000000020000ecc        0x1 CMakeFiles/blink.dir/home/user/pico-sdk/lib/tinyusb/src/device/usbd.c.obj
 *fill*         0x0000000020000ecd        0x3 
 .data          0x0000000020000ed0        0x4 libFreeRTOS.a(tasks.c.obj)
                0x0000000020000ed0                uxTopUsedPriority
 .data          0x0000000020000ed4        0x4 libFreeRTOS.a(port.c.obj)
                0x0000000020000ed8                . = ALIGN (0x4)
 *(.after_data.*)
                0x0000000020000ed8                . = ALIGN (0x4)
                0x0000000020000ed8                PROVIDE (__mutex_array_start = .)
 *(SORT_BY_NAME(.mutex_array.*))
 *(.mutex_array)
 .mutex_array   0x0000000020000ed8        0x8 CMakeFiles/blink.dir/home/user/pico-sdk/src/rp2_common/pico_stdio/stdio.c.obj
                0x0000000020000ee0                PROVIDE (__mutex_array_end = .)
                0x0000000020000ee0                . = ALIGN (0x4)
                0x0000000020000ee0                PROVIDE (__preinit_array_start = .)
 *(SORT_BY_NAME(.preinit_array.*))
 .preinit_array.00001
                0x0000000020000ee0        0x4 CMakeFiles/blink.dir/home/user/pico-sdk/src/rp2_common/pico_mem_ops/mem_ops_aeabi.S.obj
 .preinit_array.00010
                0x0000000020000ee4        0x4 CMakeFiles/blink.dir/home/user/pico-sdk/src/rp2_common/pico_bit_ops/bit_ops_aeabi.S.obj
 .preinit_array.00020
                0x0000000020000ee8        0x4 CMakeFiles/blink.dir/home/user/pico-sdk/src/rp2_common/pico_double/double_aeabi.S.obj
 .preinit_array.00020
                0x0000000020000eec        0x4 CMakeFiles/blink.dir/home/user/pico-sdk/src/rp2_common/pico_float/float_aeabi.S.obj
 *(.preinit_array)
                0x0000000020000ef0                PROVIDE (__preinit_array_end = .)
                0x0000000020000ef0                . = ALIGN (0x4)
                0x0000000020000ef0                PROVIDE (__init_array_start = .)
 *(SORT_BY_NAME(.init_array.*))
 *(.init_array)
 .init_array    0x0000000020000ef0        0x4 /usr/lib/gcc/arm-none-eabi/12.2.1/thumb/v6-m/nofp/crtbegin.o
 .init_array    0x0000000020000ef4        0x4 CMakeFiles/blink.dir/home/user/pico-sdk/src/rp2_common/pico_unique_id/unique_id.c.obj
                0x0000000020000ef8                PROVIDE (__init_array_end = .)
                0x0000000020000ef8                . = ALIGN (0x4)
                0x0000000020000ef8                PROVIDE (__fini_array_start = .)
 *(SORT_BY_NAME(.fini_array.*))
 *(.fini_array)
                0x0000000020000ef8                PROVIDE (__fini_array_end = .)
 *(.jcr)
                0x0000000020000ef8                . = ALIGN (0x4)
                0x0000000020000ef8                __data_end__ = .
                0x000000001000a0ec                __etext = LOADADDR (.data)

.tm_clone_table
                0x0000000020000ef8        0x0 load address 0x000000001000af24
 .tm_clone_table
                0x0000000020000ef8        0x0 /usr/lib/gcc/arm-none-eabi/12.2.1/thumb/v6-m/nofp/crtbegin.o
 .tm_clone_table
                0x0000000020000ef8        0x0 /usr/lib/gcc/arm-none-eabi/12.2.1/thumb/v6-m/nofp/crtend.o

.igot.plt       0x0000000020000ef8        0x0 load address 0x000000001000af24
 .igot.plt      0x0000000020000ef8        0x0 /usr/lib/gcc/arm-none-eabi/12.2.1/thumb/v6-m/nofp/crtbegin.o

.uninitialized_data
                0x0000000020000ef8        0x0 load address 0x000000001000af24
                0x0000000020000ef8                . = ALIGN (0x4)
 *(.uninitialized_data*)

.scratch_x      0x0000000020040000        0x0 load address 0x000000001000af24
                0x0000000020040000                __scratch_x_start__ = .
 *(.scratch_x.*)
                0x0000000020040000                . = ALIGN (0x4)
                0x0000000020040000                __scratch_x_end__ = .
                0x000000001000af24                __scratch_x_source__ = LOADADDR (.scratch_x)

.scratch_y      0x0000000020041000        0x0 load address 0x000000001000af24
                0x0000000020041000                __scratch_y_start__ = .
 *(.scratch_y.*)
                0x0000000020041000                . = ALIGN (0x4)
                0x0000000020041000                __scratch_y_end__ = .
                0x000000001000af24                __scratch_y_source__ = LOADADDR (.scratch_y)

.bss            0x0000000020000ef8     0xd270
                0x0000000020000ef8                . = ALIGN (0x4)
                0x0000000020000ef8                __bss_start__ = .
 *(SORT_BY_ALIGNMENT(SORT_BY_NAME(.bss*)))
 .bss           0x0000000020000ef8       0x50 libFreeRTOS.a(queue.c.obj)
                0x0000000020000ef8                xQueueRegistry
 .bss.configured_freq
                0x0000000020000f48       0x28 CMakeFiles/blink.dir/home/user/pico-sdk/src/rp2_common/hardware_clocks/clocks.c.obj
 .bss.default_alarm_pool_entries
                0x0000000020000f70      0x100 CMakeFiles/blink.dir/home/user/pico-sdk/src/common/pico_time/time.c.obj
 .bss.last_avail_time.1
                0x0000000020001070        0x8 CMakeFiles/blink.dir/home/user/pico-sdk/src/rp2_common/pico_stdio_usb/stdio_usb.c.obj
 .bss.sd_table  0x0000000020001078      0x100 CMakeFiles/blink.dir/home/user/pico-sdk/src/rp2_common/pico_double/double_init_rom.c.obj
                0x0000000020001078                sd_table
 .bss.sf_table  0x0000000020001178      0x100 CMakeFiles/blink.dir/home/user/pico-sdk/src/rp2_common/pico_float/float_init_rom.c.obj
                0x0000000020001178                sf_table
 .bss           0x0000000020001278       0x1c /usr/lib/gcc/arm-none-eabi/12.2.1/thumb/v6-m/nofp/crtbegin.o
 .bss           0x0000000020001294       0xf0 libFreeRTOS.a(tasks.c.obj)
                0x0000000020001304                pxCurrentTCB
 .bss           0x0000000020001384       0x3c libFreeRTOS.a(timers.c.obj)
 .bss           0x00000000200013c0     0xc36c libFreeRTOS.a(heap_4.c.obj)
 .bss._app_driver
                0x000000002000d72c        0x4 CMakeFiles/blink.dir/home/user/pico-sdk/lib/tinyusb/src/device/usbd.c.obj
 .bss._cdcd_itf
                0x000000002000d730      0x2c8 CMakeFiles/blink.dir/home/user/pico-sdk/lib/tinyusb/src/class/cdc/cdc_device.c.obj
 .bss._ctrl_xfer
                0x000000002000d9f8       0x14 CMakeFiles/blink.dir/home/user/pico-sdk/lib/tinyusb/src/device/usbd_control.c.obj
 .bss._ubsd_mutexdef
                0x000000002000da0c        0x8 CMakeFiles/blink.dir/home/user/pico-sdk/lib/tinyusb/src/device/usbd.c.obj
 .bss._usbd_ctrl_buf
                0x000000002000da14       0x40 CMakeFiles/blink.dir/home/user/pico-sdk/lib/tinyusb/src/device/usbd_control.c.obj
 .bss._usbd_dev
                0x000000002000da54       0x53 CMakeFiles/blink.dir/home/user/pico-sdk/lib/tinyusb/src/device/usbd.c.obj
 *fill*         0x000000002000daa7        0x1 
 .bss._usbd_mutex
                0x000000002000daa8        0x4 CMakeFiles/blink.dir/home/user/pico-sdk/lib/tinyusb/src/device/usbd.c.obj
 .bss._usbd_q   0x000000002000daac        0x4 CMakeFiles/blink.dir/home/user/pico-sdk/lib/tinyusb/src/device/usbd.c.obj
 .bss._usbd_qdef_buf
                0x000000002000dab0       0xc0 CMakeFiles/blink.dir/home/user/pico-sdk/lib/tinyusb/src/device/usbd.c.obj
                0x000000002000dab0                _usbd_qdef_buf
 .bss.alarm_callbacks
                0x000000002000db70       0x10 CMakeFiles/blink.dir/home/user/pico-sdk/src/rp2_common/hardware_timer/timer.c.obj
 .bss.boot2_copyout
                0x000000002000db80      0x100 CMakeFiles/blink.dir/home/user/pico-sdk/src/rp2_common/hardware_flash/flash.c.obj
 .bss.chars_available_callback
                0x000000002000dc80        0x4 CMakeFiles/blink.dir/home/user/pico-sdk/src/rp2_common/pico_stdio_usb/stdio_usb.c.obj
 .bss.chars_available_param
                0x000000002000dc84        0x4 CMakeFiles/blink.dir/home/user/pico-sdk/src/rp2_common/pico_stdio_usb/stdio_usb.c.obj
 .bss.claimed   0x000000002000dc88        0x4 CMakeFiles/blink.dir/home/user/pico-sdk/src/rp2_common/hardware_sync/sync.c.obj
 .bss.default_alarm_pool_entry_ids_high
                0x000000002000dc8c       0x10 CMakeFiles/blink.dir/home/user/pico-sdk/src/common/pico_time/time.c.obj
 .bss.default_alarm_pool_heap_nodes
                0x000000002000dc9c       0x30 CMakeFiles/blink.dir/home/user/pico-sdk/src/common/pico_time/time.c.obj
 .bss.desc_str.0
                0x000000002000dccc       0x28 CMakeFiles/blink.dir/home/user/pico-sdk/src/rp2_common/pico_stdio_usb/stdio_usb_descriptors.c.obj
 .bss.drivers   0x000000002000dcf4        0x4 CMakeFiles/blink.dir/home/user/pico-sdk/src/rp2_common/pico_stdio/stdio.c.obj
 .bss.e15_last_sof
                0x000000002000dcf8        0x4 CMakeFiles/blink.dir/home/user/pico-sdk/lib/tinyusb/src/portable/raspberrypi/rp2040/rp2040_usb.c.obj
                0x000000002000dcf8                e15_last_sof
 .bss.filter    0x000000002000dcfc        0x4 CMakeFiles/blink.dir/home/user/pico-sdk/src/rp2_common/pico_stdio/stdio.c.obj
 .bss.hw_endpoints
                0x000000002000dd00      0x400 CMakeFiles/blink.dir/home/user/pico-sdk/lib/tinyusb/src/portable/raspberrypi/rp2040/dcd_rp2040.c.obj
 .bss.lazy_vsnprintf
                0x000000002000e100        0x4 CMakeFiles/blink.dir/home/user/pico-sdk/src/rp2_common/pico_printf/printf.c.obj
 .bss.load_value
                0x000000002000e104        0x4 CMakeFiles/blink.dir/home/user/pico-sdk/src/rp2_common/hardware_watchdog/watchdog.c.obj
 .bss.next_buffer_ptr
                0x000000002000e108        0x4 CMakeFiles/blink.dir/home/user/pico-sdk/lib/tinyusb/src/portable/raspberrypi/rp2040/dcd_rp2040.c.obj
 .bss.one_shot_timer_crit_sec
                0x000000002000e10c        0x8 CMakeFiles/blink.dir/home/user/pico-sdk/src/rp2_common/pico_stdio_usb/stdio_usb.c.obj
 .bss.pools     0x000000002000e114       0x10 CMakeFiles/blink.dir/home/user/pico-sdk/src/common/pico_time/time.c.obj
 .bss.retrieved_id
                0x000000002000e124        0x8 CMakeFiles/blink.dir/home/user/pico-sdk/src/rp2_common/pico_unique_id/unique_id.c.obj
 .bss.sf_clz_func
                0x000000002000e12c        0x4 CMakeFiles/blink.dir/home/user/pico-sdk/src/rp2_common/pico_double/double_init_rom.c.obj
                0x000000002000e12c                sf_clz_func
 .bss.sleep_notifier
                0x000000002000e130        0x4 CMakeFiles/blink.dir/home/user/pico-sdk/src/common/pico_time/time.c.obj
 .bss.stdio_usb_mutex
                0x000000002000e134        0x8 CMakeFiles/blink.dir/home/user/pico-sdk/src/rp2_common/pico_stdio_usb/stdio_usb.c.obj
 .bss.target_hi
                0x000000002000e13c       0x10 CMakeFiles/blink.dir/home/user/pico-sdk/src/rp2_common/hardware_timer/timer.c.obj
 .bss.usbd_serial_str
                0x000000002000e14c       0x11 CMakeFiles/blink.dir/home/user/pico-sdk/src/rp2_common/pico_stdio_usb/stdio_usb_descriptors.c.obj
 .bss._app_driver_count
                0x000000002000e15d        0x1 CMakeFiles/blink.dir/home/user/pico-sdk/lib/tinyusb/src/device/usbd.c.obj
 .bss._sof_enable
                0x000000002000e15e        0x1 CMakeFiles/blink.dir/home/user/pico-sdk/lib/tinyusb/src/portable/raspberrypi/rp2040/dcd_rp2040.c.obj
 .bss.boot2_copyout_valid
                0x000000002000e15f        0x1 CMakeFiles/blink.dir/home/user/pico-sdk/src/rp2_common/hardware_flash/flash.c.obj
 .bss.claimed   0x000000002000e160        0x1 CMakeFiles/blink.dir/home/user/pico-sdk/src/rp2_common/hardware_timer/timer.c.obj
 .bss.irq_hander_chain_free_slot_head
                0x000000002000e161        0x1 CMakeFiles/blink.dir/home/user/pico-sdk/src/rp2_common/hardware_irq/irq.c.obj
 .bss.itf_num   0x000000002000e162        0x1 CMakeFiles/blink.dir/home/user/pico-sdk/src/rp2_common/pico_stdio_usb/reset_interface.c.obj
 .bss.low_priority_irq_num
                0x000000002000e163        0x1 CMakeFiles/blink.dir/home/user/pico-sdk/src/rp2_common/pico_stdio_usb/stdio_usb.c.obj
 .bss.one_shot_timer_pending
                0x000000002000e164        0x1 CMakeFiles/blink.dir/home/user/pico-sdk/src/rp2_common/pico_stdio_usb/stdio_usb.c.obj
 .bss.timer_callbacks_pending
                0x000000002000e165        0x1 CMakeFiles/blink.dir/home/user/pico-sdk/src/rp2_common/hardware_timer/timer.c.obj
 .bss.user_irq_claimed
                0x000000002000e166        0x1 CMakeFiles/blink.dir/home/user/pico-sdk/src/rp2_common/hardware_irq/irq.c.obj
 *(COMMON)
                0x000000002000e168                . = ALIGN (0x4)
 *fill*         0x000000002000e167        0x1 
                0x000000002000e168                __bss_end__ = .

.heap           0x000000002000e168      0x800
                0x000000002000e168                __end__ = .
                0x000000002000e168                end = __end__
 *(.heap*)
 .heap          0x000000002000e168      0x800 CMakeFiles/blink.dir/home/user/pico-sdk/src/rp2_common/pico_standard_link/crt0.S.obj
                0x000000002000e968                __HeapLimit = .

.stack1_dummy
 *(.stack1*)

.stack_dummy    0x0000000020041000      0x800
 *(.stack*)
 .stack         0x0000000020041000      0x800 CMakeFiles/blink.dir/home/user/pico-sdk/src/rp2_common/pico_standard_link/crt0.S.obj

.flash_end      0x000000001000af24        0x0
                0x000000001000af24                PROVIDE (__flash_binary_end = .)
                0x0000000020040000                __StackLimit = (ORIGIN (RAM) + LENGTH (RAM))
                0x0000000020041000                __StackOneTop = (ORIGIN (SCRATCH_X) + LENGTH (SCRATCH_X))
                0x0000000020042000                __StackTop = (ORIGIN (SCRATCH_Y) + LENGTH (SCRATCH_Y))
                0x0000000020041000                __StackOneBottom = (__StackOneTop - SIZEOF (.stack1_dummy))
                0x0000000020041800                __StackBottom = (__StackTop - SIZEOF (.stack_dummy))
                0x0000000020042000                PROVIDE (__stack = __StackTop)
                0x0000000000000001                ASSERT ((__StackLimit >= __HeapLimit), region RAM overflowed)
                0x0000000000000001                ASSERT (((__binary_info_header_end - __logical_binary_start) <= 0x100), Binary info must be in first 256 bytes of the binary)
LOAD CMakeFiles/blink.dir/src/main.c.obj
LOAD CMakeFiles/blink.dir/home/user/pico-sdk/src/rp2_common/pico_stdlib/stdlib.c.obj
LOAD CMakeFiles/blink.dir/home/user/pico-sdk/src/rp2_common/hardware_gpio/gpio.c.obj
LOAD CMakeFiles/blink.dir/home/user/pico-sdk/src/rp2_common/pico_platform/platform.c.obj
LOAD CMakeFiles/blink.dir/home/user/pico-sdk/src/rp2_common/hardware_claim/claim.c.obj
LOAD CMakeFiles/blink.dir/home/user/pico-sdk/src/rp2_common/hardware_sync/sync.c.obj
LOAD CMakeFiles/blink.dir/home/user/pico-sdk/src/rp2_common/hardware_irq/irq.c.obj
LOAD CMakeFiles/blink.dir/home/user/pico-sdk/src/rp2_common/hardware_irq/irq_handler_chain.S.obj
LOAD CMakeFiles/blink.dir/home/user/pico-sdk/src/common/pico_sync/sem.c.obj
LOAD CMakeFiles/blink.dir/home/user/pico-sdk/src/common/pico_sync/lock_core.c.obj
LOAD CMakeFiles/blink.dir/home/user/pico-sdk/src/common/pico_sync/mutex.c.obj
LOAD CMakeFiles/blink.dir/home/user/pico-sdk/src/common/pico_sync/critical_section.c.obj
LOAD CMakeFiles/blink.dir/home/user/pico-sdk/src/common/pico_time/time.c.obj
LOAD CMakeFiles/blink.dir/home/user/pico-sdk/src/common/pico_time/timeout_helper.c.obj
LOAD CMakeFiles/blink.dir/home/user/pico-sdk/src/rp2_common/hardware_timer/timer.c.obj
LOAD CMakeFiles/blink.dir/home/user/pico-sdk/src/common/pico_util/datetime.c.obj
LOAD CMakeFiles/blink.dir/home/user/pico-sdk/src/common/pico_util/pheap.c.obj
LOAD CMakeFiles/blink.dir/home/user/pico-sdk/src/common/pico_util/queue.c.obj
LOAD CMakeFiles/blink.dir/home/user/pico-sdk/src/rp2_common/hardware_uart/uart.c.obj
LOAD CMakeFiles/blink.dir/home/user/pico-sdk/src/rp2_common/hardware_clocks/clocks.c.obj
LOAD CMakeFiles/blink.dir/home/user/pico-sdk/src/rp2_common/hardware_pll/pll.c.obj
LOAD CMakeFiles/blink.dir/home/user/pico-sdk/src/rp2_common/hardware_vreg/vreg.c.obj
LOAD CMakeFiles/blink.dir/home/user/pico-sdk/src/rp2_common/hardware_watchdog/watchdog.c.obj
LOAD CMakeFiles/blink.dir/home/user/pico-sdk/src/rp2_common/hardware_xosc/xosc.c.obj
LOAD CMakeFiles/blink.dir/home/user/pico-sdk/src/rp2_common/hardware_divider/divider.S.obj
LOAD CMakeFiles/blink.dir/home/user/pico-sdk/src/rp2_common/pico_runtime/runtime.c.obj
LOAD CMakeFiles/blink.dir/home/user/pico-sdk/src/rp2_common/pico_printf/printf.c.obj
LOAD CMakeFiles/blink.dir/home/user/pico-sdk/src/rp2_common/pico_bit_ops/bit_ops_aeabi.S.obj
LOAD CMakeFiles/blink.dir/home/user/pico-sdk/src/rp2_common/pico_bootrom/bootrom.c.obj
LOAD CMakeFiles/blink.dir/home/user/pico-sdk/src/rp2_common/pico_divider/divider.S.obj
LOAD CMakeFiles/blink.dir/home/user/pico-sdk/src/rp2_common/pico_double/double_aeabi.S.obj
LOAD CMakeFiles/blink.dir/home/user/pico-sdk/src/rp2_common/pico_double/double_init_rom.c.obj
LOAD CMakeFiles/blink.dir/home/user/pico-sdk/src/rp2_common/pico_double/double_math.c.obj
LOAD CMakeFiles/blink.dir/home/user/pico-sdk/src/rp2_common/pico_double/double_v1_rom_shim.S.obj
LOAD CMakeFiles/blink.dir/home/user/pico-sdk/src/rp2_common/pico_int64_ops/pico_int64_ops_aeabi.S.obj
LOAD CMakeFiles/blink.dir/home/user/pico-sdk/src/rp2_common/pico_float/float_aeabi.S.obj
LOAD CMakeFiles/blink.dir/home/user/pico-sdk/src/rp2_common/pico_float/float_init_rom.c.obj
LOAD CMakeFiles/blink.dir/home/user/pico-sdk/src/rp2_common/pico_float/float_math.c.obj
LOAD CMakeFiles/blink.dir/home/user/pico-sdk/src/rp2_common/pico_float/float_v1_rom_shim.S.obj
LOAD CMakeFiles/blink.dir/home/user/pico-sdk/src/rp2_common/pico_malloc/pico_malloc.c.obj
LOAD CMakeFiles/blink.dir/home/user/pico-sdk/src/rp2_common/pico_mem_ops/mem_ops_aeabi.S.obj
LOAD CMakeFiles/blink.dir/home/user/pico-sdk/src/rp2_common/pico_standard_link/crt0.S.obj
LOAD CMakeFiles/blink.dir/home/user/pico-sdk/src/rp2_common/pico_standard_link/new_delete.cpp.obj
LOAD CMakeFiles/blink.dir/home/user/pico-sdk/src/rp2_common/pico_standard_link/binary_info.c.obj
LOAD CMakeFiles/blink.dir/home/user/pico-sdk/src/rp2_common/pico_stdio/stdio.c.obj
LOAD CMakeFiles/blink.dir/home/user/pico-sdk/src/rp2_common/pico_stdio_usb/reset_interface.c.obj
LOAD CMakeFiles/blink.dir/home/user/pico-sdk/src/rp2_common/pico_stdio_usb/stdio_usb.c.obj
LOAD CMakeFiles/blink.dir/home/user/pico-sdk/src/rp2_common/pico_stdio_usb/stdio_usb_descriptors.c.obj
LOAD CMakeFiles/blink.dir/home/user/pico-sdk/src/rp2_common/pico_unique_id/unique_id.c.obj
LOAD CMakeFiles/blink.dir/home/user/pico-sdk/src/rp2_common/hardware_flash/flash.c.obj
LOAD CMakeFiles/blink.dir/home/user/pico-sdk/lib/tinyusb/src/portable/raspberrypi/rp2040/dcd_rp2040.c.obj
LOAD CMakeFiles/blink.dir/home/user/pico-sdk/lib/tinyusb/src/portable/raspberrypi/rp2040/rp2040_usb.c.obj
LOAD CMakeFiles/blink.dir/home/user/pico-sdk/lib/tinyusb/src/device/usbd.c.obj
LOAD CMakeFiles/blink.dir/home/user/pico-sdk/lib/tinyusb/src/device/usbd_control.c.obj
LOAD CMakeFiles/blink.dir/home/user/pico-sdk/lib/tinyusb/src/class/audio/audio_device.c.obj
LOAD CMakeFiles/blink.dir/home/user/pico-sdk/lib/tinyusb/src/class/cdc/cdc_device.c.obj
LOAD CMakeFiles/blink.dir/home/user/pico-sdk/lib/tinyusb/src/class/dfu/dfu_device.c.obj
LOAD CMakeFiles/blink.dir/home/user/pico-sdk/lib/tinyusb/src/class/dfu/dfu_rt_device.c.obj
LOAD CMakeFiles/blink.dir/home/user/pico-sdk/lib/tinyusb/src/class/hid/hid_device.c.obj
LOAD CMakeFiles/blink.dir/home/user/pico-sdk/lib/tinyusb/src/class/midi/midi_device.c.obj
LOAD CMakeFiles/blink.dir/home/user/pico-sdk/lib/tinyusb/src/class/msc/msc_device.c.obj
LOAD CMakeFiles/blink.dir/home/user/pico-sdk/lib/tinyusb/src/class/net/ecm_rndis_device.c.obj
LOAD CMakeFiles/blink.dir/home/user/pico-sdk/lib/tinyusb/src/class/net/ncm_device.c.obj
LOAD CMakeFiles/blink.dir/home/user/pico-sdk/lib/tinyusb/src/class/usbtmc/usbtmc_device.c.obj
LOAD CMakeFiles/blink.dir/home/user/pico-sdk/lib/tinyusb/src/class/vendor/vendor_device.c.obj
LOAD CMakeFiles/blink.dir/home/user/pico-sdk/lib/tinyusb/src/class/video/video_device.c.obj
LOAD CMakeFiles/blink.dir/home/user/pico-sdk/lib/tinyusb/src/tusb.c.obj
LOAD CMakeFiles/blink.dir/home/user/pico-sdk/lib/tinyusb/src/common/tusb_fifo.c.obj
LOAD CMakeFiles/blink.dir/home/user/pico-sdk/src/rp2_common/pico_fix/rp2040_usb_device_enumeration/rp2040_usb_device_enumeration.c.obj
LOAD libFreeRTOS.a
LOAD /tmp/ccNaHXww.o
LOAD /usr/lib/gcc/arm-none-eabi/12.2.1/../../../arm-none-eabi/lib/thumb/v6-m/nofp/libstdc++.a
LOAD /usr/lib/gcc/arm-none-eabi/12.2.1/../../../arm-none-eabi/lib/thumb/v6-m/nofp/libm.a
START GROUP
LOAD /usr/lib/gcc/arm-none-eabi/12.2.1/thumb/v6-m/nofp/libgcc.a
LOAD /usr/lib/gcc/arm-none-eabi/12.2.1/../../../arm-none-eabi/lib/thumb/v6-m/nofp/libc.a
END GROUP
START GROUP
LOAD /usr/lib/gcc/arm-none-eabi/12.2.1/thumb/v6-m/nofp/libgcc.a
LOAD /usr/lib/gcc/arm-none-eabi/12.2.1/../../../arm-none-eabi/lib/thumb/v6-m/nofp/libc.a
LOAD /usr/lib/gcc/arm-none-eabi/12.2.1/../../../arm-none-eabi/lib/thumb/v6-m/nofp/libnosys.a
END GROUP
LOAD /usr/lib/gcc/arm-none-eabi/12.2.1/thumb/v6-m/nofp/crtend.o
LOAD /usr/lib/gcc/arm-none-eabi/12.2.1/thumb/v6-m/nofp/crtn.o
OUTPUT(blink.elf elf32-littlearm)
LOAD linker stubs

.ARM.attributes
                0x0000000000000000       0x28
 .ARM.attributes
                0x0000000000000000       0x1e /usr/lib/gcc/arm-none-eabi/12.2.1/thumb/v6-m/nofp/crti.o
 .ARM.attributes
                0x000000000000001e       0x2c /usr/lib/gcc/arm-none-eabi/12.2.1/thumb/v6-m/nofp/crtbegin.o
 .ARM.attributes
                0x000000000000004a       0x2c CMakeFiles/blink.dir/src/main.c.obj
 .ARM.attributes
                0x0000000000000076       0x2c CMakeFiles/blink.dir/home/user/pico-sdk/src/rp2_common/hardware_gpio/gpio.c.obj
 .ARM.attributes
                0x00000000000000a2       0x2c CMakeFiles/blink.dir/home/user/pico-sdk/src/rp2_common/pico_platform/platform.c.obj
 .ARM.attributes
                0x00000000000000ce       0x2c CMakeFiles/blink.dir/home/user/pico-sdk/src/rp2_common/hardware_claim/claim.c.obj
 .ARM.attributes
                0x00000000000000fa       0x2c CMakeFiles/blink.dir/home/user/pico-sdk/src/rp2_common/hardware_sync/sync.c.obj
 .ARM.attributes
                0x0000000000000126       0x2c CMakeFiles/blink.dir/home/user/pico-sdk/src/rp2_common/hardware_irq/irq.c.obj
 .ARM.attributes
                0x0000000000000152       0x22 CMakeFiles/blink.dir/home/user/pico-sdk/src/rp2_common/hardware_irq/irq_handler_chain.S.obj
 .ARM.attributes
                0x0000000000000174       0x2c CMakeFiles/blink.dir/home/user/pico-sdk/src/common/pico_sync/lock_core.c.obj
 .ARM.attributes
                0x00000000000001a0       0x2c CMakeFiles/blink.dir/home/user/pico-sdk/src/common/pico_sync/mutex.c.obj
 .ARM.attributes
                0x00000000000001cc       0x2c CMakeFiles/blink.dir/home/user/pico-sdk/src/common/pico_sync/critical_section.c.obj
 .ARM.attributes
                0x00000000000001f8       0x2c CMakeFiles/blink.dir/home/user/pico-sdk/src/common/pico_time/time.c.obj
 .ARM.attributes
                0x0000000000000224       0x2c CMakeFiles/blink.dir/home/user/pico-sdk/src/rp2_common/hardware_timer/timer.c.obj
 .ARM.attributes
                0x0000000000000250       0x2c CMakeFiles/blink.dir/home/user/pico-sdk/src/common/pico_util/pheap.c.obj
 .ARM.attributes
                0x000000000000027c       0x2c CMakeFiles/blink.dir/home/user/pico-sdk/src/rp2_common/hardware_clocks/clocks.c.obj
 .ARM.attributes
                0x00000000000002a8       0x2c CMakeFiles/blink.dir/home/user/pico-sdk/src/rp2_common/hardware_pll/pll.c.obj
 .ARM.attributes
                0x00000000000002d4       0x2c CMakeFiles/blink.dir/home/user/pico-sdk/src/rp2_common/hardware_watchdog/watchdog.c.obj
 .ARM.attributes
                0x0000000000000300       0x2c CMakeFiles/blink.dir/home/user/pico-sdk/src/rp2_common/hardware_xosc/xosc.c.obj
 .ARM.attributes
                0x000000000000032c       0x2c CMakeFiles/blink.dir/home/user/pico-sdk/src/rp2_common/pico_runtime/runtime.c.obj
 .ARM.attributes
                0x0000000000000358       0x2c CMakeFiles/blink.dir/home/user/pico-sdk/src/rp2_common/pico_printf/printf.c.obj
 .ARM.attributes
                0x0000000000000384       0x22 CMakeFiles/blink.dir/home/user/pico-sdk/src/rp2_common/pico_bit_ops/bit_ops_aeabi.S.obj
 .ARM.attributes
                0x00000000000003a6       0x2c CMakeFiles/blink.dir/home/user/pico-sdk/src/rp2_common/pico_bootrom/bootrom.c.obj
 .ARM.attributes
                0x00000000000003d2       0x22 CMakeFiles/blink.dir/home/user/pico-sdk/src/rp2_common/pico_divider/divider.S.obj
 .ARM.attributes
                0x00000000000003f4       0x22 CMakeFiles/blink.dir/home/user/pico-sdk/src/rp2_common/pico_double/double_aeabi.S.obj
 .ARM.attributes
                0x0000000000000416       0x2c CMakeFiles/blink.dir/home/user/pico-sdk/src/rp2_common/pico_double/double_init_rom.c.obj
 .ARM.attributes
                0x0000000000000442       0x22 CMakeFiles/blink.dir/home/user/pico-sdk/src/rp2_common/pico_double/double_v1_rom_shim.S.obj
 .ARM.attributes
                0x0000000000000464       0x22 CMakeFiles/blink.dir/home/user/pico-sdk/src/rp2_common/pico_int64_ops/pico_int64_ops_aeabi.S.obj
 .ARM.attributes
                0x0000000000000486       0x22 CMakeFiles/blink.dir/home/user/pico-sdk/src/rp2_common/pico_float/float_aeabi.S.obj
 .ARM.attributes
                0x00000000000004a8       0x2c CMakeFiles/blink.dir/home/user/pico-sdk/src/rp2_common/pico_float/float_init_rom.c.obj
 .ARM.attributes
                0x00000000000004d4       0x22 CMakeFiles/blink.dir/home/user/pico-sdk/src/rp2_common/pico_float/float_v1_rom_shim.S.obj
 .ARM.attributes
                0x00000000000004f6       0x22 CMakeFiles/blink.dir/home/user/pico-sdk/src/rp2_common/pico_mem_ops/mem_ops_aeabi.S.obj
 .ARM.attributes
                0x0000000000000518       0x22 CMakeFiles/blink.dir/home/user/pico-sdk/src/rp2_common/pico_standard_link/crt0.S.obj
 .ARM.attributes